C51 COMPILER V9.54   UART_INTERRUPT                                                        02/26/2021 13:57:15 PAGE 1   


C51 COMPILER V9.54, COMPILATION OF MODULE UART_INTERRUPT
OBJECT MODULE PLACED IN .\Objects\UART interrupt.obj
COMPILER INVOKED BY: H:\Keil_v5\C51\BIN\C51.EXE UART\UART interrupt.c COMPACT RTX51 OPTIMIZE(8,SPEED) BROWSE INCDIR(.\H;
                    -.\mcu_sdk;.\UART;.\0.96OLED;.\SHT30) DEBUG OBJECTEXTEND PRINT(.\Listings\UART interrupt.lst) TABS(2) OBJECT(.\Objects\UA
                    -RT interrupt.obj)

line level    source

   1          
   2          #include  "STC15Fxxxx.H"
   3          #include  "UART1-2.H"
   4          #include  "wifi.h"
   5          
   6          
   7          
   8          extern u8 TX1_Cnt;  //发送计数
   9          extern u8 RX1_Cnt;  //接收计数
  10          extern u8 TX2_Cnt;  //发送计数
  11          extern u8 RX2_Cnt;  //接收计数
  12          extern bit  B_TX1_Busy; //发送忙标志
  13          extern bit  B_TX2_Busy; //发送忙标志
  14          extern u8   idata RX1_Buffer[UART1_BUF_LENGTH]; //接收缓冲
  15          extern u8   idata RX2_Buffer[UART2_BUF_LENGTH]; //接收缓冲
  16          //========================================================================
  17          // 函数: void UART1_int (void) interrupt UART1_VECTOR
  18          // 描述: UART1中断函数。
  19          // 参数: nine.
  20          // 返回: none.
  21          // 版本: VER1.0
  22          // 日期: 2014-11-28
  23          // 备注: 
  24          //========================================================================
  25          void UART1_int (void) interrupt UART1_VECTOR
  26          {
  27   1      //  if(RI)
  28   1      //  {
  29   1      //    RI = 0;
  30   1      //    RX1_Buffer[RX1_Cnt] = SBUF;
  31   1      //    
  32   1      //    
  33   1      
  34   1      //    if((TX1_Cnt != RX1_Cnt) && (!B_TX1_Busy)) //收到数据, 发送空闲
  35   1      //    {
  36   1      //      SBUF = RX1_Buffer[TX1_Cnt];
  37   1      //      B_TX1_Busy = 1;
  38   1      //      if(++TX1_Cnt >= UART1_BUF_LENGTH) TX1_Cnt = 0;  
  39   1      
  40   1      //    }
  41   1      //    if(++RX1_Cnt >= UART1_BUF_LENGTH) RX1_Cnt = 0;
  42   1      //  }
  43   1      
  44   1      //  if(TI)
  45   1      //  {
  46   1      //    TI = 0;
  47   1      //    B_TX1_Busy = 0;
  48   1      //  }
  49   1      }
  50          
  51          //========================================================================
  52          // 函数: void UART2_int (void) interrupt UART2_VECTOR
  53          // 描述: UART2中断函数。
C51 COMPILER V9.54   UART_INTERRUPT                                                        02/26/2021 13:57:15 PAGE 2   

  54          // 参数: nine.
  55          // 返回: none.
  56          // 版本: VER1.0
  57          // 日期: 2014-11-28
  58          // 备注: 
  59          //========================================================================
  60          void UART2_int (void) interrupt UART2_VECTOR
  61          {
  62   1        
  63   1        
  64   1        if((S2CON & 1) != 0)
  65   1        {
  66   2          S2CON &= ~1;  //Clear Rx flag
  67   2      //    RX2_Buffer[RX2_Cnt] = S2BUF;
  68   2      //      
  69   2      //    
  70   2      //    if(++RX2_Cnt >= UART2_BUF_LENGTH) RX2_Cnt = 0;
  71   2          uart_receive_input(S2BUF);//调用涂鸦处理数据
  72   2        }
  73   1      
  74   1        if((S2CON & 2) != 0)
  75   1        {
  76   2          S2CON &= ~2;  //Clear Tx flag
  77   2          B_TX2_Busy = 0;
  78   2        }
  79   1      
  80   1        
  81   1        
  82   1        
  83   1        
  84   1        
  85   1      }
  86          
  87          
  88          
  89          
  90          
  91          
  92          
  93          
  94          
  95          
  96          
  97          
  98          
  99          
 100          
 101          
 102          
 103          
 104          
 105          


MODULE INFORMATION:   STATIC OVERLAYABLE
   CODE SIZE        =     80    ----
   CONSTANT SIZE    =   ----    ----
   XDATA SIZE       =   ----    ----
   PDATA SIZE       =   ----    ----
   DATA SIZE        =   ----    ----
   IDATA SIZE       =   ----    ----
   BIT SIZE         =   ----    ----
C51 COMPILER V9.54   UART_INTERRUPT                                                        02/26/2021 13:57:15 PAGE 3   

END OF MODULE INFORMATION.


C51 COMPILATION COMPLETE.  0 WARNING(S),  0 ERROR(S)
