BL51 BANKED LINKER/LOCATER V6.22                                                        02/26/2021  13:57:31  PAGE 1


BL51 BANKED LINKER/LOCATER V6.22, INVOKED BY:
H:\KEIL_V5\C51\BIN\BL51.EXE .\Objects\main.obj, .\Objects\UART interrupt.obj, .\Objects\UART.obj, .\Objects\delay.obj, .
>> \Objects\TIME interrupt.obj, .\Objects\timer.obj, .\Objects\reda_data.obj, .\Objects\key.obj, .\Objects\mcu_api.obj, 
>> .\Objects\protocol.obj, .\Objects\system.obj, .\Objects\oled.obj, .\Objects\SHT3X.obj TO .\Objects\ÎÂ¶ÈÊª¶È¼ì²â RTX51
>>  PRINT (.\Listings\ÎÂ¶ÈÊª¶È¼ì²â.m51) RAMSIZE (256)


MEMORY MODEL: COMPACT


INPUT MODULES INCLUDED:
  .\Objects\main.obj (MAIN)
  .\Objects\UART interrupt.obj (UART_INTERRUPT)
  .\Objects\UART.obj (UART)
  .\Objects\delay.obj (DELAY)
  .\Objects\TIME interrupt.obj (TIME_INTERRUPT)
  .\Objects\timer.obj (TIMER)
  .\Objects\reda_data.obj (REDA_DATA)
  .\Objects\key.obj (KEY)
  .\Objects\mcu_api.obj (MCU_API)
  .\Objects\protocol.obj (PROTOCOL)
  .\Objects\system.obj (SYSTEM)
  .\Objects\oled.obj (OLED)
  .\Objects\SHT3X.obj (SHT3X)
  H:\KEIL_V5\C51\LIB\C51C.LIB (?C_STARTUP)
  H:\KEIL_V5\C51\LIB\C51C.LIB (?C?COPY)
  H:\KEIL_V5\C51\LIB\C51C.LIB (?C?CLDPTR)
  H:\KEIL_V5\C51\LIB\C51C.LIB (?C?CLDOPTR)
  H:\KEIL_V5\C51\LIB\C51C.LIB (?C?CSTPTR)
  H:\KEIL_V5\C51\LIB\C51C.LIB (?C?CSTOPTR)
  H:\KEIL_V5\C51\LIB\C51C.LIB (?C?IMUL)
  H:\KEIL_V5\C51\LIB\C51C.LIB (?C?UIDIV)
  H:\KEIL_V5\C51\LIB\C51C.LIB (?C?SIDIV)
  H:\KEIL_V5\C51\LIB\C51C.LIB (?C?ISTPTR)
  H:\KEIL_V5\C51\LIB\C51C.LIB (?C?LMUL)
  H:\KEIL_V5\C51\LIB\C51C.LIB (?C?ULDIV)
  H:\KEIL_V5\C51\LIB\C51C.LIB (?C?SLCMP)
  H:\KEIL_V5\C51\LIB\C51C.LIB (?C?ULCMP)
  H:\KEIL_V5\C51\LIB\C51C.LIB (?C?ULSHR)
  H:\KEIL_V5\C51\LIB\C51C.LIB (?C?LSHL)
  H:\KEIL_V5\C51\LIB\C51C.LIB (?C?LSTPDATA)
  H:\KEIL_V5\C51\LIB\C51C.LIB (?C?LSTKPDATA)
  H:\KEIL_V5\C51\LIB\C51C.LIB (?C?CCASE)
  H:\KEIL_V5\C51\LIB\C51C.LIB (?C_INIT)


LINK MAP OF MODULE:  .\Objects\ÎÂ¶ÈÊª¶È¼ì²â (MAIN)


            TYPE    BASE      LENGTH    RELOCATION   SEGMENT NAME
            -----------------------------------------------------

            * * * * * * *   D A T A   M E M O R Y   * * * * * * *
            REG     0000H     0008H     ABSOLUTE     "REG BANK 0"
                    0008H     0018H                  *** GAP ***
            BIT     0020H.0   0000H.2   UNIT         ?BI?UART
                    0020H.2   0000H.6                *** GAP ***
            IDATA   0021H     0040H     UNIT         ?ID?UART
BL51 BANKED LINKER/LOCATER V6.22                                                      02/26/2021  13:57:31  PAGE 2


            IDATA   0061H     0001H     UNIT         ?STACK

            * * * * * * *  X D A T A   M E M O R Y  * * * * * * *
            XDATA   0000H     0008H     INPAGE       ?PD?READ_SENSOR?MAIN
            XDATA   0008H     0002H     INPAGE       ?PD?MAIN
            XDATA   000AH     0003H     INPAGE       ?PD?_PRINTD1?UART
            XDATA   000DH     0002H     INPAGE       ?PD?_PRINTN1?UART
            XDATA   000FH     0004H     INPAGE       ?PD?UART
            XDATA   0013H     0001H     INPAGE       ?PD?KEY_SCAN?KEY
            XDATA   0014H     0007H     INPAGE       ?PD?_MY_STRLEN?MCU_API
            XDATA   001BH     0009H     INPAGE       ?PD?_MY_MEMSET?MCU_API
            XDATA   0024H     0010H     INPAGE       ?PD?_MY_MEMCPY?MCU_API
            XDATA   0034H     0009H     INPAGE       ?PD?_MY_STRCPY?MCU_API
            XDATA   003DH     0006H     INPAGE       ?PD?_MY_STRCMP?MCU_API
            XDATA   0043H     0004H     INPAGE       ?PD?_INT_TO_BYTE?MCU_API
            XDATA   0047H     0007H     INPAGE       ?PD?_BYTE_TO_INT?MCU_API
            XDATA   004EH     0006H     INPAGE       ?PD?_MCU_DP_RAW_UPDATE?MCU_API
            XDATA   0054H     0001H     INPAGE       ?PD?_MCU_DP_BOOL_UPDATE?MCU_API
            XDATA   0055H     0005H     INPAGE       ?PD?_MCU_DP_VALUE_UPDATE?MCU_API
            XDATA   005AH     0006H     INPAGE       ?PD?_MCU_DP_STRING_UPDATE?MCU_API
            XDATA   0060H     0001H     INPAGE       ?PD?_MCU_DP_ENUM_UPDATE?MCU_API
            XDATA   0061H     0005H     INPAGE       ?PD?_MCU_DP_FAULT_UPDATE?MCU_API
            XDATA   0066H     0002H     INPAGE       ?PD?_MCU_GET_DP_DOWNLOAD_BOOL?MCU_API
            XDATA   0068H     0002H     INPAGE       ?PD?_MCU_GET_DP_DOWNLOAD_ENUM?MCU_API
            XDATA   006AH     0002H     INPAGE       ?PD?_MCU_GET_DP_DOWNLOAD_VALUE?MCU_API
            XDATA   006CH     0005H     INPAGE       ?PD?_UART_RECEIVE_BUFF_INPUT?MCU_API
            XDATA   0071H     0002H     INPAGE       ?PD?MCU_API
            XDATA   0073H     0004H     INPAGE       ?PD?WIFI_UART_SERVICE?MCU_API
            XDATA   0077H     0004H     INPAGE       ?PD?_DP_DOWNLOAD_TEMP_SAMPLING_HANDLE?PROTOCOL
            XDATA   007BH     0004H     INPAGE       ?PD?_DP_DOWNLOAD_HUMIDITY_SAMPLING_HANDLE?PROTOCOL
            XDATA   007FH     0004H     INPAGE       ?PD?_DP_DOWNLOAD_MAXTEMP_SET_HANDLE?PROTOCOL
            XDATA   0083H     0004H     INPAGE       ?PD?_DP_DOWNLOAD_MINITEMP_SET_HANDLE?PROTOCOL
            XDATA   0087H     0004H     INPAGE       ?PD?_DP_DOWNLOAD_MAXHUM_SET_HANDLE?PROTOCOL
            XDATA   008BH     0004H     INPAGE       ?PD?_DP_DOWNLOAD_MINIHUM_SET_HANDLE?PROTOCOL
            XDATA   008FH     0004H     INPAGE       ?PD?_DP_DOWNLOAD_BRIGHT_VALUE_HANDLE?PROTOCOL
            XDATA   0093H     0007H     INPAGE       ?PD?_DP_DOWNLOAD_HANDLE?PROTOCOL
            XDATA   009AH     0001H     INPAGE       ?PD?_WIFI_TEST_RESULT?PROTOCOL
            XDATA   009BH     0018H     INPAGE       ?PD?PROTOCOL
            XDATA   00B3H     0002H     INPAGE       ?PD?_SET_WIFI_UART_BYTE?SYSTEM
            XDATA   00B5H     0007H     INPAGE       ?PD?_SET_WIFI_UART_BUFFER?SYSTEM
            XDATA   00BCH     0006H     INPAGE       ?PD?_GET_CHECK_SUM?SYSTEM
            XDATA   00C2H     0005H     INPAGE       ?PD?_WIFI_UART_WRITE_DATA?SYSTEM
            XDATA   00C7H     0002H     INPAGE       ?PD?_WIFI_UART_WRITE_FRAME?SYSTEM
            XDATA   00C9H     000BH     INPAGE       ?PD?PRODUCT_INFO_UPDATE?SYSTEM
            XDATA   00D4H     0001H     INPAGE       ?PD?_GET_DOWMLOAD_DPID_INDEX?SYSTEM
            XDATA   00D5H     0007H     INPAGE       ?PD?_DATA_POINT_HANDLE?SYSTEM
            XDATA   00DCH     0009H     INPAGE       ?PD?_DATA_HANDLE?SYSTEM
            XDATA   00E5H     0002H     INPAGE       ?PD?_FILL_PICTURE?OLED
            XDATA   00E7H     0001H     INPAGE       ?PD?OLED_CLEAR?OLED
            XDATA   00E8H     0001H     INPAGE       ?PD?OLED_ON?OLED
            XDATA   00E9H     0005H     INPAGE       ?PD?_OLED_SHOWCHAR?OLED
            XDATA   00EEH     0001H     INPAGE       ?PD?_OLED_POW?OLED
            XDATA   00EFH     0009H     INPAGE       ?PD?_OLED_SHOWNUM?OLED
            XDATA   00F8H     0007H     INPAGE       ?PD?_OLED_SHOWSTRING?OLED
                    00FFH     0001H                  *** GAP ***
            XDATA   0100H     0078H     INPAGE       ?PD?SYSTEM
            XDATA   0178H     0004H     INPAGE       ?PD?_OLED_SHOWCHINESE?OLED
BL51 BANKED LINKER/LOCATER V6.22                                                      02/26/2021  13:57:31  PAGE 3


            XDATA   017CH     000BH     INPAGE       ?PD?_OLED_DRAWBMP?OLED
            XDATA   0187H     0004H     INPAGE       ?PD?_SHT3X_CALCCRC?SHT3X
            XDATA   018BH     0002H     INPAGE       ?PD?_SHT3X_WRITECOMMAND?SHT3X
            XDATA   018DH     0015H     INPAGE       ?PD?_SHT3X_XHGETTEMPANDHUMI?SHT3X
            XDATA   01A2H     0003H     INPAGE       _PDATA_GROUP_

            * * * * * * *   C O D E   M E M O R Y   * * * * * * *
            CODE    0000H     0003H     ABSOLUTE     
            CODE    0003H     0008H     UNIT         ?PR?_PRINTCHAR2?UART
            CODE    000BH     0003H     ABSOLUTE     
            CODE    000EH     0015H     UNIT         ?PR?SHT3XINIT?SHT3X
            CODE    0023H     0003H     ABSOLUTE     
            CODE    0026H     001CH     UNIT         ?PR?_OLED_POW?OLED
            CODE    0042H     0001H     UNIT         ?PR?UART1_INT?UART_INTERRUPT
            CODE    0043H     0003H     ABSOLUTE     
            CODE    0046H     1018H     UNIT         ?CO?OLED
            CODE    105EH     03E1H     UNIT         ?C?LIB_CODE
            CODE    143FH     03DEH     UNIT         ?PR?_PRINTN1?UART
            CODE    181DH     0297H     UNIT         ?PR?STC_INIT?MAIN
            CODE    1AB4H     0177H     UNIT         ?PR?WIFI_UART_SERVICE?MCU_API
            CODE    1C2BH     0173H     UNIT         ?PR?WIFI_WORK_STATE_LED?MAIN
            CODE    1D9EH     016AH     UNIT         ?PR?READ_SENSOR?MAIN
            CODE    1F08H     0146H     UNIT         ?PR?_MY_MEMCPY?MCU_API
            CODE    204EH     012EH     UNIT         ?PR?_SHT3X_XHGETTEMPANDHUMI?SHT3X
            CODE    217CH     0129H     UNIT         ?PR?_BYTE_TO_INT?MCU_API
            CODE    22A5H     011AH     UNIT         ?PR?_MCU_DP_FAULT_UPDATE?MCU_API
            CODE    23BFH     0104H     UNIT         ?PR?PRODUCT_INFO_UPDATE?SYSTEM
            CODE    24C3H     00F1H     UNIT         ?PR?_DATA_HANDLE?SYSTEM
            CODE    25B4H     00EFH     UNIT         ?PR?ALL_DATA_UPDATE?PROTOCOL
            CODE    26A3H     00E6H     UNIT         ?PR?_WIFI_TEST_RESULT?PROTOCOL
            CODE    2789H     00E4H     UNIT         ?PR?_DP_DOWNLOAD_HANDLE?PROTOCOL
            CODE    286DH     00E0H     UNIT         ?PR?OLED_INIT?OLED
            CODE    294DH     00C3H     UNIT         ?PR?_OLED_SHOWCHAR?OLED
            CODE    2A10H     00A9H     UNIT         ?PR?_OLED_SHOWNUM?OLED
            CODE    2AB9H     00A1H     UNIT         ?PR?_MCU_DP_VALUE_UPDATE?MCU_API
            CODE    2B5AH     009EH     UNIT         ?PR?_UART_RECEIVE_INPUT?MCU_API
            CODE    2BF8H     008CH     UNIT         ?C_C51STARTUP
            CODE    2C84H     0088H     UNIT         ?PR?_MY_STRCPY?MCU_API
            CODE    2D0CH     0087H     UNIT         ?PR?_OLED_DRAWBMP?OLED
            CODE    2D93H     0082H     UNIT         ?PR?_OLED_SHOWCHINESE?OLED
            CODE    2E15H     0071H     UNIT         ?PR?_HEX_TO_BCD?MCU_API
            CODE    2E86H     0070H     UNIT         ?PR?_MY_STRLEN?MCU_API
            CODE    2EF6H     0070H     UNIT         ?PR?_DATA_POINT_HANDLE?SYSTEM
            CODE    2F66H     006FH     UNIT         ?PR?_MY_STRCMP?MCU_API
            CODE    2FD5H     0060H     UNIT         ?PR?_SET_WIFI_UART_BUFFER?SYSTEM
            CODE    3035H     005DH     UNIT         ?PR?TAKE_BYTE_RXBUFF?SYSTEM
            CODE    3092H     005BH     UNIT         ?PR?_INT_TO_BYTE?MCU_API
            CODE    30EDH     0059H     UNIT         ?PR?_MY_MEMSET?MCU_API
            CODE    3146H     0059H     UNIT         ?PR?_WIFI_UART_WRITE_FRAME?SYSTEM
            CODE    319FH     0057H     UNIT         ?PR?_WIFI_UART_WRITE_DATA?SYSTEM
            CODE    31F6H     0057H     UNIT         ?PR?_OLED_SHOWSTRING?OLED
            CODE    324DH     0054H     UNIT         ?PR?_MCU_DP_RAW_UPDATE?MCU_API
            CODE    32A1H     0054H     UNIT         ?PR?_MCU_DP_STRING_UPDATE?MCU_API
            CODE    32F5H     0050H     UNIT         ?PR?KEY_SCAN?KEY
            CODE    3345H     004FH     UNIT         ?PR?UART2_INT?UART_INTERRUPT
            CODE    3394H     004CH     UNIT         ?CO?MAIN
            CODE    33E0H     0045H     UNIT         ?PR?_GET_CHECK_SUM?SYSTEM
BL51 BANKED LINKER/LOCATER V6.22                                                      02/26/2021  13:57:31  PAGE 4


            CODE    3425H     0045H     UNIT         ?PR?_SHT3X_CALCCRC?SHT3X
            CODE    346AH     0044H     UNIT         ?PR?_UART1_CONFIG?UART
            CODE    34AEH     0043H     UNIT         ?PR?_I2CWRBYTE?SHT3X
            CODE    34F1H     0041H     UNIT         ?PR?_PRINTCHAR1?UART
            CODE    3532H     0040H     UNIT         ?PR?_MCU_DP_BOOL_UPDATE?MCU_API
            CODE    3572H     0040H     UNIT         ?PR?_I2CRDBYTE?SHT3X
            CODE    35B2H     003BH     UNIT         ?CO?SYSTEM
            CODE    35EDH     003AH     UNIT         ?PR?_MCU_DP_ENUM_UPDATE?MCU_API
            CODE    3627H     003AH     UNIT         ?PR?_UART_RECEIVE_BUFF_INPUT?MCU_API
            CODE    3661H     0033H     UNIT         ?PR?_OLED_SET_POS?OLED
            CODE    3694H     002FH     UNIT         ?PR?WITH_DATA_RXBUFF?SYSTEM
            CODE    36C3H     002CH     UNIT         ?PR?_OLED_WR_BYTE?OLED
            CODE    36EFH     002BH     UNIT         ?PR?_PRINTD1?UART
            CODE    371AH     002AH     UNIT         ?PR?_FILL_PICTURE?OLED
            CODE    3744H     0029H     UNIT         ?PR?_DP_DOWNLOAD_TEMP_SAMPLING_HANDLE?PROTOCOL
            CODE    376DH     0029H     UNIT         ?PR?_DP_DOWNLOAD_HUMIDITY_SAMPLING_HANDLE?PROTOCOL
            CODE    3796H     0029H     UNIT         ?PR?_DP_DOWNLOAD_MAXTEMP_SET_HANDLE?PROTOCOL
            CODE    37BFH     0029H     UNIT         ?PR?_DP_DOWNLOAD_MINITEMP_SET_HANDLE?PROTOCOL
            CODE    37E8H     0029H     UNIT         ?PR?_DP_DOWNLOAD_MAXHUM_SET_HANDLE?PROTOCOL
            CODE    3811H     0029H     UNIT         ?PR?_DP_DOWNLOAD_MINIHUM_SET_HANDLE?PROTOCOL
            CODE    383AH     0029H     UNIT         ?PR?_DP_DOWNLOAD_BRIGHT_VALUE_HANDLE?PROTOCOL
            CODE    3863H     0027H     UNIT         ?PR?_WRITE_IIC_BYTE?OLED
            CODE    388AH     0025H     UNIT         ?PR?HEAT_BEAT_CHECK?SYSTEM
            CODE    38AFH     0025H     UNIT         ?PR?OLED_ON?OLED
            CODE    38D4H     0024H     UNIT         ?PR?WIFI_PROTOCOL_INIT?MCU_API
            CODE    38F8H     0024H     UNIT         ?PR?_GET_DOWMLOAD_DPID_INDEX?SYSTEM
            CODE    391CH     0024H     UNIT         ?PR?OLED_CLEAR?OLED
            CODE    3940H     0022H     UNIT         ?PR?_UART2_CONFIG?UART
            CODE    3962H     0022H     UNIT         ?C_INITSEG
            CODE    3984H     0021H     UNIT         ?PR?TIMER0_INT?MAIN
            CODE    39A5H     0021H     UNIT         ?PR?_SET_WIFI_UART_BYTE?SYSTEM
            CODE    39C6H     001EH     UNIT         ?PR?_DELAY_50MS?OLED
            CODE    39E4H     001BH     UNIT         ?PR?_SETTIMER2BAUDRAYE?UART
            CODE    39FFH     0019H     UNIT         ?PR?TIMER0_INIT?TIMER
            CODE    3A18H     0019H     UNIT         ?PR?TIMER1_INIT?TIMER
            CODE    3A31H     0019H     UNIT         ?PR?_SHT3X_WRITECOMMAND?SHT3X
            CODE    3A4AH     0018H     UNIT         ?PR?_DP_DOWNLOAD_DATA_IS_HANDLE?PROTOCOL
            CODE    3A62H     0017H     UNIT         ?PR?_DELAY_MS?DELAY
            CODE    3A79H     0017H     UNIT         ?PR?_DELAY_US?DELAY
            CODE    3A90H     0017H     UNIT         ?PR?OLED_DISPLAY_ON?OLED
            CODE    3AA7H     0017H     UNIT         ?PR?I2CSTART?SHT3X
            CODE    3ABEH     0017H     UNIT         ?PR?I2CSTOP?SHT3X
            CODE    3AD5H     0016H     UNIT         ?PR?_PRINTSTRING1?UART
            CODE    3AEBH     0016H     UNIT         ?PR?_PRINTSTRING2?UART
            CODE    3B01H     0016H     UNIT         ?PR?_MCU_SET_WIFI_MODE?MCU_API
            CODE    3B17H     0016H     UNIT         ?PR?_DELAY_1MS?OLED
            CODE    3B2DH     0011H     UNIT         ?PR?MAIN?MAIN
            CODE    3B3EH     0011H     UNIT         ?PR?OLED_DISPLAY_OFF?OLED
            CODE    3B4FH     0010H     UNIT         ?PR?IIC_WAIT_ACK?OLED
            CODE    3B5FH     0010H     UNIT         ?PR?_I2CDELAY?SHT3X
            CODE    3B6FH     000FH     UNIT         ?PR?WIFI_RESET?MAIN
            CODE    3B7EH     000EH     UNIT         ?PR?_WRITE_IIC_COMMAND?OLED
            CODE    3B8CH     000EH     UNIT         ?PR?_WRITE_IIC_DATA?OLED
            CODE    3B9AH     000DH     UNIT         ?PR?MCU_RESET_WIFI?MCU_API
            CODE    3BA7H     000CH     UNIT         ?PR?_MCU_GET_DP_DOWNLOAD_BOOL?MCU_API
            CODE    3BB3H     000CH     UNIT         ?PR?_MCU_GET_DP_DOWNLOAD_ENUM?MCU_API
            CODE    3BBFH     000BH     UNIT         ?PR?_MCU_GET_DP_DOWNLOAD_VALUE?MCU_API
BL51 BANKED LINKER/LOCATER V6.22                                                      02/26/2021  13:57:31  PAGE 5


            CODE    3BCAH     000AH     UNIT         ?PR?MCU_START_WIFITEST?MCU_API
            CODE    3BD4H     000AH     UNIT         ?PR?GET_MCU_WIFI_MODE?SYSTEM
            CODE    3BDEH     0009H     UNIT         ?CO?PROTOCOL
            CODE    3BE7H     0009H     UNIT         ?PR?IIC_START?OLED
            CODE    3BF0H     0007H     UNIT         ?PR?IIC_STOP?OLED
            CODE    3BF7H     0006H     UNIT         ?CO?SHT3X
            CODE    3BFDH     0005H     UNIT         ?PR?MCU_GET_RESET_WIFI_FLAG?MCU_API
            CODE    3C02H     0005H     UNIT         ?PR?MCU_GET_WIFIMODE_FLAG?MCU_API
            CODE    3C07H     0005H     UNIT         ?PR?MCU_GET_WIFI_WORK_STATE?MCU_API
            CODE    3C0CH     0005H     UNIT         ?PR?I2CINIT?SHT3X
            CODE    3C11H     0004H     UNIT         ?PR?KEY_SET?MAIN
            CODE    3C15H     0003H     UNIT         ?PR?_UART_TRANSMIT_OUTPUT?PROTOCOL
            CODE    3C18H     0003H     UNIT         ?PR?GET_DOWNLOAD_CMD_TOTAL?PROTOCOL



OVERLAY MAP OF MODULE:   .\Objects\ÎÂ¶ÈÊª¶È¼ì²â (MAIN)


SEGMENT                                            PDATA_GROUP
  +--> CALLED SEGMENT                            START    LENGTH
----------------------------------------------------------------
?PR?UART2_INT?UART_INTERRUPT                     -----    -----
  +--> ?PR?_UART_RECEIVE_INPUT?MCU_API

?PR?_UART_RECEIVE_INPUT?MCU_API                  01A2H    0001H

*** NEW ROOT ***************************************************

?C_C51STARTUP                                    -----    -----
  +--> ?PR?MAIN?MAIN
  +--> ?C_INITSEG

?PR?MAIN?MAIN                                    01A3H    0002H
  +--> ?CO?MAIN
  +--> ?PR?_PRINTSTRING2?UART



UNRESOLVED EXTERNAL SYMBOLS:
   CY_H_TIME
   CY_T_TIME
   DATA
   DATA_LONG
   HUMIDITY
   JB_HUMIDITY
   JB_T
   LEAST_HUMIDITY
   LEAST_T
   MOST_HUMIDITY
   MOST_T
   SUN
   TEMPER



SYMBOL TABLE OF MODULE:  .\Objects\ÎÂ¶ÈÊª¶È¼ì²â (MAIN)
BL51 BANKED LINKER/LOCATER V6.22                                                      02/26/2021  13:57:31  PAGE 6



  VALUE           TYPE          NAME
  ----------------------------------

  -------         MODULE        MAIN
  C:0000H         SYMBOL        _ICE_DUMMY_
  D:0092H         PUBLIC        P1M0
  D:0093H         PUBLIC        P0M1
  D:0096H         PUBLIC        P2M0
  D:0091H         PUBLIC        P1M1
  D:0080H         PUBLIC        P0
  D:00B2H         PUBLIC        P3M0
  D:0095H         PUBLIC        P2M1
  D:0090H         PUBLIC        P1
  C:3984H         PUBLIC        timer0_int
  D:00B4H         PUBLIC        P4M0
  D:00B1H         PUBLIC        P3M1
  D:00A0H         PUBLIC        P2
  D:00CAH         PUBLIC        P5M0
  D:00B3H         PUBLIC        P4M1
  D:00B0H         PUBLIC        P3
  D:00CCH         PUBLIC        P6M0
  D:00C9H         PUBLIC        P5M1
  D:00C0H         PUBLIC        P4
  D:00E2H         PUBLIC        P7M0
  D:00CBH         PUBLIC        P6M1
  D:00C8H         PUBLIC        P5
  B:00A8H.7       PUBLIC        EA
  D:00E1H         PUBLIC        P7M1
  D:00E8H         PUBLIC        P6
  D:00F8H         PUBLIC        P7
  D:00A8H         PUBLIC        IE
  D:00B8H         PUBLIC        IP
  C:1D9EH         SYMBOL        read_sensor
  D:00D8H         PUBLIC        CCON
  C:3B2DH         PUBLIC        main
  D:0098H         PUBLIC        SCON
  D:0088H         PUBLIC        TCON
  C:3B6FH         PUBLIC        wifi_reset
  B:00C8H.5       PUBLIC        P55
  X:0008H         PUBLIC        Tim_test
  C:181DH         PUBLIC        STC_Init
  C:1C2BH         PUBLIC        wifi_work_state_led
  C:3C11H         PUBLIC        key_set
  D:00D0H         PUBLIC        PSW
  D:0094H         PUBLIC        P0M0
  -------         PROC          WIFI_RESET
  C:3B6FH         LINE#         10
  C:3B6FH         LINE#         11
  C:3B6FH         LINE#         13
  C:3B72H         LINE#         14
  C:3B79H         LINE#         15
  -------         ENDPROC       WIFI_RESET
  -------         PROC          WIFI_WORK_STATE_LED
  -------         DO            
  D:0006H         SYMBOL        wifi_state
  -------         ENDDO         
BL51 BANKED LINKER/LOCATER V6.22                                                      02/26/2021  13:57:31  PAGE 7


  C:1C2BH         LINE#         28
  C:1C2BH         LINE#         29
  C:1C2BH         LINE#         30
  C:1C30H         LINE#         31
  C:1C5BH         LINE#         32
  C:1C5BH         LINE#         33
  C:1C5BH         LINE#         35
  C:1C64H         LINE#         36
  C:1C6DH         LINE#         37
  C:1C76H         LINE#         38
  C:1C88H         LINE#         39
  C:1C8EH         LINE#         44
  C:1C91H         LINE#         46
  C:1C91H         LINE#         50
  C:1CA3H         LINE#         51
  C:1CACH         LINE#         52
  C:1CB5H         LINE#         53
  C:1CBBH         LINE#         55
  C:1CBEH         LINE#         57
  C:1CBEH         LINE#         61
  C:1CC7H         LINE#         62
  C:1CD0H         LINE#         63
  C:1CD9H         LINE#         64
  C:1CE2H         LINE#         65
  C:1CEBH         LINE#         66
  C:1CF4H         LINE#         67
  C:1CFAH         LINE#         69
  C:1CFDH         LINE#         71
  C:1CFDH         LINE#         74
  C:1D06H         LINE#         75
  C:1D0FH         LINE#         76
  C:1D18H         LINE#         77
  C:1D21H         LINE#         78
  C:1D2AH         LINE#         79
  C:1D33H         LINE#         80
  C:1D39H         LINE#         82
  C:1D3BH         LINE#         84
  C:1D3BH         LINE#         87
  C:1D4DH         LINE#         88
  C:1D4DH         LINE#         90
  C:1D4DH         LINE#         92
  C:1D56H         LINE#         93
  C:1D5FH         LINE#         94
  C:1D68H         LINE#         95
  C:1D6EH         LINE#         96
  C:1D70H         LINE#         98
  C:1D70H         LINE#         101
  C:1D70H         LINE#         103
  C:1D70H         LINE#         105
  C:1D79H         LINE#         106
  C:1D82H         LINE#         107
  C:1D8BH         LINE#         108
  C:1D94H         LINE#         109
  C:1D9DH         LINE#         110
  C:1D9DH         LINE#         111
  C:1D9DH         LINE#         121
  -------         ENDPROC       WIFI_WORK_STATE_LED
BL51 BANKED LINKER/LOCATER V6.22                                                      02/26/2021  13:57:31  PAGE 8


  -------         PROC          TIMER0_INT
  C:3984H         LINE#         126
  C:398DH         LINE#         128
  C:398FH         LINE#         130
  C:399AH         LINE#         131
  C:399CH         LINE#         132
  C:399EH         LINE#         133
  -------         ENDPROC       TIMER0_INT
  -------         PROC          STC_INIT
  C:181DH         LINE#         137
  C:181DH         LINE#         140
  C:1822H         LINE#         141
  C:1826H         LINE#         142
  C:182AH         LINE#         143
  C:182EH         LINE#         144
  C:1832H         LINE#         145
  C:1836H         LINE#         146
  C:183AH         LINE#         147
  C:183EH         LINE#         151
  C:1841H         LINE#         152
  C:1844H         LINE#         154
  C:1855H         LINE#         155
  C:185CH         LINE#         156
  C:186EH         LINE#         157
  C:1875H         LINE#         158
  C:1887H         LINE#         159
  C:188EH         LINE#         160
  C:18A0H         LINE#         161
  C:18A7H         LINE#         162
  C:18B9H         LINE#         163
  C:18C0H         LINE#         164
  C:18D2H         LINE#         165
  C:18D9H         LINE#         173
  C:18DEH         LINE#         174
  C:18E0H         LINE#         176
  C:18F2H         LINE#         177
  C:18F9H         LINE#         178
  C:190BH         LINE#         179
  C:1912H         LINE#         180
  C:1924H         LINE#         181
  C:192BH         LINE#         182
  C:193DH         LINE#         183
  C:1944H         LINE#         184
  C:1956H         LINE#         185
  C:195DH         LINE#         186
  C:196FH         LINE#         187
  C:1976H         LINE#         190
  C:197FH         LINE#         208
  C:1982H         LINE#         210
  C:1994H         LINE#         211
  C:199BH         LINE#         212
  C:19ADH         LINE#         213
  C:19B4H         LINE#         214
  C:19C6H         LINE#         215
  C:19CDH         LINE#         216
  C:19DFH         LINE#         217
  C:19E6H         LINE#         218
BL51 BANKED LINKER/LOCATER V6.22                                                      02/26/2021  13:57:31  PAGE 9


  C:19F8H         LINE#         219
  C:19FFH         LINE#         220
  C:1A11H         LINE#         221
  C:1A18H         LINE#         224
  C:1A1BH         LINE#         226
  C:1A2DH         LINE#         227
  C:1A34H         LINE#         228
  C:1A46H         LINE#         229
  C:1A4DH         LINE#         230
  C:1A5FH         LINE#         231
  C:1A66H         LINE#         232
  C:1A78H         LINE#         233
  C:1A7FH         LINE#         234
  C:1A91H         LINE#         235
  C:1A98H         LINE#         236
  C:1AAAH         LINE#         237
  C:1AB1H         LINE#         238
  -------         ENDPROC       STC_INIT
  -------         PROC          READ_SENSOR
  -------         DO            
  X:0000H         SYMBOL        temp
  X:0002H         SYMBOL        humi
  X:0004H         SYMBOL        temper
  X:0006H         SYMBOL        humidity
  -------         ENDDO         
  C:1D9EH         LINE#         248
  C:1D9EH         LINE#         249
  C:1D9EH         LINE#         252
  C:1DB4H         LINE#         253
  C:1DC1H         LINE#         254
  C:1DCEH         LINE#         257
  C:1DD6H         LINE#         258
  C:1DDFH         LINE#         259
  C:1DF1H         LINE#         260
  C:1E13H         LINE#         261
  C:1E25H         LINE#         262
  C:1E47H         LINE#         264
  C:1E50H         LINE#         265
  C:1E59H         LINE#         266
  C:1E6BH         LINE#         267
  C:1E8DH         LINE#         268
  C:1E9FH         LINE#         269
  C:1EC1H         LINE#         270
  C:1ED3H         LINE#         272
  C:1EEAH         LINE#         273
  -------         ENDPROC       READ_SENSOR
  -------         PROC          KEY_SET
  C:3C11H         LINE#         277
  C:3C11H         LINE#         280
  C:3C14H         LINE#         281
  C:3C14H         LINE#         282
  C:3C14H         LINE#         287
  C:3C14H         LINE#         288
  C:3C14H         LINE#         292
  C:3C14H         LINE#         293
  C:3C14H         LINE#         297
  C:3C14H         LINE#         298
BL51 BANKED LINKER/LOCATER V6.22                                                      02/26/2021  13:57:31  PAGE 10


  C:3C14H         LINE#         302
  C:3C14H         LINE#         303
  C:3C14H         LINE#         307
  C:3C14H         LINE#         308
  C:3C14H         LINE#         312
  C:3C14H         LINE#         314
  C:3C14H         LINE#         315
  C:3C14H         LINE#         319
  -------         ENDPROC       KEY_SET
  -------         PROC          MAIN
  -------         DO            
  X:01A3H         SYMBOL        count
  -------         ENDDO         
  C:3B2DH         LINE#         330
  C:3B2DH         LINE#         331
  C:3B2DH         LINE#         336
  C:3B33H         LINE#         341
  C:3B33H         LINE#         342
  C:3B33H         LINE#         345
  C:3B3CH         LINE#         366
  -------         ENDPROC       MAIN
  -------         ENDMOD        MAIN

  -------         MODULE        UART_INTERRUPT
  C:0000H         SYMBOL        _ICE_DUMMY_
  D:0080H         PUBLIC        P0
  D:0090H         PUBLIC        P1
  D:00A0H         PUBLIC        P2
  D:00B0H         PUBLIC        P3
  D:00C0H         PUBLIC        P4
  D:00C8H         PUBLIC        P5
  D:00A8H         PUBLIC        IE
  D:00B8H         PUBLIC        IP
  C:0042H         PUBLIC        UART1_int
  C:3345H         PUBLIC        UART2_int
  D:00D8H         PUBLIC        CCON
  D:0098H         PUBLIC        SCON
  D:0088H         PUBLIC        TCON
  D:00F0H         PUBLIC        B
  D:00E0H         PUBLIC        ACC
  D:009BH         PUBLIC        S2BUF
  D:009AH         PUBLIC        S2CON
  D:00D0H         PUBLIC        PSW
  -------         PROC          UART1_INT
  C:0042H         LINE#         25
  C:0042H         LINE#         49
  -------         ENDPROC       UART1_INT
  -------         PROC          UART2_INT
  C:3345H         LINE#         60
  C:3362H         LINE#         64
  C:3367H         LINE#         65
  C:3367H         LINE#         66
  C:336AH         LINE#         71
  C:336FH         LINE#         72
  C:336FH         LINE#         74
  C:3374H         LINE#         75
  C:3374H         LINE#         76
BL51 BANKED LINKER/LOCATER V6.22                                                      02/26/2021  13:57:31  PAGE 11


  C:3377H         LINE#         77
  C:3379H         LINE#         78
  C:3379H         LINE#         85
  -------         ENDPROC       UART2_INT
  -------         ENDMOD        UART_INTERRUPT

  -------         MODULE        UART
  C:0000H         SYMBOL        _ICE_DUMMY_
  D:0080H         PUBLIC        P0
  D:0090H         PUBLIC        P1
  D:00A0H         PUBLIC        P2
  D:00B0H         PUBLIC        P3
  D:00C0H         PUBLIC        P4
  D:00C8H         PUBLIC        P5
  B:0020H.0       PUBLIC        B_TX1_Busy
  C:36EFH         PUBLIC        _PrintD1
  B:0020H.1       PUBLIC        B_TX2_Busy
  D:00A2H         PUBLIC        P_SW1
  D:00BAH         PUBLIC        P_SW2
  D:00A8H         PUBLIC        IE
  C:143FH         PUBLIC        _PrintN1
  C:39E4H         PUBLIC        _SetTimer2Baudraye
  B:00A8H.4       PUBLIC        ES
  D:00B8H         PUBLIC        IP
  I:0021H         PUBLIC        RX1_Buffer
  I:0041H         PUBLIC        RX2_Buffer
  D:00D8H         PUBLIC        CCON
  D:0099H         PUBLIC        SBUF
  D:0098H         PUBLIC        SCON
  D:0089H         PUBLIC        TMOD
  D:0088H         PUBLIC        TCON
  C:3AD5H         PUBLIC        _PrintString1
  C:3AEBH         PUBLIC        _PrintString2
  D:00AFH         PUBLIC        IE2
  D:00F0H         PUBLIC        B
  D:008EH         PUBLIC        AUXR
  D:00E0H         PUBLIC        ACC
  C:346AH         PUBLIC        _UART1_config
  C:3940H         PUBLIC        _UART2_config
  B:00A8H.3       PUBLIC        ET1
  D:008DH         PUBLIC        TH1
  D:00D6H         PUBLIC        T2H
  D:008BH         PUBLIC        TL1
  D:00D7H         PUBLIC        T2L
  B:0088H.6       PUBLIC        TR1
  X:000FH         PUBLIC        RX1_Cnt
  C:352AH         PUBLIC        _Printchar1
  X:0010H         PUBLIC        RX2_Cnt
  C:0003H         PUBLIC        _Printchar2
  D:009BH         PUBLIC        S2BUF
  X:0011H         PUBLIC        TX1_Cnt
  X:0012H         PUBLIC        TX2_Cnt
  B:0098H.4       PUBLIC        REN
  D:009AH         PUBLIC        S2CON
  D:008FH         PUBLIC        INT_CLKO
  D:00D0H         PUBLIC        PSW
  -------         PROC          _PRINTSTRING1
BL51 BANKED LINKER/LOCATER V6.22                                                      02/26/2021  13:57:31  PAGE 12


  D:0001H         SYMBOL        puts
  C:3AD5H         LINE#         52
  C:3AD5H         LINE#         53
  C:3AD5H         LINE#         54
  C:3ADAH         LINE#         55
  C:3ADAH         LINE#         56
  C:3ADCH         LINE#         57
  C:3ADEH         LINE#         58
  C:3AE1H         LINE#         59
  C:3AEAH         LINE#         60
  -------         ENDPROC       _PRINTSTRING1
  -------         PROC          _PRINTD1
  D:0001H         SYMBOL        str
  -------         DO            
  X:000AH         SYMBOL        s
  -------         ENDDO         
  C:36EFH         LINE#         69
  C:36EFH         LINE#         70
  C:36EFH         LINE#         73
  C:3709H         LINE#         74
  C:3709H         LINE#         75
  C:370CH         LINE#         76
  C:3719H         LINE#         78
  -------         ENDPROC       _PRINTD1
  -------         PROC          _PRINTN1
  X:000DH         SYMBOL        num
  C:143FH         LINE#         85
  C:1446H         LINE#         86
  C:1446H         LINE#         88
  C:1451H         LINE#         89
  C:146EH         LINE#         90
  C:146EH         LINE#         91
  C:147EH         LINE#         92
  C:147EH         LINE#         93
  C:1481H         LINE#         94
  C:1481H         LINE#         95
  C:149CH         LINE#         96
  C:149CH         LINE#         97
  C:14A3H         LINE#         98
  C:14B1H         LINE#         99
  C:14B1H         LINE#         100
  C:14CCH         LINE#         101
  C:14CCH         LINE#         102
  C:14D3H         LINE#         103
  C:14E1H         LINE#         104
  C:1503H         LINE#         105
  C:1503H         LINE#         106
  C:151EH         LINE#         107
  C:151EH         LINE#         108
  C:1525H         LINE#         109
  C:1538H         LINE#         110
  C:1546H         LINE#         111
  C:1575H         LINE#         112
  C:1575H         LINE#         113
  C:15A0H         LINE#         114
  C:15A0H         LINE#         115
  C:15AEH         LINE#         116
BL51 BANKED LINKER/LOCATER V6.22                                                      02/26/2021  13:57:31  PAGE 13


  C:15C3H         LINE#         117
  C:15E5H         LINE#         118
  C:15E8H         LINE#         119
  C:1624H         LINE#         121
  C:1624H         LINE#         123
  C:1624H         LINE#         125
  C:1624H         LINE#         127
  C:1636H         LINE#         128
  C:1641H         LINE#         130
  C:1646H         LINE#         132
  C:1664H         LINE#         133
  C:1664H         LINE#         134
  C:1674H         LINE#         135
  C:1674H         LINE#         136
  C:1677H         LINE#         137
  C:1677H         LINE#         138
  C:1692H         LINE#         139
  C:1692H         LINE#         140
  C:1699H         LINE#         141
  C:16A7H         LINE#         142
  C:16A7H         LINE#         143
  C:16C2H         LINE#         144
  C:16C2H         LINE#         145
  C:16C9H         LINE#         146
  C:16D7H         LINE#         147
  C:16F9H         LINE#         148
  C:16F9H         LINE#         149
  C:1714H         LINE#         150
  C:1714H         LINE#         151
  C:171BH         LINE#         152
  C:1730H         LINE#         153
  C:173EH         LINE#         154
  C:176DH         LINE#         155
  C:176DH         LINE#         156
  C:1798H         LINE#         157
  C:1798H         LINE#         158
  C:17A6H         LINE#         159
  C:17BBH         LINE#         160
  C:17DDH         LINE#         161
  C:17E0H         LINE#         162
  C:181CH         LINE#         164
  C:181CH         LINE#         166
  C:181CH         LINE#         167
  C:181CH         LINE#         169
  -------         ENDPROC       _PRINTN1
  C:3509H         SYMBOL        L?0045
  C:3516H         SYMBOL        L?0046
  C:351BH         SYMBOL        L?0047
  C:351DH         SYMBOL        L?0048
  C:3523H         SYMBOL        L?0049
  C:3526H         SYMBOL        L?0050
  -------         PROC          L?0044
  -------         ENDPROC       L?0044
  C:3509H         SYMBOL        L?0045
  C:3516H         SYMBOL        L?0046
  C:351BH         SYMBOL        L?0047
  C:351DH         SYMBOL        L?0048
BL51 BANKED LINKER/LOCATER V6.22                                                      02/26/2021  13:57:31  PAGE 14


  C:3523H         SYMBOL        L?0049
  C:3526H         SYMBOL        L?0050
  -------         PROC          _PRINTCHAR1
  D:0007H         SYMBOL        Data
  C:352AH         LINE#         178
  C:352AH         LINE#         179
  C:352AH         LINE#         181
  C:352CH         LINE#         182
  C:352EH         LINE#         183
  C:3531H         LINE#         185
  -------         ENDPROC       _PRINTCHAR1
  -------         PROC          _PRINTCHAR2
  D:0007H         SYMBOL        Data
  C:0003H         LINE#         195
  C:0003H         LINE#         196
  C:0003H         LINE#         198
  C:0005H         LINE#         199
  C:0007H         LINE#         200
  C:000AH         LINE#         202
  -------         ENDPROC       _PRINTCHAR2
  -------         PROC          _PRINTSTRING2
  D:0001H         SYMBOL        puts
  C:3AEBH         LINE#         209
  C:3AEBH         LINE#         210
  C:3AEBH         LINE#         211
  C:3AF0H         LINE#         212
  C:3AF0H         LINE#         213
  C:3AF2H         LINE#         214
  C:3AF4H         LINE#         215
  C:3AF7H         LINE#         216
  C:3B00H         LINE#         217
  -------         ENDPROC       _PRINTSTRING2
  -------         PROC          _SETTIMER2BAUDRAYE
  D:0004H         SYMBOL        dat
  C:39E4H         LINE#         225
  C:39E8H         LINE#         226
  C:39E8H         LINE#         227
  C:39EBH         LINE#         228
  C:39EEH         LINE#         229
  C:39F1H         LINE#         230
  C:39F4H         LINE#         231
  C:39F8H         LINE#         232
  C:39FBH         LINE#         233
  C:39FEH         LINE#         234
  -------         ENDPROC       _SETTIMER2BAUDRAYE
  -------         PROC          _UART1_CONFIG
  D:0007H         SYMBOL        brt
  C:346AH         LINE#         242
  C:346AH         LINE#         243
  C:346AH         LINE#         245
  C:346EH         LINE#         246
  C:346EH         LINE#         247
  C:3471H         LINE#         248
  C:3478H         LINE#         249
  C:347AH         LINE#         253
  C:347AH         LINE#         254
  C:347CH         LINE#         255
BL51 BANKED LINKER/LOCATER V6.22                                                      02/26/2021  13:57:31  PAGE 15


  C:347FH         LINE#         256
  C:3482H         LINE#         257
  C:3485H         LINE#         258
  C:3488H         LINE#         259
  C:348BH         LINE#         260
  C:348EH         LINE#         261
  C:3490H         LINE#         262
  C:3493H         LINE#         263
  C:3495H         LINE#         264
  C:3495H         LINE#         267
  C:349DH         LINE#         269
  C:349FH         LINE#         271
  C:34A1H         LINE#         272
  C:34A4H         LINE#         273
  C:34A4H         LINE#         276
  C:34A6H         LINE#         277
  C:34AAH         LINE#         278
  C:34ADH         LINE#         279
  -------         ENDPROC       _UART1_CONFIG
  -------         PROC          _UART2_CONFIG
  D:0007H         SYMBOL        brt
  C:3940H         LINE#         288
  C:3940H         LINE#         289
  C:3940H         LINE#         290
  C:3945H         LINE#         291
  C:3945H         LINE#         292
  C:394CH         LINE#         294
  C:394FH         LINE#         295
  C:3952H         LINE#         296
  C:3955H         LINE#         297
  C:3958H         LINE#         298
  C:3958H         LINE#         300
  C:395AH         LINE#         301
  C:395EH         LINE#         302
  C:3961H         LINE#         303
  C:3961H         LINE#         304
  -------         ENDPROC       _UART2_CONFIG
  -------         ENDMOD        UART

  -------         MODULE        DELAY
  C:0000H         SYMBOL        _ICE_DUMMY_
  C:3A62H         PUBLIC        _delay_ms
  C:3A79H         PUBLIC        _delay_us
  -------         PROC          _DELAY_MS
  D:0006H         SYMBOL        ms
  -------         DO            
  D:0004H         SYMBOL        i
  -------         ENDDO         
  C:3A62H         LINE#         33
  C:3A62H         LINE#         34
  C:3A62H         LINE#         36
  C:3A62H         LINE#         37
  C:3A66H         LINE#         38
  C:3A6FH         LINE#         39
  C:3A78H         LINE#         40
  -------         ENDPROC       _DELAY_MS
  -------         PROC          _DELAY_US
BL51 BANKED LINKER/LOCATER V6.22                                                      02/26/2021  13:57:31  PAGE 16


  D:0006H         SYMBOL        us
  -------         DO            
  D:0004H         SYMBOL        i
  -------         ENDDO         
  C:3A79H         LINE#         43
  C:3A79H         LINE#         44
  C:3A79H         LINE#         46
  C:3A79H         LINE#         47
  C:3A7DH         LINE#         48
  C:3A86H         LINE#         49
  C:3A8FH         LINE#         50
  -------         ENDPROC       _DELAY_US
  -------         ENDMOD        DELAY

  -------         MODULE        TIME_INTERRUPT
  C:0000H         SYMBOL        _ICE_DUMMY_
  -------         ENDMOD        TIME_INTERRUPT

  -------         MODULE        TIMER
  C:0000H         SYMBOL        _ICE_DUMMY_
  D:0080H         PUBLIC        P0
  D:0090H         PUBLIC        P1
  D:00A0H         PUBLIC        P2
  D:00B0H         PUBLIC        P3
  D:00C0H         PUBLIC        P4
  D:00C8H         PUBLIC        P5
  D:00E8H         PUBLIC        P6
  D:00F8H         PUBLIC        P7
  D:00A8H         PUBLIC        IE
  D:00B8H         PUBLIC        IP
  D:00D8H         PUBLIC        CCON
  D:0098H         PUBLIC        SCON
  D:0089H         PUBLIC        TMOD
  D:0088H         PUBLIC        TCON
  D:008EH         PUBLIC        AUXR
  B:00A8H.1       PUBLIC        ET0
  B:00A8H.3       PUBLIC        ET1
  C:39FFH         PUBLIC        Timer0_init
  C:3A18H         PUBLIC        Timer1_init
  D:008CH         PUBLIC        TH0
  D:008DH         PUBLIC        TH1
  D:008AH         PUBLIC        TL0
  D:008BH         PUBLIC        TL1
  B:0088H.4       PUBLIC        TR0
  B:0088H.6       PUBLIC        TR1
  D:008FH         PUBLIC        INT_CLKO
  D:00D0H         PUBLIC        PSW
  -------         PROC          TIMER0_INIT
  C:39FFH         LINE#         29
  C:39FFH         LINE#         30
  C:39FFH         LINE#         31
  C:3A01H         LINE#         34
  C:3A03H         LINE#         36
  C:3A06H         LINE#         37
  C:3A06H         LINE#         39
  C:3A09H         LINE#         41
  C:3A0CH         LINE#         43
BL51 BANKED LINKER/LOCATER V6.22                                                      02/26/2021  13:57:31  PAGE 17


  C:3A0FH         LINE#         44
  C:3A12H         LINE#         45
  C:3A15H         LINE#         46
  C:3A17H         LINE#         47
  -------         ENDPROC       TIMER0_INIT
  -------         PROC          TIMER1_INIT
  C:3A18H         LINE#         56
  C:3A18H         LINE#         57
  C:3A18H         LINE#         58
  C:3A1AH         LINE#         64
  C:3A1CH         LINE#         66
  C:3A1FH         LINE#         67
  C:3A1FH         LINE#         69
  C:3A22H         LINE#         71
  C:3A25H         LINE#         74
  C:3A28H         LINE#         75
  C:3A2BH         LINE#         76
  C:3A2EH         LINE#         83
  C:3A30H         LINE#         88
  -------         ENDPROC       TIMER1_INIT
  -------         ENDMOD        TIMER

  -------         MODULE        REDA_DATA
  C:0000H         SYMBOL        _ICE_DUMMY_
  D:0080H         PUBLIC        P0
  D:0090H         PUBLIC        P1
  D:00A0H         PUBLIC        P2
  D:00B0H         PUBLIC        P3
  D:00C0H         PUBLIC        P4
  D:00C8H         PUBLIC        P5
  D:00E8H         PUBLIC        P6
  D:00F8H         PUBLIC        P7
  D:00A8H         PUBLIC        IE
  D:00B8H         PUBLIC        IP
  D:00D8H         PUBLIC        CCON
  D:0098H         PUBLIC        SCON
  D:0088H         PUBLIC        TCON
  D:00D0H         PUBLIC        PSW
  -------         ENDMOD        REDA_DATA

  -------         MODULE        KEY
  C:0000H         SYMBOL        _ICE_DUMMY_
  D:0080H         PUBLIC        P0
  D:0090H         PUBLIC        P1
  D:00A0H         PUBLIC        P2
  D:00B0H         PUBLIC        P3
  D:00C0H         PUBLIC        P4
  D:00C8H         PUBLIC        P5
  D:00E8H         PUBLIC        P6
  D:00F8H         PUBLIC        P7
  D:00A8H         PUBLIC        IE
  D:00B8H         PUBLIC        IP
  B:00C0H.7       PUBLIC        OK
  D:00D8H         PUBLIC        CCON
  D:0098H         PUBLIC        SCON
  D:0088H         PUBLIC        TCON
  B:0090H.5       PUBLIC        D
BL51 BANKED LINKER/LOCATER V6.22                                                      02/26/2021  13:57:31  PAGE 18


  B:0090H.3       PUBLIC        E
  B:0090H.4       PUBLIC        S
  C:32F5H         PUBLIC        key_scan
  B:0090H.2       PUBLIC        W
  B:00C8H.4       PUBLIC        RET
  D:00D0H         PUBLIC        PSW
  -------         PROC          KEY_SCAN
  -------         DO            
  X:0013H         SYMBOL        ke
  -------         ENDDO         
  C:32F5H         LINE#         12
  C:32F5H         LINE#         13
  C:32F5H         LINE#         14
  C:32F9H         LINE#         15
  C:32FBH         LINE#         16
  C:32FDH         LINE#         17
  C:32FFH         LINE#         18
  C:3301H         LINE#         19
  C:3303H         LINE#         20
  C:3305H         LINE#         22
  C:330BH         LINE#         24
  C:330EH         LINE#         25
  C:3313H         LINE#         26
  C:3313H         LINE#         27
  C:3316H         LINE#         28
  C:331CH         LINE#         29
  C:331CH         LINE#         30
  C:331FH         LINE#         31
  C:3325H         LINE#         32
  C:3325H         LINE#         33
  C:3328H         LINE#         34
  C:332EH         LINE#         35
  C:332EH         LINE#         36
  C:3331H         LINE#         37
  C:3337H         LINE#         38
  C:3337H         LINE#         39
  C:333AH         LINE#         40
  C:3340H         LINE#         41
  C:3340H         LINE#         43
  C:3344H         LINE#         45
  -------         ENDPROC       KEY_SCAN
  -------         ENDMOD        KEY

  -------         MODULE        MCU_API
  C:0000H         SYMBOL        _ICE_DUMMY_
  C:3BFDH         PUBLIC        mcu_get_reset_wifi_flag
  C:3B01H         PUBLIC        _mcu_set_wifi_mode
  C:324DH         PUBLIC        _mcu_dp_raw_update
  C:2E15H         PUBLIC        _hex_to_bcd
  C:2B5AH         PUBLIC        _uart_receive_input
  C:3C02H         PUBLIC        mcu_get_wifimode_flag
  C:38D4H         PUBLIC        wifi_protocol_init
  C:3627H         PUBLIC        _uart_receive_buff_input
  C:3C07H         PUBLIC        mcu_get_wifi_work_state
  C:1AB4H         PUBLIC        wifi_uart_service
  C:217CH         PUBLIC        _byte_to_int
  C:3092H         PUBLIC        _int_to_byte
BL51 BANKED LINKER/LOCATER V6.22                                                      02/26/2021  13:57:31  PAGE 19


  C:3BCAH         PUBLIC        mcu_start_wifitest
  C:1F08H         PUBLIC        _my_memcpy
  C:30EDH         PUBLIC        _my_memset
  C:3BBFH         PUBLIC        _mcu_get_dp_download_value
  C:3B9AH         PUBLIC        mcu_reset_wifi
  C:32A1H         PUBLIC        _mcu_dp_string_update
  C:22A5H         PUBLIC        _mcu_dp_fault_update
  C:2E86H         PUBLIC        _my_strlen
  C:2AB9H         PUBLIC        _mcu_dp_value_update
  C:2F66H         PUBLIC        _my_strcmp
  C:3BA7H         PUBLIC        _mcu_get_dp_download_bool
  C:2C84H         PUBLIC        _my_strcpy
  C:3532H         PUBLIC        _mcu_dp_bool_update
  C:3BB3H         PUBLIC        _mcu_get_dp_download_enum
  C:35EDH         PUBLIC        _mcu_dp_enum_update
  -------         PROC          _HEX_TO_BCD
  D:0007H         SYMBOL        Value_H
  D:0005H         SYMBOL        Value_L
  -------         DO            
  D:0007H         SYMBOL        bcd_value
  -------         ENDDO         
  C:2E15H         LINE#         30
  C:2E15H         LINE#         31
  C:2E15H         LINE#         34
  C:2E21H         LINE#         35
  C:2E27H         LINE#         36
  C:2E33H         LINE#         37
  C:2E39H         LINE#         38
  C:2E45H         LINE#         39
  C:2E49H         LINE#         41
  C:2E4CH         LINE#         43
  C:2E50H         LINE#         44
  C:2E5CH         LINE#         45
  C:2E62H         LINE#         46
  C:2E6EH         LINE#         47
  C:2E70H         LINE#         48
  C:2E7CH         LINE#         49
  C:2E80H         LINE#         51
  C:2E85H         LINE#         53
  C:2E85H         LINE#         54
  -------         ENDPROC       _HEX_TO_BCD
  -------         PROC          _MY_STRLEN
  X:0014H         SYMBOL        str
  -------         DO            
  X:0017H         SYMBOL        len
  -------         ENDDO         
  C:2E86H         LINE#         61
  C:2E90H         LINE#         62
  C:2E90H         LINE#         63
  C:2E98H         LINE#         64
  C:2EA5H         LINE#         65
  C:2EAAH         LINE#         66
  C:2EAAH         LINE#         68
  C:2EC9H         LINE#         69
  C:2EE6H         LINE#         70
  C:2EE8H         LINE#         72
  C:2EF5H         LINE#         73
BL51 BANKED LINKER/LOCATER V6.22                                                      02/26/2021  13:57:31  PAGE 20


  -------         ENDPROC       _MY_STRLEN
  -------         PROC          _MY_MEMSET
  X:001BH         SYMBOL        src
  D:0005H         SYMBOL        ch
  X:001FH         SYMBOL        count
  -------         DO            
  X:0021H         SYMBOL        tmp
  -------         ENDDO         
  C:30EDH         LINE#         82
  C:30F7H         LINE#         83
  C:30F7H         LINE#         84
  C:3101H         LINE#         86
  C:310EH         LINE#         87
  C:3112H         LINE#         88
  C:3112H         LINE#         90
  C:3124H         LINE#         91
  C:3139H         LINE#         92
  C:313BH         LINE#         94
  C:3145H         LINE#         95
  -------         ENDPROC       _MY_MEMSET
  -------         PROC          _MY_MEMCPY
  X:0024H         SYMBOL        dest
  X:0027H         SYMBOL        src
  X:002AH         SYMBOL        count
  -------         DO            
  X:002CH         SYMBOL        pdest
  X:002FH         SYMBOL        psrc
  X:0032H         SYMBOL        i
  -------         ENDDO         
  C:1F08H         LINE#         104
  C:1F12H         LINE#         105
  C:1F12H         LINE#         106
  C:1F1CH         LINE#         107
  C:1F2FH         LINE#         110
  C:1F48H         LINE#         111
  C:1F4FH         LINE#         112
  C:1F4FH         LINE#         114
  C:1FA0H         LINE#         115
  C:1FBDH         LINE#         116
  C:1FE1H         LINE#         117
  C:1FEEH         LINE#         118
  C:1FEEH         LINE#         119
  C:200AH         LINE#         120
  C:2036H         LINE#         121
  C:2043H         LINE#         122
  C:2043H         LINE#         124
  C:204DH         LINE#         125
  -------         ENDPROC       _MY_MEMCPY
  -------         PROC          _MY_STRCPY
  X:0034H         SYMBOL        dest
  X:0037H         SYMBOL        src
  -------         DO            
  X:003AH         SYMBOL        p
  -------         ENDDO         
  C:2C84H         LINE#         133
  C:2C8EH         LINE#         134
  C:2C8EH         LINE#         135
BL51 BANKED LINKER/LOCATER V6.22                                                      02/26/2021  13:57:31  PAGE 21


  C:2C98H         LINE#         137
  C:2CB1H         LINE#         138
  C:2CB8H         LINE#         139
  C:2CB8H         LINE#         142
  C:2CC7H         LINE#         143
  C:2CF1H         LINE#         144
  C:2CF3H         LINE#         145
  C:2D01H         LINE#         146
  C:2D0BH         LINE#         147
  -------         ENDPROC       _MY_STRCPY
  -------         PROC          _MY_STRCMP
  X:003DH         SYMBOL        s1
  X:0040H         SYMBOL        s2
  C:2F66H         LINE#         158
  C:2F70H         LINE#         159
  C:2F70H         LINE#         160
  C:2F91H         LINE#         161
  C:2F9CH         LINE#         162
  C:2FA7H         LINE#         163
  C:2FA9H         LINE#         164
  C:2FD4H         LINE#         165
  -------         ENDPROC       _MY_STRCMP
  -------         PROC          _INT_TO_BYTE
  X:0043H         SYMBOL        number
  D:0001H         SYMBOL        value
  C:3092H         LINE#         173
  C:3097H         LINE#         174
  C:3097H         LINE#         175
  C:30ADH         LINE#         176
  C:30C6H         LINE#         177
  C:30DFH         LINE#         178
  -------         ENDPROC       _INT_TO_BYTE
  -------         PROC          _BYTE_TO_INT
  X:0047H         SYMBOL        value
  -------         DO            
  X:004AH         SYMBOL        nubmer
  -------         ENDDO         
  C:217CH         LINE#         186
  C:2186H         LINE#         187
  C:2186H         LINE#         188
  C:218EH         LINE#         190
  C:219BH         LINE#         191
  C:21B2H         LINE#         192
  C:21EFH         LINE#         193
  C:2206H         LINE#         194
  C:2243H         LINE#         195
  C:225AH         LINE#         196
  C:2297H         LINE#         198
  C:22A4H         LINE#         199
  -------         ENDPROC       _BYTE_TO_INT
  -------         PROC          _MCU_DP_RAW_UPDATE
  D:0005H         SYMBOL        dpid
  X:004FH         SYMBOL        value
  X:0052H         SYMBOL        len
  -------         DO            
  D:0006H         SYMBOL        send_len
  -------         ENDDO         
BL51 BANKED LINKER/LOCATER V6.22                                                      02/26/2021  13:57:31  PAGE 22


  C:324DH         LINE#         209
  C:3259H         LINE#         210
  C:3259H         LINE#         211
  C:325CH         LINE#         213
  C:3262H         LINE#         214
  C:3264H         LINE#         216
  C:3267H         LINE#         217
  C:326CH         LINE#         219
  C:3273H         LINE#         220
  C:327AH         LINE#         222
  C:3293H         LINE#         224
  C:329EH         LINE#         226
  C:32A0H         LINE#         227
  -------         ENDPROC       _MCU_DP_RAW_UPDATE
  -------         PROC          _MCU_DP_BOOL_UPDATE
  D:0004H         SYMBOL        dpid
  X:0054H         SYMBOL        value
  -------         DO            
  D:0006H         SYMBOL        send_len
  -------         ENDDO         
  C:3532H         LINE#         236
  C:3538H         LINE#         237
  C:3538H         LINE#         238
  C:353BH         LINE#         240
  C:3541H         LINE#         241
  C:3543H         LINE#         243
  C:3548H         LINE#         244
  C:354DH         LINE#         246
  C:3552H         LINE#         247
  C:3557H         LINE#         249
  C:355CH         LINE#         250
  C:355DH         LINE#         251
  C:355FH         LINE#         252
  C:3564H         LINE#         253
  C:3564H         LINE#         255
  C:356FH         LINE#         257
  C:3571H         LINE#         258
  -------         ENDPROC       _MCU_DP_BOOL_UPDATE
  -------         PROC          _MCU_DP_VALUE_UPDATE
  D:0005H         SYMBOL        dpid
  X:0056H         SYMBOL        value
  -------         DO            
  D:0006H         SYMBOL        send_len
  -------         ENDDO         
  C:2AB9H         LINE#         267
  C:2ABBH         LINE#         268
  C:2ABBH         LINE#         269
  C:2ABEH         LINE#         271
  C:2AC4H         LINE#         272
  C:2AC6H         LINE#         274
  C:2AC9H         LINE#         275
  C:2ACEH         LINE#         277
  C:2AD3H         LINE#         278
  C:2AD8H         LINE#         280
  C:2AF7H         LINE#         281
  C:2B16H         LINE#         282
  C:2B35H         LINE#         283
BL51 BANKED LINKER/LOCATER V6.22                                                      02/26/2021  13:57:31  PAGE 23


  C:2B4CH         LINE#         285
  C:2B57H         LINE#         287
  C:2B59H         LINE#         288
  -------         ENDPROC       _MCU_DP_VALUE_UPDATE
  -------         PROC          _MCU_DP_STRING_UPDATE
  D:0005H         SYMBOL        dpid
  X:005BH         SYMBOL        value
  X:005EH         SYMBOL        len
  -------         DO            
  D:0006H         SYMBOL        send_len
  -------         ENDDO         
  C:32A1H         LINE#         298
  C:32ADH         LINE#         299
  C:32ADH         LINE#         300
  C:32B0H         LINE#         302
  C:32B6H         LINE#         303
  C:32B8H         LINE#         305
  C:32BBH         LINE#         306
  C:32C0H         LINE#         308
  C:32C7H         LINE#         309
  C:32CEH         LINE#         311
  C:32E7H         LINE#         313
  C:32F2H         LINE#         315
  C:32F4H         LINE#         316
  -------         ENDPROC       _MCU_DP_STRING_UPDATE
  -------         PROC          _MCU_DP_ENUM_UPDATE
  D:0004H         SYMBOL        dpid
  X:0060H         SYMBOL        value
  -------         DO            
  D:0006H         SYMBOL        send_len
  -------         ENDDO         
  C:35EDH         LINE#         325
  C:35F3H         LINE#         326
  C:35F3H         LINE#         327
  C:35F6H         LINE#         329
  C:35FCH         LINE#         330
  C:35FEH         LINE#         332
  C:3603H         LINE#         333
  C:3608H         LINE#         335
  C:360DH         LINE#         336
  C:3612H         LINE#         338
  C:3619H         LINE#         340
  C:3624H         LINE#         342
  C:3626H         LINE#         343
  -------         ENDPROC       _MCU_DP_ENUM_UPDATE
  -------         PROC          _MCU_DP_FAULT_UPDATE
  D:0005H         SYMBOL        dpid
  X:0062H         SYMBOL        value
  -------         DO            
  D:0082H         SYMBOL        send_len
  -------         ENDDO         
  C:22A5H         LINE#         352
  C:22A7H         LINE#         353
  C:22A7H         LINE#         354
  C:22AAH         LINE#         356
  C:22B0H         LINE#         357
  C:22B3H         LINE#         359
BL51 BANKED LINKER/LOCATER V6.22                                                      02/26/2021  13:57:31  PAGE 24


  C:22BEH         LINE#         360
  C:22C7H         LINE#         362
  C:22D0H         LINE#         364
  C:22E9H         LINE#         365
  C:22F6H         LINE#         366
  C:22FDH         LINE#         367
  C:231CH         LINE#         368
  C:231EH         LINE#         369
  C:231EH         LINE#         370
  C:231EH         LINE#         371
  C:2320H         LINE#         372
  C:2329H         LINE#         373
  C:234CH         LINE#         374
  C:236FH         LINE#         375
  C:2392H         LINE#         376
  C:23ADH         LINE#         377
  C:23ADH         LINE#         379
  C:23BCH         LINE#         381
  C:23BEH         LINE#         382
  -------         ENDPROC       _MCU_DP_FAULT_UPDATE
  -------         PROC          _MCU_GET_DP_DOWNLOAD_BOOL
  D:0001H         SYMBOL        value
  X:0066H         SYMBOL        len
  C:3BA7H         LINE#         576
  C:3BAEH         LINE#         577
  C:3BAEH         LINE#         578
  C:3BB2H         LINE#         579
  -------         ENDPROC       _MCU_GET_DP_DOWNLOAD_BOOL
  -------         PROC          _MCU_GET_DP_DOWNLOAD_ENUM
  D:0001H         SYMBOL        value
  X:0068H         SYMBOL        len
  C:3BB3H         LINE#         588
  C:3BBAH         LINE#         589
  C:3BBAH         LINE#         590
  C:3BBEH         LINE#         591
  -------         ENDPROC       _MCU_GET_DP_DOWNLOAD_ENUM
  -------         PROC          _MCU_GET_DP_DOWNLOAD_VALUE
  D:0001H         SYMBOL        value
  X:006AH         SYMBOL        len
  C:3BBFH         LINE#         600
  C:3BC6H         LINE#         601
  C:3BC6H         LINE#         602
  C:3BC9H         LINE#         603
  -------         ENDPROC       _MCU_GET_DP_DOWNLOAD_VALUE
  -------         PROC          _UART_RECEIVE_INPUT
  X:01A2H         SYMBOL        value
  C:2B5AH         LINE#         611
  C:2B5EH         LINE#         612
  C:2B5EH         LINE#         615
  C:2B7BH         LINE#         617
  C:2BBFH         LINE#         619
  C:2BBFH         LINE#         621
  C:2BD1H         LINE#         622
  C:2BDEH         LINE#         623
  C:2BDEH         LINE#         625
  C:2BF7H         LINE#         626
  C:2BF7H         LINE#         627
BL51 BANKED LINKER/LOCATER V6.22                                                      02/26/2021  13:57:31  PAGE 25


  -------         ENDPROC       _UART_RECEIVE_INPUT
  -------         PROC          _UART_RECEIVE_BUFF_INPUT
  X:006CH         SYMBOL        value
  X:006FH         SYMBOL        data_len
  -------         DO            
  D:0004H         SYMBOL        i
  -------         ENDDO         
  C:3627H         LINE#         636
  C:3637H         LINE#         637
  C:3637H         LINE#         640
  C:363AH         LINE#         641
  C:3644H         LINE#         642
  C:3659H         LINE#         643
  C:3660H         LINE#         644
  -------         ENDPROC       _UART_RECEIVE_BUFF_INPUT
  -------         PROC          WIFI_UART_SERVICE
  -------         DO            
  X:0071H         SYMBOL        rx_in
  X:0073H         SYMBOL        offset
  X:0075H         SYMBOL        rx_value_len
  -------         ENDDO         
  C:1AB4H         LINE#         652
  C:1AB4H         LINE#         653
  C:1AB4H         LINE#         656
  C:1ABAH         LINE#         657
  C:1ABEH         LINE#         659
  C:1AD3H         LINE#         660
  C:1AE9H         LINE#         661
  C:1AEBH         LINE#         663
  C:1AFAH         LINE#         666
  C:1B17H         LINE#         667
  C:1B20H         LINE#         668
  C:1B20H         LINE#         669
  C:1B22H         LINE#         670
  C:1B22H         LINE#         672
  C:1B2BH         LINE#         673
  C:1B30H         LINE#         674
  C:1B33H         LINE#         675
  C:1B33H         LINE#         677
  C:1B3EH         LINE#         678
  C:1B43H         LINE#         679
  C:1B46H         LINE#         680
  C:1B46H         LINE#         682
  C:1B55H         LINE#         683
  C:1B69H         LINE#         684
  C:1B76H         LINE#         685
  C:1B7BH         LINE#         686
  C:1B7DH         LINE#         687
  C:1B7DH         LINE#         689
  C:1B95H         LINE#         690
  C:1B95H         LINE#         691
  C:1B95H         LINE#         694
  C:1BC4H         LINE#         697
  C:1BCFH         LINE#         698
  C:1BD2H         LINE#         699
  C:1BD2H         LINE#         701
  C:1BD5H         LINE#         702
BL51 BANKED LINKER/LOCATER V6.22                                                      02/26/2021  13:57:31  PAGE 26


  C:1BE5H         LINE#         703
  C:1BE8H         LINE#         705
  C:1BFDH         LINE#         706
  C:1C05H         LINE#         707
  C:1C2AH         LINE#         708
  C:1C2AH         LINE#         709
  -------         ENDPROC       WIFI_UART_SERVICE
  -------         PROC          WIFI_PROTOCOL_INIT
  C:38D4H         LINE#         717
  C:38D4H         LINE#         718
  C:38D4H         LINE#         720
  C:38E1H         LINE#         721
  C:38EEH         LINE#         723
  C:38F2H         LINE#         726
  C:38F7H         LINE#         728
  -------         ENDPROC       WIFI_PROTOCOL_INIT
  -------         PROC          MCU_GET_RESET_WIFI_FLAG
  C:3BFDH         LINE#         742
  C:3BFDH         LINE#         743
  C:3BFDH         LINE#         744
  C:3C01H         LINE#         745
  -------         ENDPROC       MCU_GET_RESET_WIFI_FLAG
  -------         PROC          MCU_RESET_WIFI
  C:3B9AH         LINE#         754
  C:3B9AH         LINE#         755
  C:3B9AH         LINE#         756
  C:3B9EH         LINE#         758
  -------         ENDPROC       MCU_RESET_WIFI
  -------         PROC          MCU_GET_WIFIMODE_FLAG
  C:3C02H         LINE#         770
  C:3C02H         LINE#         771
  C:3C02H         LINE#         772
  C:3C06H         LINE#         773
  -------         ENDPROC       MCU_GET_WIFIMODE_FLAG
  -------         PROC          _MCU_SET_WIFI_MODE
  D:0005H         SYMBOL        mode
  -------         DO            
  D:0007H         SYMBOL        length
  -------         ENDDO         
  C:3B01H         LINE#         785
  C:3B03H         LINE#         786
  C:3B03H         LINE#         787
  C:3B05H         LINE#         789
  C:3B08H         LINE#         791
  C:3B0CH         LINE#         793
  -------         ENDPROC       _MCU_SET_WIFI_MODE
  -------         PROC          MCU_GET_WIFI_WORK_STATE
  C:3C07H         LINE#         809
  C:3C07H         LINE#         810
  C:3C07H         LINE#         811
  C:3C0BH         LINE#         812
  -------         ENDPROC       MCU_GET_WIFI_WORK_STATE
  -------         PROC          MCU_START_WIFITEST
  C:3BCAH         LINE#         848
  C:3BCAH         LINE#         849
  C:3BCAH         LINE#         850
  -------         ENDPROC       MCU_START_WIFITEST
BL51 BANKED LINKER/LOCATER V6.22                                                      02/26/2021  13:57:31  PAGE 27


  -------         ENDMOD        MCU_API

  -------         MODULE        PROTOCOL
  C:0000H         SYMBOL        _ICE_DUMMY_
  D:0080H         PUBLIC        P0
  D:0090H         PUBLIC        P1
  D:00A0H         PUBLIC        P2
  D:00B0H         PUBLIC        P3
  D:00C0H         PUBLIC        P4
  D:00C8H         PUBLIC        P5
  D:00E8H         PUBLIC        P6
  C:37E8H         SYMBOL        _dp_download_maxhum_set_handle
  D:00F8H         PUBLIC        P7
  D:00A8H         PUBLIC        IE
  D:00B8H         PUBLIC        IP
  C:3A4AH         SYMBOL        _dp_download_data_is_handle
  C:3C18H         PUBLIC        get_download_cmd_total
  C:25B4H         PUBLIC        all_data_update
  D:00D8H         PUBLIC        CCON
  C:3C15H         PUBLIC        _uart_transmit_output
  D:0098H         PUBLIC        SCON
  D:0088H         PUBLIC        TCON
  C:3744H         SYMBOL        _dp_download_temp_sampling_handle
  C:383AH         SYMBOL        _dp_download_bright_value_handle
  C:26A3H         PUBLIC        _wifi_test_result
  C:37BFH         SYMBOL        _dp_download_minitemp_set_handle
  C:2789H         PUBLIC        _dp_download_handle
  C:3811H         SYMBOL        _dp_download_minihum_set_handle
  C:3796H         SYMBOL        _dp_download_maxtemp_set_handle
  X:009BH         PUBLIC        download_cmd
  C:376DH         SYMBOL        _dp_download_humidity_sampling_handle
  D:00D0H         PUBLIC        PSW
  -------         PROC          _UART_TRANSMIT_OUTPUT
  D:0007H         SYMBOL        value
  C:3C15H         LINE#         109
  C:3C15H         LINE#         110
  C:3C15H         LINE#         112
  -------         ENDPROC       _UART_TRANSMIT_OUTPUT
  -------         PROC          ALL_DATA_UPDATE
  C:25B4H         LINE#         152
  C:25B4H         LINE#         153
  C:25B4H         LINE#         156
  C:25CBH         LINE#         157
  C:25E2H         LINE#         158
  C:25F4H         LINE#         159
  C:2606H         LINE#         160
  C:261DH         LINE#         161
  C:2634H         LINE#         162
  C:264BH         LINE#         163
  C:2662H         LINE#         164
  C:266CH         LINE#         165
  C:2676H         LINE#         166
  C:268DH         LINE#         167
  -------         ENDPROC       ALL_DATA_UPDATE
  -------         PROC          _DP_DOWNLOAD_TEMP_SAMPLING_HANDLE
  D:0001H         SYMBOL        value
  D:0004H         SYMBOL        length
BL51 BANKED LINKER/LOCATER V6.22                                                      02/26/2021  13:57:31  PAGE 28


  -------         DO            
  D:0007H         SYMBOL        ret
  X:0077H         SYMBOL        temp_sampling
  -------         ENDDO         
  C:3744H         LINE#         202
  C:3744H         LINE#         203
  C:3744H         LINE#         208
  C:374CH         LINE#         215
  C:3763H         LINE#         216
  C:3767H         LINE#         217
  C:376AH         LINE#         219
  C:376CH         LINE#         220
  -------         ENDPROC       _DP_DOWNLOAD_TEMP_SAMPLING_HANDLE
  -------         PROC          _DP_DOWNLOAD_HUMIDITY_SAMPLING_HANDLE
  D:0001H         SYMBOL        value
  D:0004H         SYMBOL        length
  -------         DO            
  D:0007H         SYMBOL        ret
  X:007BH         SYMBOL        humidity_sampling
  -------         ENDDO         
  C:376DH         LINE#         229
  C:376DH         LINE#         230
  C:376DH         LINE#         235
  C:3775H         LINE#         242
  C:378CH         LINE#         243
  C:3790H         LINE#         244
  C:3793H         LINE#         246
  C:3795H         LINE#         247
  -------         ENDPROC       _DP_DOWNLOAD_HUMIDITY_SAMPLING_HANDLE
  -------         PROC          _DP_DOWNLOAD_MAXTEMP_SET_HANDLE
  D:0001H         SYMBOL        value
  D:0004H         SYMBOL        length
  -------         DO            
  D:0007H         SYMBOL        ret
  X:007FH         SYMBOL        maxtemp_set
  -------         ENDDO         
  C:3796H         LINE#         256
  C:3796H         LINE#         257
  C:3796H         LINE#         262
  C:379EH         LINE#         269
  C:37B5H         LINE#         270
  C:37B9H         LINE#         271
  C:37BCH         LINE#         273
  C:37BEH         LINE#         274
  -------         ENDPROC       _DP_DOWNLOAD_MAXTEMP_SET_HANDLE
  -------         PROC          _DP_DOWNLOAD_MINITEMP_SET_HANDLE
  D:0001H         SYMBOL        value
  D:0004H         SYMBOL        length
  -------         DO            
  D:0007H         SYMBOL        ret
  X:0083H         SYMBOL        minitemp_set
  -------         ENDDO         
  C:37BFH         LINE#         283
  C:37BFH         LINE#         284
  C:37BFH         LINE#         289
  C:37C7H         LINE#         296
  C:37DEH         LINE#         297
BL51 BANKED LINKER/LOCATER V6.22                                                      02/26/2021  13:57:31  PAGE 29


  C:37E2H         LINE#         298
  C:37E5H         LINE#         300
  C:37E7H         LINE#         301
  -------         ENDPROC       _DP_DOWNLOAD_MINITEMP_SET_HANDLE
  -------         PROC          _DP_DOWNLOAD_MAXHUM_SET_HANDLE
  D:0001H         SYMBOL        value
  D:0004H         SYMBOL        length
  -------         DO            
  D:0007H         SYMBOL        ret
  X:0087H         SYMBOL        maxhum_set
  -------         ENDDO         
  C:37E8H         LINE#         310
  C:37E8H         LINE#         311
  C:37E8H         LINE#         316
  C:37F0H         LINE#         323
  C:3807H         LINE#         324
  C:380BH         LINE#         325
  C:380EH         LINE#         327
  C:3810H         LINE#         328
  -------         ENDPROC       _DP_DOWNLOAD_MAXHUM_SET_HANDLE
  -------         PROC          _DP_DOWNLOAD_MINIHUM_SET_HANDLE
  D:0001H         SYMBOL        value
  D:0004H         SYMBOL        length
  -------         DO            
  D:0007H         SYMBOL        ret
  X:008BH         SYMBOL        minihum_set
  -------         ENDDO         
  C:3811H         LINE#         337
  C:3811H         LINE#         338
  C:3811H         LINE#         343
  C:3819H         LINE#         350
  C:3830H         LINE#         351
  C:3834H         LINE#         352
  C:3837H         LINE#         354
  C:3839H         LINE#         355
  -------         ENDPROC       _DP_DOWNLOAD_MINIHUM_SET_HANDLE
  -------         PROC          _DP_DOWNLOAD_BRIGHT_VALUE_HANDLE
  D:0001H         SYMBOL        value
  D:0004H         SYMBOL        length
  -------         DO            
  D:0007H         SYMBOL        ret
  X:008FH         SYMBOL        bright_value
  -------         ENDDO         
  C:383AH         LINE#         364
  C:383AH         LINE#         365
  C:383AH         LINE#         370
  C:3842H         LINE#         377
  C:3859H         LINE#         378
  C:385DH         LINE#         379
  C:3860H         LINE#         381
  C:3862H         LINE#         382
  -------         ENDPROC       _DP_DOWNLOAD_BRIGHT_VALUE_HANDLE
  -------         PROC          _DP_DOWNLOAD_DATA_IS_HANDLE
  D:0001H         SYMBOL        value
  D:0004H         SYMBOL        length
  -------         DO            
  D:0007H         SYMBOL        ret
BL51 BANKED LINKER/LOCATER V6.22                                                      02/26/2021  13:57:31  PAGE 30


  -------         ENDDO         
  C:3A4AH         LINE#         391
  C:3A4AH         LINE#         392
  C:3A4AH         LINE#         410
  C:3A58H         LINE#         411
  C:3A5CH         LINE#         412
  C:3A5FH         LINE#         414
  C:3A61H         LINE#         415
  -------         ENDPROC       _DP_DOWNLOAD_DATA_IS_HANDLE
  -------         PROC          _DP_DOWNLOAD_HANDLE
  D:0007H         SYMBOL        dpid
  X:0094H         SYMBOL        value
  X:0097H         SYMBOL        length
  -------         DO            
  X:0099H         SYMBOL        ret
  -------         ENDDO         
  C:2789H         LINE#         435
  C:2793H         LINE#         436
  C:2793H         LINE#         443
  C:27BDH         LINE#         444
  C:27BDH         LINE#         446
  C:27D0H         LINE#         447
  C:27D3H         LINE#         448
  C:27D3H         LINE#         450
  C:27E6H         LINE#         451
  C:27E8H         LINE#         452
  C:27E8H         LINE#         454
  C:27FBH         LINE#         455
  C:27FDH         LINE#         456
  C:27FDH         LINE#         458
  C:2810H         LINE#         459
  C:2812H         LINE#         460
  C:2812H         LINE#         462
  C:2825H         LINE#         463
  C:2827H         LINE#         464
  C:2827H         LINE#         466
  C:283AH         LINE#         467
  C:283CH         LINE#         468
  C:283CH         LINE#         470
  C:284FH         LINE#         471
  C:2851H         LINE#         472
  C:2851H         LINE#         474
  C:2868H         LINE#         475
  C:2868H         LINE#         478
  C:2868H         LINE#         479
  C:2868H         LINE#         480
  C:2868H         LINE#         481
  C:286CH         LINE#         482
  -------         ENDPROC       _DP_DOWNLOAD_HANDLE
  -------         PROC          GET_DOWNLOAD_CMD_TOTAL
  C:3C18H         LINE#         490
  C:3C18H         LINE#         491
  C:3C18H         LINE#         492
  C:3C1AH         LINE#         493
  -------         ENDPROC       GET_DOWNLOAD_CMD_TOTAL
  -------         PROC          _WIFI_TEST_RESULT
  D:0007H         SYMBOL        result
BL51 BANKED LINKER/LOCATER V6.22                                                      02/26/2021  13:57:31  PAGE 31


  X:009AH         SYMBOL        rssi
  C:26A3H         LINE#         618
  C:26A7H         LINE#         619
  C:26A7H         LINE#         621
  C:26ADH         LINE#         624
  C:26B5H         LINE#         625
  C:26BEH         LINE#         626
  C:26C7H         LINE#         627
  C:26D0H         LINE#         628
  C:26D9H         LINE#         630
  C:26DEH         LINE#         633
  C:26E6H         LINE#         634
  C:26EFH         LINE#         635
  C:26F8H         LINE#         636
  C:2701H         LINE#         637
  C:270AH         LINE#         638
  C:2713H         LINE#         639
  C:2719H         LINE#         641
  C:2722H         LINE#         644
  C:272AH         LINE#         645
  C:2733H         LINE#         646
  C:273CH         LINE#         647
  C:2745H         LINE#         648
  C:274EH         LINE#         649
  C:274EH         LINE#         650
  C:274EH         LINE#         653
  C:2760H         LINE#         656
  C:2772H         LINE#         657
  C:2788H         LINE#         658
  C:2788H         LINE#         659
  -------         ENDPROC       _WIFI_TEST_RESULT
  -------         ENDMOD        PROTOCOL

  -------         MODULE        SYSTEM
  C:0000H         SYMBOL        _ICE_DUMMY_
  C:38F8H         SYMBOL        _get_dowmload_dpid_index
  C:3BD4H         SYMBOL        get_mcu_wifi_mode
  C:388AH         SYMBOL        heat_beat_check
  X:0101H         PUBLIC        set_wifimode_flag
  C:39A5H         PUBLIC        _set_wifi_uart_byte
  C:3694H         PUBLIC        with_data_rxbuff
  X:0102H         PUBLIC        stop_update_flag
  C:3035H         PUBLIC        take_byte_rxbuff
  X:0103H         PUBLIC        wifi_data_process_buf
  X:0122H         PUBLIC        reset_wifi_flag
  X:0123H         PUBLIC        wifi_uart_rx_buf
  X:013AH         PUBLIC        wifi_uart_tx_buf
  X:0171H         PUBLIC        rx_buf_in
  C:35E3H         SYMBOL        _?ix1000
  X:0174H         PUBLIC        rx_buf_out
  C:3146H         PUBLIC        _wifi_uart_write_frame
  C:33E0H         PUBLIC        _get_check_sum
  C:319FH         SYMBOL        _wifi_uart_write_data
  X:0177H         PUBLIC        wifi_work_state
  C:2FDDH         PUBLIC        _set_wifi_uart_buffer
  C:24C3H         PUBLIC        _data_handle
  C:2EF6H         SYMBOL        _data_point_handle
BL51 BANKED LINKER/LOCATER V6.22                                                      02/26/2021  13:57:31  PAGE 32


  C:23BFH         SYMBOL        product_info_update
  -------         PROC          _SET_WIFI_UART_BYTE
  X:00B3H         SYMBOL        dest
  D:0005H         SYMBOL        byte
  -------         DO            
  D:0001H         SYMBOL        obj
  -------         ENDDO         
  C:39A5H         LINE#         34
  C:39ACH         LINE#         35
  C:39ACH         LINE#         36
  C:39B3H         LINE#         38
  C:39B7H         LINE#         39
  C:39C0H         LINE#         41
  C:39C5H         LINE#         42
  -------         ENDPROC       _SET_WIFI_UART_BYTE
  -------         PROC          L?0055
  -------         ENDPROC       L?0055
[...]
  D:00B8H         PUBLIC        IP
BL51 BANKED LINKER/LOCATER V6.22                                                      02/26/2021  13:57:31  PAGE 44


  D:00D8H         PUBLIC        CCON
  C:3A31H         PUBLIC        _SHT3X_WriteCommand
  C:3B68H         PUBLIC        _I2CDelay
  D:0098H         PUBLIC        SCON
  D:0088H         PUBLIC        TCON
  C:3BF7H         SYMBOL        _?ix1000
  C:3AA7H         PUBLIC        I2CStart
  C:3C0CH         PUBLIC        I2CInit
  B:0090H.5       PUBLIC        SDA
  B:0090H.4       PUBLIC        SCL
  C:204EH         PUBLIC        _SHT3X_XHGetTempAndHumi
  C:3ABEH         PUBLIC        I2CStop
  C:3425H         PUBLIC        _SHT3X_CalcCrc
  C:3572H         PUBLIC        _I2CRDByte
  D:00D0H         PUBLIC        PSW
  -------         PROC          _SHT3X_CALCCRC
  X:0187H         SYMBOL        crcdata
  X:018AH         SYMBOL        nbrOfBytes
  -------         DO            
  D:0005H         SYMBOL        Bit
  D:0007H         SYMBOL        crc
  D:0006H         SYMBOL        byteCtr
  -------         ENDDO         
  C:3425H         LINE#         19
  C:3432H         LINE#         22
  C:3434H         LINE#         26
  C:343FH         LINE#         27
  C:343FH         LINE#         28
  C:3453H         LINE#         29
  C:3455H         LINE#         30
  C:3455H         LINE#         31
  C:3460H         LINE#         32
  C:3464H         LINE#         33
  C:3466H         LINE#         34
  C:3469H         LINE#         35
  C:3469H         LINE#         36
  -------         ENDPROC       _SHT3X_CALCCRC
  -------         PROC          L?0042
  -------         ENDPROC       L?0042
  -------         PROC          _I2CDELAY
  D:0007H         SYMBOL        t
  C:3B68H         LINE#         72
  C:3B68H         LINE#         73
  C:3B68H         LINE#         74
  C:3B6EH         LINE#         75
  -------         ENDPROC       _I2CDELAY
  -------         PROC          I2CINIT
  C:3C0CH         LINE#         83
  C:3C0CH         LINE#         84
  C:3C0CH         LINE#         85
  C:3C0EH         LINE#         86
  C:3C10H         LINE#         87
  -------         ENDPROC       I2CINIT
  -------         PROC          I2CSTART
  C:3AA7H         LINE#         95
  C:3AA7H         LINE#         96
  C:3AA7H         LINE#         97
BL51 BANKED LINKER/LOCATER V6.22                                                      02/26/2021  13:57:31  PAGE 45


  C:3AA9H         LINE#         98
  C:3AABH         LINE#         99
  C:3AB0H         LINE#         100
  C:3AB2H         LINE#         101
  C:3AB7H         LINE#         102
  C:3AB9H         LINE#         103
  -------         ENDPROC       I2CSTART
  -------         PROC          I2CSTOP
  C:3ABEH         LINE#         112
  C:3ABEH         LINE#         113
  C:3ABEH         LINE#         114
  C:3AC0H         LINE#         115
  C:3AC2H         LINE#         116
  C:3AC7H         LINE#         117
  C:3AC9H         LINE#         118
  C:3ACEH         LINE#         119
  C:3AD0H         LINE#         120
  -------         ENDPROC       I2CSTOP
  -------         PROC          _I2CWRBYTE
  D:0005H         SYMBOL        WRByte
  -------         DO            
  D:0004H         SYMBOL        i
  -------         ENDDO         
  C:34AEH         LINE#         129
  C:34B0H         LINE#         130
  C:34B0H         LINE#         132
  C:34B2H         LINE#         133
  C:34B4H         LINE#         134
  C:34B4H         LINE#         135
  C:34B8H         LINE#         136
  C:34B8H         LINE#         137
  C:34BAH         LINE#         138
  C:34BCH         LINE#         140
  C:34BCH         LINE#         141
  C:34BEH         LINE#         142
  C:34BEH         LINE#         143
  C:34BEH         LINE#         144
  C:34BEH         LINE#         145
  C:34C1H         LINE#         146
  C:34C3H         LINE#         147
  C:34C8H         LINE#         148
  C:34CCH         LINE#         149
  C:34D1H         LINE#         150
  C:34D3H         LINE#         151
  C:34D5H         LINE#         152
  C:34DAH         LINE#         153
  C:34DDH         LINE#         154
  C:34DDH         LINE#         155
  C:34DFH         LINE#         156
  C:34E4H         LINE#         157
  C:34E7H         LINE#         158
  C:34E7H         LINE#         160
  C:34E7H         LINE#         161
  C:34E9H         LINE#         162
  C:34EEH         LINE#         163
  C:34F0H         LINE#         164
  C:34F0H         LINE#         165
BL51 BANKED LINKER/LOCATER V6.22                                                      02/26/2021  13:57:31  PAGE 46


  -------         ENDPROC       _I2CWRBYTE
  -------         PROC          _I2CRDBYTE
  D:0005H         SYMBOL        AckValue
  -------         DO            
  D:0004H         SYMBOL        i
  D:0003H         SYMBOL        RDByte
  -------         ENDDO         
  C:3572H         LINE#         173
  C:3574H         LINE#         174
  C:3574H         LINE#         175
  C:3576H         LINE#         176
  C:3578H         LINE#         177
  C:357AH         LINE#         178
  C:357BH         LINE#         179
  C:357BH         LINE#         180
  C:357FH         LINE#         181
  C:3581H         LINE#         182
  C:3586H         LINE#         183
  C:358AH         LINE#         184
  C:358AH         LINE#         185
  C:358DH         LINE#         186
  C:358FH         LINE#         188
  C:358FH         LINE#         189
  C:3592H         LINE#         190
  C:3592H         LINE#         191
  C:3594H         LINE#         192
  C:3599H         LINE#         193
  C:359EH         LINE#         194
  C:35A3H         LINE#         195
  C:35A3H         LINE#         196
  C:35A3H         LINE#         197
  C:35A6H         LINE#         198
  C:35A8H         LINE#         199
  C:35AAH         LINE#         200
  C:35AFH         LINE#         201
  C:35B1H         LINE#         202
  -------         ENDPROC       _I2CRDBYTE
  -------         PROC          _SHT3X_WRITECOMMAND
  X:018BH         SYMBOL        cmd
  -------         DO            
  D:0003H         SYMBOL        error
  -------         ENDDO         
  C:3A31H         LINE#         203
  C:3A38H         LINE#         207
  C:3A40H         LINE#         209
  C:3A48H         LINE#         211
  C:3A49H         LINE#         212
  -------         ENDPROC       _SHT3X_WRITECOMMAND
  -------         PROC          SHT3XINIT
  C:000EH         LINE#         220
  C:000EH         LINE#         221
  C:000EH         LINE#         223
  C:0011H         LINE#         230
  C:0014H         LINE#         231
  C:0019H         LINE#         232
  C:0020H         LINE#         233
  -------         ENDPROC       SHT3XINIT
BL51 BANKED LINKER/LOCATER V6.22                                                      02/26/2021  13:57:31  PAGE 47


  -------         PROC          _SHT3X_XHGETTEMPANDHUMI
  X:018DH         SYMBOL        temp
  X:0190H         SYMBOL        humi
  -------         DO            
  X:0193H         SYMBOL        error
  X:0194H         SYMBOL        rawValueTemp
  X:0198H         SYMBOL        rawValueHumi
  X:019CH         SYMBOL        Rdata
  D:0002H         SYMBOL        i
  -------         ENDDO         
  C:204EH         LINE#         242
  C:2058H         LINE#         243
  C:2058H         LINE#         248
  C:206BH         LINE#         250
  C:206EH         LINE#         251
  C:2077H         LINE#         253
  C:2079H         LINE#         254
  C:2079H         LINE#         257
  C:2083H         LINE#         258
  C:2083H         LINE#         260
  C:2088H         LINE#         261
  C:2088H         LINE#         262
  C:208BH         LINE#         263
  C:2092H         LINE#         265
  C:2092H         LINE#         267
  C:2097H         LINE#         268
  C:2097H         LINE#         269
  C:2098H         LINE#         270
  C:2098H         LINE#         271
  C:20A3H         LINE#         272
  C:20A8H         LINE#         273
  C:20B3H         LINE#         274
  C:20B6H         LINE#         275
  C:20CCH         LINE#         276
  C:20E2H         LINE#         277
  C:20E2H         LINE#         279
  C:20EAH         LINE#         280
  C:20EAH         LINE#         281
  C:20FBH         LINE#         282
  C:210CH         LINE#         283
  C:2145H         LINE#         284
  C:2177H         LINE#         285
  C:2177H         LINE#         286
  C:217BH         LINE#         287
  -------         ENDPROC       _SHT3X_XHGETTEMPANDHUMI
  -------         ENDMOD        SHT3X

  -------         MODULE        ?C?COPY
  C:112EH         PUBLIC        ?C?COPY
  -------         ENDMOD        ?C?COPY

  -------         MODULE        ?C?CLDPTR
  C:1154H         PUBLIC        ?C?CLDPTR
  -------         ENDMOD        ?C?CLDPTR

  -------         MODULE        ?C?CLDOPTR
  C:116DH         PUBLIC        ?C?CLDOPTR
BL51 BANKED LINKER/LOCATER V6.22                                                      02/26/2021  13:57:31  PAGE 48


  -------         ENDMOD        ?C?CLDOPTR

  -------         MODULE        ?C?CSTPTR
  C:119AH         PUBLIC        ?C?CSTPTR
  -------         ENDMOD        ?C?CSTPTR

  -------         MODULE        ?C?CSTOPTR
  C:11ACH         PUBLIC        ?C?CSTOPTR
  -------         ENDMOD        ?C?CSTOPTR

  -------         MODULE        ?C?IMUL
  C:11CEH         PUBLIC        ?C?IMUL
  -------         ENDMOD        ?C?IMUL

  -------         MODULE        ?C?UIDIV
  C:11E0H         PUBLIC        ?C?UIDIV
  -------         ENDMOD        ?C?UIDIV

  -------         MODULE        ?C?SIDIV
  C:1235H         PUBLIC        ?C?SIDIV
  -------         ENDMOD        ?C?SIDIV

  -------         MODULE        ?C?ISTPTR
  C:126BH         PUBLIC        ?C?ISTPTR
  -------         ENDMOD        ?C?ISTPTR

  -------         MODULE        ?C?LMUL
  C:128AH         PUBLIC        ?C?LMUL
  -------         ENDMOD        ?C?LMUL

  -------         MODULE        ?C?ULDIV
  C:1315H         PUBLIC        ?C?ULDIV
  -------         ENDMOD        ?C?ULDIV

  -------         MODULE        ?C?SLCMP
  C:13A7H         PUBLIC        ?C?SLCMP
  -------         ENDMOD        ?C?SLCMP

  -------         MODULE        ?C?ULCMP
  C:13BDH         PUBLIC        ?C?ULCMP
  -------         ENDMOD        ?C?ULCMP

  -------         MODULE        ?C?ULSHR
  C:13CEH         PUBLIC        ?C?ULSHR
  -------         ENDMOD        ?C?ULSHR

  -------         MODULE        ?C?LSHL
  C:13E1H         PUBLIC        ?C?LSHL
  -------         ENDMOD        ?C?LSHL

  -------         MODULE        ?C?LSTPDATA
  C:13F4H         PUBLIC        ?C?LSTPDATA
  -------         ENDMOD        ?C?LSTPDATA

  -------         MODULE        ?C?LSTKPDATA
  C:1400H         PUBLIC        ?C?LSTKPDATA
  -------         ENDMOD        ?C?LSTKPDATA
BL51 BANKED LINKER/LOCATER V6.22                                                      02/26/2021  13:57:31  PAGE 49



  -------         MODULE        ?C?CCASE
  C:1419H         PUBLIC        ?C?CCASE
  -------         ENDMOD        ?C?CCASE

*** WARNING L16: UNCALLED SEGMENT, IGNORED FOR OVERLAY PROCESS
    SEGMENT: ?PR?WIFI_RESET?MAIN

*** WARNING L16: UNCALLED SEGMENT, IGNORED FOR OVERLAY PROCESS
    SEGMENT: ?PR?WIFI_WORK_STATE_LED?MAIN

*** WARNING L16: UNCALLED SEGMENT, IGNORED FOR OVERLAY PROCESS
    SEGMENT: ?PR?STC_INIT?MAIN

*** WARNING L16: UNCALLED SEGMENT, IGNORED FOR OVERLAY PROCESS
    SEGMENT: ?PR?READ_SENSOR?MAIN

*** WARNING L16: UNCALLED SEGMENT, IGNORED FOR OVERLAY PROCESS
    SEGMENT: ?PR?KEY_SET?MAIN

*** WARNING L16: UNCALLED SEGMENT, IGNORED FOR OVERLAY PROCESS
    SEGMENT: ?PR?_PRINTSTRING1?UART

*** WARNING L16: UNCALLED SEGMENT, IGNORED FOR OVERLAY PROCESS
    SEGMENT: ?PR?_PRINTD1?UART

*** WARNING L16: UNCALLED SEGMENT, IGNORED FOR OVERLAY PROCESS
    SEGMENT: ?PR?_PRINTN1?UART

*** WARNING L16: UNCALLED SEGMENT, IGNORED FOR OVERLAY PROCESS
    SEGMENT: ?PR?_UART1_CONFIG?UART

*** WARNING L16: UNCALLED SEGMENT, IGNORED FOR OVERLAY PROCESS
    SEGMENT: ?PR?TIMER1_INIT?TIMER

*** WARNING L16: UNCALLED SEGMENT, IGNORED FOR OVERLAY PROCESS
    SEGMENT: ?PR?_HEX_TO_BCD?MCU_API

*** WARNING L16: UNCALLED SEGMENT, IGNORED FOR OVERLAY PROCESS
    SEGMENT: ?PR?_MY_MEMSET?MCU_API

*** WARNING L16: UNCALLED SEGMENT, IGNORED FOR OVERLAY PROCESS
    SEGMENT: ?PR?_MY_STRCPY?MCU_API

*** WARNING L16: UNCALLED SEGMENT, IGNORED FOR OVERLAY PROCESS
    SEGMENT: ?PR?_MY_STRCMP?MCU_API

*** WARNING L16: UNCALLED SEGMENT, IGNORED FOR OVERLAY PROCESS
    SEGMENT: ?PR?_INT_TO_BYTE?MCU_API

*** WARNING L16: UNCALLED SEGMENT, IGNORED FOR OVERLAY PROCESS
    SEGMENT: ?PR?_MCU_DP_RAW_UPDATE?MCU_API

*** WARNING L16: UNCALLED SEGMENT, IGNORED FOR OVERLAY PROCESS
    SEGMENT: ?PR?_MCU_DP_BOOL_UPDATE?MCU_API

*** WARNING L16: UNCALLED SEGMENT, IGNORED FOR OVERLAY PROCESS
BL51 BANKED LINKER/LOCATER V6.22                                                      02/26/2021  13:57:31  PAGE 50


    SEGMENT: ?PR?_MCU_DP_FAULT_UPDATE?MCU_API

*** WARNING L16: UNCALLED SEGMENT, IGNORED FOR OVERLAY PROCESS
    SEGMENT: ?PR?_MCU_GET_DP_DOWNLOAD_BOOL?MCU_API

*** WARNING L16: UNCALLED SEGMENT, IGNORED FOR OVERLAY PROCESS
    SEGMENT: ?PR?_MCU_GET_DP_DOWNLOAD_ENUM?MCU_API

*** WARNING L16: UNCALLED SEGMENT, IGNORED FOR OVERLAY PROCESS
    SEGMENT: ?PR?_UART_RECEIVE_BUFF_INPUT?MCU_API

*** WARNING L16: UNCALLED SEGMENT, IGNORED FOR OVERLAY PROCESS
    SEGMENT: ?PR?WIFI_UART_SERVICE?MCU_API

*** WARNING L16: UNCALLED SEGMENT, IGNORED FOR OVERLAY PROCESS
    SEGMENT: ?PR?MCU_GET_RESET_WIFI_FLAG?MCU_API

*** WARNING L16: UNCALLED SEGMENT, IGNORED FOR OVERLAY PROCESS
    SEGMENT: ?PR?MCU_GET_WIFIMODE_FLAG?MCU_API

*** WARNING L16: UNCALLED SEGMENT, IGNORED FOR OVERLAY PROCESS
    SEGMENT: ?PR?MCU_START_WIFITEST?MCU_API

*** WARNING L16: UNCALLED SEGMENT, IGNORED FOR OVERLAY PROCESS
    SEGMENT: ?PR?_FILL_PICTURE?OLED

*** WARNING L16: UNCALLED SEGMENT, IGNORED FOR OVERLAY PROCESS
    SEGMENT: ?PR?_DELAY_50MS?OLED

*** WARNING L16: UNCALLED SEGMENT, IGNORED FOR OVERLAY PROCESS
    SEGMENT: ?PR?_DELAY_1MS?OLED

*** WARNING L16: UNCALLED SEGMENT, IGNORED FOR OVERLAY PROCESS
    SEGMENT: ?PR?OLED_DISPLAY_ON?OLED

*** WARNING L16: UNCALLED SEGMENT, IGNORED FOR OVERLAY PROCESS
    SEGMENT: ?PR?OLED_DISPLAY_OFF?OLED

*** WARNING L16: UNCALLED SEGMENT, IGNORED FOR OVERLAY PROCESS
    SEGMENT: ?PR?OLED_ON?OLED

*** WARNING L16: UNCALLED SEGMENT, IGNORED FOR OVERLAY PROCESS
    SEGMENT: ?PR?_OLED_DRAWBMP?OLED

*** WARNING L16: UNCALLED SEGMENT, IGNORED FOR OVERLAY PROCESS
    SEGMENT: ?PR?SHT3XINIT?SHT3X

*** WARNING L18: SEGMENT DOES NOT FIT IN PDATA PAGE
    SPACE:   XDATA   
    SEGMENT: ?PD?SYSTEM
    LENGTH:  0078H

*** WARNING L18: SEGMENT DOES NOT FIT IN PDATA PAGE
    SPACE:   XDATA   
    SEGMENT: ?PD?_OLED_SHOWCHINESE?OLED
    LENGTH:  0004H

BL51 BANKED LINKER/LOCATER V6.22                                                      02/26/2021  13:57:31  PAGE 51


*** WARNING L18: SEGMENT DOES NOT FIT IN PDATA PAGE
    SPACE:   XDATA   
    SEGMENT: ?PD?_OLED_DRAWBMP?OLED
    LENGTH:  000BH

*** WARNING L18: SEGMENT DOES NOT FIT IN PDATA PAGE
    SPACE:   XDATA   
    SEGMENT: ?PD?_SHT3X_CALCCRC?SHT3X
    LENGTH:  0004H

*** WARNING L18: SEGMENT DOES NOT FIT IN PDATA PAGE
    SPACE:   XDATA   
    SEGMENT: ?PD?_SHT3X_WRITECOMMAND?SHT3X
    LENGTH:  0002H

*** WARNING L18: SEGMENT DOES NOT FIT IN PDATA PAGE
    SPACE:   XDATA   
    SEGMENT: ?PD?_SHT3X_XHGETTEMPANDHUMI?SHT3X
    LENGTH:  0015H

*** WARNING L18: SEGMENT DOES NOT FIT IN PDATA PAGE
    SPACE:   XDATA   
    SEGMENT: _PDATA_GROUP_
    LENGTH:  0003H

*** WARNING L1: UNRESOLVED EXTERNAL SYMBOL
    SYMBOL:  TEMPER
    MODULE:  .\Objects\protocol.obj (PROTOCOL)

*** WARNING L1: UNRESOLVED EXTERNAL SYMBOL
    SYMBOL:  MOST_HUMIDITY
    MODULE:  .\Objects\protocol.obj (PROTOCOL)

*** WARNING L1: UNRESOLVED EXTERNAL SYMBOL
    SYMBOL:  DATA
    MODULE:  .\Objects\protocol.obj (PROTOCOL)

*** WARNING L1: UNRESOLVED EXTERNAL SYMBOL
    SYMBOL:  DATA_LONG
    MODULE:  .\Objects\protocol.obj (PROTOCOL)

*** WARNING L1: UNRESOLVED EXTERNAL SYMBOL
    SYMBOL:  JB_T
    MODULE:  .\Objects\protocol.obj (PROTOCOL)

*** WARNING L1: UNRESOLVED EXTERNAL SYMBOL
    SYMBOL:  LEAST_T
    MODULE:  .\Objects\protocol.obj (PROTOCOL)

*** WARNING L1: UNRESOLVED EXTERNAL SYMBOL
    SYMBOL:  CY_H_TIME
    MODULE:  .\Objects\protocol.obj (PROTOCOL)

*** WARNING L1: UNRESOLVED EXTERNAL SYMBOL
    SYMBOL:  SUN
    MODULE:  .\Objects\protocol.obj (PROTOCOL)

BL51 BANKED LINKER/LOCATER V6.22                                                      02/26/2021  13:57:31  PAGE 52


*** WARNING L1: UNRESOLVED EXTERNAL SYMBOL
    SYMBOL:  JB_HUMIDITY
    MODULE:  .\Objects\protocol.obj (PROTOCOL)

*** WARNING L1: UNRESOLVED EXTERNAL SYMBOL
    SYMBOL:  CY_T_TIME
    MODULE:  .\Objects\protocol.obj (PROTOCOL)

*** WARNING L1: UNRESOLVED EXTERNAL SYMBOL
    SYMBOL:  LEAST_HUMIDITY
    MODULE:  .\Objects\protocol.obj (PROTOCOL)

*** WARNING L1: UNRESOLVED EXTERNAL SYMBOL
    SYMBOL:  HUMIDITY
    MODULE:  .\Objects\protocol.obj (PROTOCOL)

*** WARNING L1: UNRESOLVED EXTERNAL SYMBOL
    SYMBOL:  MOST_T
    MODULE:  .\Objects\protocol.obj (PROTOCOL)

*** WARNING L2: REFERENCE MADE TO UNRESOLVED EXTERNAL
    SYMBOL:  TEMPER
    MODULE:  .\Objects\protocol.obj (PROTOCOL)
    ADDRESS: 25B5H

*** WARNING L2: REFERENCE MADE TO UNRESOLVED EXTERNAL
    SYMBOL:  HUMIDITY
    MODULE:  .\Objects\protocol.obj (PROTOCOL)
    ADDRESS: 25CCH

*** WARNING L2: REFERENCE MADE TO UNRESOLVED EXTERNAL
    SYMBOL:  CY_T_TIME
    MODULE:  .\Objects\protocol.obj (PROTOCOL)
    ADDRESS: 25E3H

*** WARNING L2: REFERENCE MADE TO UNRESOLVED EXTERNAL
    SYMBOL:  CY_H_TIME
    MODULE:  .\Objects\protocol.obj (PROTOCOL)
    ADDRESS: 25F5H

*** WARNING L2: REFERENCE MADE TO UNRESOLVED EXTERNAL
    SYMBOL:  MOST_T
    MODULE:  .\Objects\protocol.obj (PROTOCOL)
    ADDRESS: 2607H

*** WARNING L2: REFERENCE MADE TO UNRESOLVED EXTERNAL
    SYMBOL:  LEAST_T
    MODULE:  .\Objects\protocol.obj (PROTOCOL)
    ADDRESS: 261EH

*** WARNING L2: REFERENCE MADE TO UNRESOLVED EXTERNAL
    SYMBOL:  MOST_HUMIDITY
    MODULE:  .\Objects\protocol.obj (PROTOCOL)
    ADDRESS: 2635H

*** WARNING L2: REFERENCE MADE TO UNRESOLVED EXTERNAL
    SYMBOL:  LEAST_HUMIDITY
BL51 BANKED LINKER/LOCATER V6.22                                                      02/26/2021  13:57:31  PAGE 53


    MODULE:  .\Objects\protocol.obj (PROTOCOL)
    ADDRESS: 264CH

*** WARNING L2: REFERENCE MADE TO UNRESOLVED EXTERNAL
    SYMBOL:  JB_T
    MODULE:  .\Objects\protocol.obj (PROTOCOL)
    ADDRESS: 2663H

*** WARNING L2: REFERENCE MADE TO UNRESOLVED EXTERNAL
    SYMBOL:  JB_HUMIDITY
    MODULE:  .\Objects\protocol.obj (PROTOCOL)
    ADDRESS: 266DH

*** WARNING L2: REFERENCE MADE TO UNRESOLVED EXTERNAL
    SYMBOL:  SUN
    MODULE:  .\Objects\protocol.obj (PROTOCOL)
    ADDRESS: 2677H

*** WARNING L2: REFERENCE MADE TO UNRESOLVED EXTERNAL
    SYMBOL:  DATA
    MODULE:  .\Objects\protocol.obj (PROTOCOL)
    ADDRESS: 2690H

*** WARNING L2: REFERENCE MADE TO UNRESOLVED EXTERNAL
    SYMBOL:  DATA
    MODULE:  .\Objects\protocol.obj (PROTOCOL)
    ADDRESS: 2692H

*** WARNING L2: REFERENCE MADE TO UNRESOLVED EXTERNAL
    SYMBOL:  DATA_LONG
    MODULE:  .\Objects\protocol.obj (PROTOCOL)
    ADDRESS: 2694H

Program Size: data=73.2 xdata=420 code=15387
LINK/LOCATE RUN COMPLETE.  67 WARNING(S),  0 ERROR(S)
