BL51 BANKED LINKER/LOCATER V6.22                                                        02/27/2021  10:59:51  PAGE 1


BL51 BANKED LINKER/LOCATER V6.22, INVOKED BY:
H:\KEIL_V5\C51\BIN\BL51.EXE .\Objects\main.obj, .\Objects\UART interrupt.obj, .\Objects\UART.obj, .\Objects\delay.obj, .
>> \Objects\TIME interrupt.obj, .\Objects\timer.obj, .\Objects\reda_data.obj, .\Objects\key.obj, .\Objects\mcu_api.obj, 
>> .\Objects\protocol.obj, .\Objects\system.obj, .\Objects\oled.obj, .\Objects\SHT3X.obj TO .\Objects\ÎÂ¶ÈÊª¶È¼ì²â RTX51
>>  PRINT (.\Listings\ÎÂ¶ÈÊª¶È¼ì²â.m51) RAMSIZE (256)


MEMORY MODEL: COMPACT


INPUT MODULES INCLUDED:
  .\Objects\main.obj (MAIN)
  .\Objects\UART interrupt.obj (UART_INTERRUPT)
  .\Objects\UART.obj (UART)
  .\Objects\delay.obj (DELAY)
  .\Objects\TIME interrupt.obj (TIME_INTERRUPT)
  .\Objects\timer.obj (TIMER)
  .\Objects\reda_data.obj (REDA_DATA)
  .\Objects\key.obj (KEY)
  .\Objects\mcu_api.obj (MCU_API)
  .\Objects\protocol.obj (PROTOCOL)
  .\Objects\system.obj (SYSTEM)
  .\Objects\oled.obj (OLED)
  .\Objects\SHT3X.obj (SHT3X)
  H:\KEIL_V5\C51\LIB\C51C.LIB (?C_STARTUP)
  H:\KEIL_V5\C51\LIB\C51C.LIB (?C?COPY)
  H:\KEIL_V5\C51\LIB\C51C.LIB (?C?CLDPTR)
  H:\KEIL_V5\C51\LIB\C51C.LIB (?C?CLDOPTR)
  H:\KEIL_V5\C51\LIB\C51C.LIB (?C?CSTPTR)
  H:\KEIL_V5\C51\LIB\C51C.LIB (?C?CSTOPTR)
  H:\KEIL_V5\C51\LIB\C51C.LIB (?C?IMUL)
  H:\KEIL_V5\C51\LIB\C51C.LIB (?C?UIDIV)
  H:\KEIL_V5\C51\LIB\C51C.LIB (?C?SIDIV)
  H:\KEIL_V5\C51\LIB\C51C.LIB (?C?ISTPTR)
  H:\KEIL_V5\C51\LIB\C51C.LIB (?C?LMUL)
  H:\KEIL_V5\C51\LIB\C51C.LIB (?C?ULDIV)
  H:\KEIL_V5\C51\LIB\C51C.LIB (?C?SLCMP)
  H:\KEIL_V5\C51\LIB\C51C.LIB (?C?ULCMP)
  H:\KEIL_V5\C51\LIB\C51C.LIB (?C?ULSHR)
  H:\KEIL_V5\C51\LIB\C51C.LIB (?C?LSHL)
  H:\KEIL_V5\C51\LIB\C51C.LIB (?C?LSTPDATA)
  H:\KEIL_V5\C51\LIB\C51C.LIB (?C?LSTKPDATA)
  H:\KEIL_V5\C51\LIB\C51C.LIB (?C?CCASE)
  H:\KEIL_V5\C51\LIB\C51C.LIB (?C_INIT)


LINK MAP OF MODULE:  .\Objects\ÎÂ¶ÈÊª¶È¼ì²â (MAIN)


            TYPE    BASE      LENGTH    RELOCATION   SEGMENT NAME
            -----------------------------------------------------

            * * * * * * *   D A T A   M E M O R Y   * * * * * * *
            REG     0000H     0008H     ABSOLUTE     "REG BANK 0"
                    0008H     0018H                  *** GAP ***
            BIT     0020H.0   0000H.2   UNIT         ?BI?UART
                    0020H.2   0000H.6                *** GAP ***
            IDATA   0021H     0040H     UNIT         ?ID?UART
BL51 BANKED LINKER/LOCATER V6.22                                                      02/27/2021  10:59:51  PAGE 2


            IDATA   0061H     0001H     UNIT         ?STACK

            * * * * * * *  X D A T A   M E M O R Y  * * * * * * *
            XDATA   0000H     0002H     INPAGE       ?PD?MAIN
            XDATA   0002H     0003H     INPAGE       ?PD?_PRINTD1?UART
            XDATA   0005H     0002H     INPAGE       ?PD?_PRINTN1?UART
            XDATA   0007H     0004H     INPAGE       ?PD?UART
            XDATA   000BH     0009H     INPAGE       ?PD?_MY_MEMSET?MCU_API
            XDATA   0014H     0009H     INPAGE       ?PD?_MY_STRCPY?MCU_API
            XDATA   001DH     0006H     INPAGE       ?PD?_MY_STRCMP?MCU_API
            XDATA   0023H     0004H     INPAGE       ?PD?_INT_TO_BYTE?MCU_API
            XDATA   0027H     0006H     INPAGE       ?PD?_MCU_DP_RAW_UPDATE?MCU_API
            XDATA   002DH     0001H     INPAGE       ?PD?_MCU_DP_BOOL_UPDATE?MCU_API
            XDATA   002EH     0005H     INPAGE       ?PD?_MCU_DP_FAULT_UPDATE?MCU_API
            XDATA   0033H     0002H     INPAGE       ?PD?_MCU_GET_DP_DOWNLOAD_BOOL?MCU_API
            XDATA   0035H     0002H     INPAGE       ?PD?_MCU_GET_DP_DOWNLOAD_ENUM?MCU_API
            XDATA   0037H     0005H     INPAGE       ?PD?_UART_RECEIVE_BUFF_INPUT?MCU_API
            XDATA   003CH     0002H     INPAGE       ?PD?MCU_API
            XDATA   003EH     0018H     INPAGE       ?PD?PROTOCOL
            XDATA   0056H     0078H     INPAGE       ?PD?SYSTEM
            XDATA   00CEH     0002H     INPAGE       ?PD?_FILL_PICTURE?OLED
            XDATA   00D0H     0001H     INPAGE       ?PD?OLED_ON?OLED
            XDATA   00D1H     000BH     INPAGE       ?PD?_OLED_DRAWBMP?OLED
                    00DCH     0024H                  *** GAP ***
            XDATA   0100H     003BH     INPAGE       _PDATA_GROUP_

            * * * * * * *   C O D E   M E M O R Y   * * * * * * *
            CODE    0000H     0003H     ABSOLUTE     
            CODE    0003H     0008H     UNIT         ?PR?_PRINTCHAR2?UART
            CODE    000BH     0003H     ABSOLUTE     
            CODE    000EH     0015H     UNIT         ?PR?SHT3XINIT?SHT3X
            CODE    0023H     0003H     ABSOLUTE     
            CODE    0026H     001CH     UNIT         ?PR?_OLED_POW?OLED
            CODE    0042H     0001H     UNIT         ?PR?UART1_INT?UART_INTERRUPT
            CODE    0043H     0003H     ABSOLUTE     
            CODE    0046H     1018H     UNIT         ?CO?OLED
            CODE    105EH     03E1H     UNIT         ?C?LIB_CODE
            CODE    143FH     03DEH     UNIT         ?PR?_PRINTN1?UART
            CODE    181DH     0337H     UNIT         ?PR?STC_INIT?MAIN
            CODE    1B54H     0177H     UNIT         ?PR?WIFI_UART_SERVICE?MCU_API
            CODE    1CCBH     016AH     UNIT         ?PR?READ_SENSOR?MAIN
            CODE    1E35H     015FH     UNIT         ?PR?WIFI_WORK_STATE_LED?MAIN
            CODE    1F94H     0146H     UNIT         ?PR?_MY_MEMCPY?MCU_API
            CODE    20DAH     012EH     UNIT         ?PR?_SHT3X_XHGETTEMPANDHUMI?SHT3X
            CODE    2208H     0129H     UNIT         ?PR?_BYTE_TO_INT?MCU_API
            CODE    2331H     011AH     UNIT         ?PR?_MCU_DP_FAULT_UPDATE?MCU_API
            CODE    244BH     0104H     UNIT         ?PR?PRODUCT_INFO_UPDATE?SYSTEM
            CODE    254FH     00F1H     UNIT         ?PR?_DATA_HANDLE?SYSTEM
            CODE    2640H     00EFH     UNIT         ?PR?ALL_DATA_UPDATE?PROTOCOL
            CODE    272FH     00E6H     UNIT         ?PR?_WIFI_TEST_RESULT?PROTOCOL
            CODE    2815H     00E4H     UNIT         ?PR?_DP_DOWNLOAD_HANDLE?PROTOCOL
            CODE    28F9H     00E0H     UNIT         ?PR?OLED_INIT?OLED
            CODE    29D9H     00C3H     UNIT         ?PR?_OLED_SHOWCHAR?OLED
            CODE    2A9CH     00A9H     UNIT         ?PR?_OLED_SHOWNUM?OLED
            CODE    2B45H     00A1H     UNIT         ?PR?_MCU_DP_VALUE_UPDATE?MCU_API
            CODE    2BE6H     009EH     UNIT         ?PR?_UART_RECEIVE_INPUT?MCU_API
            CODE    2C84H     008CH     UNIT         ?C_C51STARTUP
BL51 BANKED LINKER/LOCATER V6.22                                                      02/27/2021  10:59:51  PAGE 3


            CODE    2D10H     0088H     UNIT         ?PR?_MY_STRCPY?MCU_API
            CODE    2D98H     0087H     UNIT         ?PR?_OLED_DRAWBMP?OLED
            CODE    2E1FH     0082H     UNIT         ?PR?_OLED_SHOWCHINESE?OLED
            CODE    2EA1H     0071H     UNIT         ?PR?_HEX_TO_BCD?MCU_API
            CODE    2F12H     0070H     UNIT         ?PR?_MY_STRLEN?MCU_API
            CODE    2F82H     0070H     UNIT         ?PR?_DATA_POINT_HANDLE?SYSTEM
            CODE    2FF2H     006FH     UNIT         ?PR?_MY_STRCMP?MCU_API
            CODE    3061H     0060H     UNIT         ?PR?_SET_WIFI_UART_BUFFER?SYSTEM
            CODE    30C1H     005DH     UNIT         ?PR?TAKE_BYTE_RXBUFF?SYSTEM
            CODE    311EH     005BH     UNIT         ?PR?_INT_TO_BYTE?MCU_API
            CODE    3179H     0059H     UNIT         ?PR?_MY_MEMSET?MCU_API
            CODE    31D2H     0059H     UNIT         ?PR?_WIFI_UART_WRITE_FRAME?SYSTEM
            CODE    322BH     0057H     UNIT         ?PR?_WIFI_UART_WRITE_DATA?SYSTEM
            CODE    3282H     0057H     UNIT         ?PR?_OLED_SHOWSTRING?OLED
            CODE    32D9H     0054H     UNIT         ?PR?_MCU_DP_RAW_UPDATE?MCU_API
            CODE    332DH     0054H     UNIT         ?PR?_MCU_DP_STRING_UPDATE?MCU_API
            CODE    3381H     0052H     UNIT         ?CO?MAIN
            CODE    33D3H     0050H     UNIT         ?PR?KEY_SCAN?KEY
            CODE    3423H     004FH     UNIT         ?PR?UART2_INT?UART_INTERRUPT
            CODE    3472H     0045H     UNIT         ?PR?_GET_CHECK_SUM?SYSTEM
            CODE    34B7H     0045H     UNIT         ?PR?_SHT3X_CALCCRC?SHT3X
            CODE    34FCH     0044H     UNIT         ?PR?_UART1_CONFIG?UART
            CODE    3540H     0043H     UNIT         ?PR?_I2CWRBYTE?SHT3X
            CODE    3583H     0042H     UNIT         ?PR?MAIN?MAIN
            CODE    35C5H     0041H     UNIT         ?PR?_PRINTCHAR1?UART
            CODE    3606H     0040H     UNIT         ?PR?_MCU_DP_BOOL_UPDATE?MCU_API
            CODE    3646H     0040H     UNIT         ?PR?_I2CRDBYTE?SHT3X
            CODE    3686H     003BH     UNIT         ?CO?SYSTEM
            CODE    36C1H     003AH     UNIT         ?PR?_MCU_DP_ENUM_UPDATE?MCU_API
            CODE    36FBH     003AH     UNIT         ?PR?_UART_RECEIVE_BUFF_INPUT?MCU_API
            CODE    3735H     0033H     UNIT         ?PR?_OLED_SET_POS?OLED
            CODE    3768H     002FH     UNIT         ?PR?WITH_DATA_RXBUFF?SYSTEM
            CODE    3797H     002CH     UNIT         ?PR?_OLED_WR_BYTE?OLED
            CODE    37C3H     002BH     UNIT         ?PR?_PRINTD1?UART
            CODE    37EEH     002AH     UNIT         ?PR?_FILL_PICTURE?OLED
            CODE    3818H     0029H     UNIT         ?PR?_DP_DOWNLOAD_TEMP_SAMPLING_HANDLE?PROTOCOL
            CODE    3841H     0029H     UNIT         ?PR?_DP_DOWNLOAD_HUMIDITY_SAMPLING_HANDLE?PROTOCOL
            CODE    386AH     0029H     UNIT         ?PR?_DP_DOWNLOAD_MAXTEMP_SET_HANDLE?PROTOCOL
            CODE    3893H     0029H     UNIT         ?PR?_DP_DOWNLOAD_MINITEMP_SET_HANDLE?PROTOCOL
            CODE    38BCH     0029H     UNIT         ?PR?_DP_DOWNLOAD_MAXHUM_SET_HANDLE?PROTOCOL
            CODE    38E5H     0029H     UNIT         ?PR?_DP_DOWNLOAD_MINIHUM_SET_HANDLE?PROTOCOL
            CODE    390EH     0029H     UNIT         ?PR?_DP_DOWNLOAD_BRIGHT_VALUE_HANDLE?PROTOCOL
            CODE    3937H     0027H     UNIT         ?PR?_WRITE_IIC_BYTE?OLED
            CODE    395EH     0025H     UNIT         ?PR?HEAT_BEAT_CHECK?SYSTEM
            CODE    3983H     0025H     UNIT         ?PR?OLED_ON?OLED
            CODE    39A8H     0024H     UNIT         ?PR?WIFI_PROTOCOL_INIT?MCU_API
            CODE    39CCH     0024H     UNIT         ?PR?_GET_DOWMLOAD_DPID_INDEX?SYSTEM
            CODE    39F0H     0024H     UNIT         ?PR?OLED_CLEAR?OLED
            CODE    3A14H     0022H     UNIT         ?PR?_UART2_CONFIG?UART
            CODE    3A36H     0022H     UNIT         ?C_INITSEG
            CODE    3A58H     0021H     UNIT         ?PR?TIMER0_INT?MAIN
            CODE    3A79H     0021H     UNIT         ?PR?_SET_WIFI_UART_BYTE?SYSTEM
            CODE    3A9AH     001EH     UNIT         ?PR?_DELAY_50MS?OLED
            CODE    3AB8H     001BH     UNIT         ?PR?_SETTIMER2BAUDRAYE?UART
            CODE    3AD3H     0019H     UNIT         ?PR?TIMER0_INIT?TIMER
            CODE    3AECH     0019H     UNIT         ?PR?TIMER1_INIT?TIMER
            CODE    3B05H     0019H     UNIT         ?PR?_SHT3X_WRITECOMMAND?SHT3X
BL51 BANKED LINKER/LOCATER V6.22                                                      02/27/2021  10:59:51  PAGE 4


            CODE    3B1EH     0018H     UNIT         ?PR?_DP_DOWNLOAD_DATA_IS_HANDLE?PROTOCOL
            CODE    3B36H     0017H     UNIT         ?PR?_DELAY_MS?DELAY
            CODE    3B4DH     0017H     UNIT         ?PR?_DELAY_US?DELAY
            CODE    3B64H     0017H     UNIT         ?PR?OLED_DISPLAY_ON?OLED
            CODE    3B7BH     0017H     UNIT         ?PR?I2CSTART?SHT3X
            CODE    3B92H     0017H     UNIT         ?PR?I2CSTOP?SHT3X
            CODE    3BA9H     0016H     UNIT         ?PR?_PRINTSTRING1?UART
            CODE    3BBFH     0016H     UNIT         ?PR?_PRINTSTRING2?UART
            CODE    3BD5H     0016H     UNIT         ?PR?_MCU_SET_WIFI_MODE?MCU_API
            CODE    3BEBH     0016H     UNIT         ?PR?_DELAY_1MS?OLED
            CODE    3C01H     0014H     UNIT         ?PR?KEY_SET?MAIN
            CODE    3C15H     0011H     UNIT         ?PR?OLED_DISPLAY_OFF?OLED
            CODE    3C26H     0010H     UNIT         ?PR?IIC_WAIT_ACK?OLED
            CODE    3C36H     0010H     UNIT         ?PR?_I2CDELAY?SHT3X
            CODE    3C46H     000FH     UNIT         ?PR?WIFI_RESET?MAIN
            CODE    3C55H     000EH     UNIT         ?PR?_WRITE_IIC_COMMAND?OLED
            CODE    3C63H     000EH     UNIT         ?PR?_WRITE_IIC_DATA?OLED
            CODE    3C71H     000DH     UNIT         ?PR?MCU_RESET_WIFI?MCU_API
            CODE    3C7EH     000CH     UNIT         ?PR?_MCU_GET_DP_DOWNLOAD_BOOL?MCU_API
            CODE    3C8AH     000CH     UNIT         ?PR?_MCU_GET_DP_DOWNLOAD_ENUM?MCU_API
            CODE    3C96H     000BH     UNIT         ?PR?_MCU_GET_DP_DOWNLOAD_VALUE?MCU_API
            CODE    3CA1H     000AH     UNIT         ?PR?MCU_START_WIFITEST?MCU_API
            CODE    3CABH     000AH     UNIT         ?PR?GET_MCU_WIFI_MODE?SYSTEM
            CODE    3CB5H     0009H     UNIT         ?CO?PROTOCOL
            CODE    3CBEH     0009H     UNIT         ?PR?IIC_START?OLED
            CODE    3CC7H     0007H     UNIT         ?PR?IIC_STOP?OLED
            CODE    3CCEH     0006H     UNIT         ?CO?SHT3X
            CODE    3CD4H     0005H     UNIT         ?PR?MCU_GET_RESET_WIFI_FLAG?MCU_API
            CODE    3CD9H     0005H     UNIT         ?PR?MCU_GET_WIFIMODE_FLAG?MCU_API
            CODE    3CDEH     0005H     UNIT         ?PR?MCU_GET_WIFI_WORK_STATE?MCU_API
            CODE    3CE3H     0005H     UNIT         ?PR?I2CINIT?SHT3X
            CODE    3CE8H     0003H     UNIT         ?PR?_UART_TRANSMIT_OUTPUT?PROTOCOL
            CODE    3CEBH     0003H     UNIT         ?PR?GET_DOWNLOAD_CMD_TOTAL?PROTOCOL



OVERLAY MAP OF MODULE:   .\Objects\ÎÂ¶ÈÊª¶È¼ì²â (MAIN)


SEGMENT                                            PDATA_GROUP
  +--> CALLED SEGMENT                            START    LENGTH
----------------------------------------------------------------
?PR?UART2_INT?UART_INTERRUPT                     -----    -----
  +--> ?PR?_UART_RECEIVE_INPUT?MCU_API

?PR?_UART_RECEIVE_INPUT?MCU_API                  0100H    0001H

*** NEW ROOT ***************************************************

?C_C51STARTUP                                    -----    -----
  +--> ?PR?MAIN?MAIN
  +--> ?C_INITSEG

?PR?MAIN?MAIN                                    0101H    0002H
  +--> ?PR?STC_INIT?MAIN
  +--> ?PR?WIFI_UART_SERVICE?MCU_API
  +--> ?PR?KEY_SET?MAIN
BL51 BANKED LINKER/LOCATER V6.22                                                      02/27/2021  10:59:51  PAGE 5


  +--> ?PR?OLED_CLEAR?OLED
  +--> ?PR?READ_SENSOR?MAIN
  +--> ?PR?WIFI_WORK_STATE_LED?MAIN
  +--> ?PR?ALL_DATA_UPDATE?PROTOCOL

?PR?STC_INIT?MAIN                                -----    -----
  +--> ?PR?OLED_INIT?OLED
  +--> ?PR?OLED_CLEAR?OLED
  +--> ?CO?MAIN
  +--> ?PR?_OLED_SHOWSTRING?OLED
  +--> ?PR?_DELAY_MS?DELAY
  +--> ?PR?_UART2_CONFIG?UART
  +--> ?PR?_PRINTSTRING2?UART
  +--> ?PR?SHT3XINIT?SHT3X
  +--> ?PR?TIMER0_INIT?TIMER
  +--> ?PR?WIFI_PROTOCOL_INIT?MCU_API

?PR?OLED_INIT?OLED                               -----    -----
  +--> ?PR?_OLED_WR_BYTE?OLED

?PR?_OLED_WR_BYTE?OLED                           -----    -----
  +--> ?PR?_WRITE_IIC_DATA?OLED
  +--> ?PR?_WRITE_IIC_COMMAND?OLED

?PR?_WRITE_IIC_DATA?OLED                         -----    -----
  +--> ?PR?_WRITE_IIC_BYTE?OLED
  +--> ?PR?IIC_WAIT_ACK?OLED
  +--> ?PR?IIC_STOP?OLED

?PR?_WRITE_IIC_BYTE?OLED                         -----    -----
  +--> ?PR?IIC_START?OLED

?PR?IIC_WAIT_ACK?OLED                            -----    -----
  +--> ?PR?_WRITE_IIC_BYTE?OLED

?PR?_WRITE_IIC_COMMAND?OLED                      -----    -----
  +--> ?PR?_WRITE_IIC_BYTE?OLED
  +--> ?PR?IIC_WAIT_ACK?OLED
  +--> ?PR?IIC_STOP?OLED

?PR?OLED_CLEAR?OLED                              0103H    0001H
  +--> ?PR?_OLED_WR_BYTE?OLED

?PR?_OLED_SHOWSTRING?OLED                        0111H    0007H
  +--> ?PR?_OLED_SHOWCHAR?OLED

?PR?_OLED_SHOWCHAR?OLED                          011AH    0005H
  +--> ?PR?_OLED_SET_POS?OLED
  +--> ?CO?OLED
  +--> ?PR?_OLED_WR_BYTE?OLED

?PR?_OLED_SET_POS?OLED                           -----    -----
  +--> ?PR?_OLED_WR_BYTE?OLED

?PR?_UART2_CONFIG?UART                           -----    -----
  +--> ?PR?_SETTIMER2BAUDRAYE?UART

BL51 BANKED LINKER/LOCATER V6.22                                                      02/27/2021  10:59:51  PAGE 6


?PR?SHT3XINIT?SHT3X                              -----    -----
  +--> ?PR?I2CINIT?SHT3X
  +--> ?PR?I2CSTART?SHT3X
  +--> ?PR?_I2CWRBYTE?SHT3X
  +--> ?PR?_SHT3X_WRITECOMMAND?SHT3X
  +--> ?PR?I2CSTOP?SHT3X

?PR?I2CSTART?SHT3X                               -----    -----
  +--> ?PR?_I2CDELAY?SHT3X

?PR?_I2CWRBYTE?SHT3X                             -----    -----
  +--> ?PR?_I2CDELAY?SHT3X

?PR?_SHT3X_WRITECOMMAND?SHT3X                    0120H    0002H
  +--> ?PR?_I2CWRBYTE?SHT3X

?PR?I2CSTOP?SHT3X                                -----    -----
  +--> ?PR?_I2CDELAY?SHT3X

?PR?WIFI_UART_SERVICE?MCU_API                    0103H    0004H
  +--> ?PR?WITH_DATA_RXBUFF?SYSTEM
  +--> ?PR?TAKE_BYTE_RXBUFF?SYSTEM
  +--> ?PR?_GET_CHECK_SUM?SYSTEM
  +--> ?PR?_DATA_HANDLE?SYSTEM
  +--> ?PR?_MY_MEMCPY?MCU_API

?PR?_GET_CHECK_SUM?SYSTEM                        0129H    0006H

?PR?_DATA_HANDLE?SYSTEM                          0107H    0009H
  +--> ?PR?HEAT_BEAT_CHECK?SYSTEM
  +--> ?PR?PRODUCT_INFO_UPDATE?SYSTEM
  +--> ?PR?GET_MCU_WIFI_MODE?SYSTEM
  +--> ?PR?_WIFI_UART_WRITE_FRAME?SYSTEM
  +--> ?PR?_DATA_POINT_HANDLE?SYSTEM
  +--> ?PR?ALL_DATA_UPDATE?PROTOCOL
  +--> ?PR?_WIFI_TEST_RESULT?PROTOCOL

?PR?HEAT_BEAT_CHECK?SYSTEM                       -----    -----
  +--> ?PR?_SET_WIFI_UART_BYTE?SYSTEM
  +--> ?PR?_WIFI_UART_WRITE_FRAME?SYSTEM

?PR?_SET_WIFI_UART_BYTE?SYSTEM                   0127H    0002H

?PR?_WIFI_UART_WRITE_FRAME?SYSTEM                0127H    0002H
  +--> ?PR?_GET_CHECK_SUM?SYSTEM
  +--> ?PR?_WIFI_UART_WRITE_DATA?SYSTEM

?PR?_WIFI_UART_WRITE_DATA?SYSTEM                 0129H    0005H
  +--> ?PR?_UART_TRANSMIT_OUTPUT?PROTOCOL

?PR?_UART_TRANSMIT_OUTPUT?PROTOCOL               -----    -----
  +--> ?PR?_PRINTCHAR2?UART

?PR?PRODUCT_INFO_UPDATE?SYSTEM                   0110H    000BH
  +--> ?CO?SYSTEM
  +--> ?PR?_MY_STRLEN?MCU_API
  +--> ?PR?_SET_WIFI_UART_BUFFER?SYSTEM
BL51 BANKED LINKER/LOCATER V6.22                                                      02/27/2021  10:59:51  PAGE 7


  +--> ?PR?_WIFI_UART_WRITE_FRAME?SYSTEM

?PR?_MY_STRLEN?MCU_API                           011BH    0007H

?PR?_SET_WIFI_UART_BUFFER?SYSTEM                 0124H    0007H
  +--> ?PR?_MY_MEMCPY?MCU_API

?PR?_MY_MEMCPY?MCU_API                           012BH    0010H

?PR?GET_MCU_WIFI_MODE?SYSTEM                     -----    -----
  +--> ?PR?_WIFI_UART_WRITE_FRAME?SYSTEM

?PR?_DATA_POINT_HANDLE?SYSTEM                    0110H    0007H
  +--> ?PR?_GET_DOWMLOAD_DPID_INDEX?SYSTEM
  +--> ?PR?_DP_DOWNLOAD_HANDLE?PROTOCOL

?PR?_GET_DOWMLOAD_DPID_INDEX?SYSTEM              0117H    0001H
  +--> ?PR?GET_DOWNLOAD_CMD_TOTAL?PROTOCOL

?PR?_DP_DOWNLOAD_HANDLE?PROTOCOL                 0117H    0007H
  +--> ?PR?_DP_DOWNLOAD_TEMP_SAMPLING_HANDLE...
  +--> ?PR?_DP_DOWNLOAD_HUMIDITY_SAMPLING_HA...
  +--> ?PR?_DP_DOWNLOAD_MAXTEMP_SET_HANDLE?P...
  +--> ?PR?_DP_DOWNLOAD_MINITEMP_SET_HANDLE?...
  +--> ?PR?_DP_DOWNLOAD_MAXHUM_SET_HANDLE?PR...
  +--> ?PR?_DP_DOWNLOAD_MINIHUM_SET_HANDLE?P...
  +--> ?PR?_DP_DOWNLOAD_BRIGHT_VALUE_HANDLE?...
  +--> ?PR?_DP_DOWNLOAD_DATA_IS_HANDLE?PROTOCOL

?PR?_DP_DOWNLOAD_TEMP_SAMPLING_HANDLE...         011EH    0004H
  +--> ?PR?_MCU_GET_DP_DOWNLOAD_VALUE?MCU_API
  +--> ?PR?_MCU_DP_VALUE_UPDATE?MCU_API

?PR?_MCU_GET_DP_DOWNLOAD_VALUE?MCU_API           0122H    0002H
  +--> ?PR?_BYTE_TO_INT?MCU_API

?PR?_BYTE_TO_INT?MCU_API                         0124H    0007H

?PR?_MCU_DP_VALUE_UPDATE?MCU_API                 0122H    0005H
  +--> ?PR?_SET_WIFI_UART_BYTE?SYSTEM
  +--> ?PR?_WIFI_UART_WRITE_FRAME?SYSTEM

?PR?_DP_DOWNLOAD_HUMIDITY_SAMPLING_HA...         011EH    0004H
  +--> ?PR?_MCU_GET_DP_DOWNLOAD_VALUE?MCU_API
  +--> ?PR?_MCU_DP_VALUE_UPDATE?MCU_API

?PR?_DP_DOWNLOAD_MAXTEMP_SET_HANDLE?P...         011EH    0004H
  +--> ?PR?_MCU_GET_DP_DOWNLOAD_VALUE?MCU_API
  +--> ?PR?_MCU_DP_VALUE_UPDATE?MCU_API

?PR?_DP_DOWNLOAD_MINITEMP_SET_HANDLE?...         011EH    0004H
  +--> ?PR?_MCU_GET_DP_DOWNLOAD_VALUE?MCU_API
  +--> ?PR?_MCU_DP_VALUE_UPDATE?MCU_API

?PR?_DP_DOWNLOAD_MAXHUM_SET_HANDLE?PR...         011EH    0004H
  +--> ?PR?_MCU_GET_DP_DOWNLOAD_VALUE?MCU_API
  +--> ?PR?_MCU_DP_VALUE_UPDATE?MCU_API
BL51 BANKED LINKER/LOCATER V6.22                                                      02/27/2021  10:59:51  PAGE 8



?PR?_DP_DOWNLOAD_MINIHUM_SET_HANDLE?P...         011EH    0004H
  +--> ?PR?_MCU_GET_DP_DOWNLOAD_VALUE?MCU_API
  +--> ?PR?_MCU_DP_VALUE_UPDATE?MCU_API

?PR?_DP_DOWNLOAD_BRIGHT_VALUE_HANDLE?...         011EH    0004H
  +--> ?PR?_MCU_GET_DP_DOWNLOAD_VALUE?MCU_API
  +--> ?PR?_MCU_DP_VALUE_UPDATE?MCU_API

?PR?_DP_DOWNLOAD_DATA_IS_HANDLE?PROTOCOL         -----    -----
  +--> ?PR?_MCU_DP_STRING_UPDATE?MCU_API

?PR?_MCU_DP_STRING_UPDATE?MCU_API                011EH    0006H
  +--> ?PR?_SET_WIFI_UART_BYTE?SYSTEM
  +--> ?PR?_SET_WIFI_UART_BUFFER?SYSTEM
  +--> ?PR?_WIFI_UART_WRITE_FRAME?SYSTEM

?PR?ALL_DATA_UPDATE?PROTOCOL                     -----    -----
  +--> ?PR?_MCU_DP_VALUE_UPDATE?MCU_API
  +--> ?PR?_MCU_DP_ENUM_UPDATE?MCU_API
  +--> ?PR?_MCU_DP_STRING_UPDATE?MCU_API

?PR?_MCU_DP_ENUM_UPDATE?MCU_API                  0110H    0001H
  +--> ?PR?_SET_WIFI_UART_BYTE?SYSTEM
  +--> ?PR?_WIFI_UART_WRITE_FRAME?SYSTEM

?PR?_WIFI_TEST_RESULT?PROTOCOL                   0110H    0001H
  +--> ?PR?_OLED_SHOWCHINESE?OLED
  +--> ?CO?PROTOCOL
  +--> ?PR?_OLED_SHOWSTRING?OLED
  +--> ?PR?_OLED_SHOWNUM?OLED

?PR?_OLED_SHOWCHINESE?OLED                       0111H    0004H
  +--> ?PR?_OLED_SET_POS?OLED
  +--> ?CO?OLED
  +--> ?PR?_OLED_WR_BYTE?OLED

?PR?_OLED_SHOWNUM?OLED                           0111H    0009H
  +--> ?PR?_OLED_POW?OLED
  +--> ?PR?_OLED_SHOWCHAR?OLED

?PR?_OLED_POW?OLED                               011AH    0001H

?PR?KEY_SET?MAIN                                 -----    -----
  +--> ?PR?KEY_SCAN?KEY
  +--> ?PR?WIFI_RESET?MAIN
  +--> ?PR?OLED_CLEAR?OLED
  +--> ?PR?READ_SENSOR?MAIN
  +--> ?PR?WIFI_WORK_STATE_LED?MAIN

?PR?KEY_SCAN?KEY                                 0103H    0001H
  +--> ?PR?_DELAY_US?DELAY

?PR?WIFI_RESET?MAIN                              -----    -----
  +--> ?PR?MCU_RESET_WIFI?MCU_API
  +--> ?PR?_DELAY_MS?DELAY
  +--> ?PR?_MCU_SET_WIFI_MODE?MCU_API
BL51 BANKED LINKER/LOCATER V6.22                                                      02/27/2021  10:59:51  PAGE 9



?PR?MCU_RESET_WIFI?MCU_API                       -----    -----
  +--> ?PR?_WIFI_UART_WRITE_FRAME?SYSTEM

?PR?_MCU_SET_WIFI_MODE?MCU_API                   -----    -----
  +--> ?PR?_SET_WIFI_UART_BYTE?SYSTEM
  +--> ?PR?_WIFI_UART_WRITE_FRAME?SYSTEM

?PR?READ_SENSOR?MAIN                             0103H    0008H
  +--> ?PR?_SHT3X_XHGETTEMPANDHUMI?SHT3X
  +--> ?PR?_OLED_SHOWCHINESE?OLED
  +--> ?CO?MAIN
  +--> ?PR?_OLED_SHOWSTRING?OLED
  +--> ?PR?_OLED_SHOWNUM?OLED
  +--> ?PR?_MCU_DP_VALUE_UPDATE?MCU_API

?PR?_SHT3X_XHGETTEMPANDHUMI?SHT3X                010BH    0015H
  +--> ?CO?SHT3X
  +--> ?PR?I2CSTART?SHT3X
  +--> ?PR?_I2CWRBYTE?SHT3X
  +--> ?PR?_SHT3X_WRITECOMMAND?SHT3X
  +--> ?PR?_I2CRDBYTE?SHT3X
  +--> ?PR?I2CSTOP?SHT3X
  +--> ?PR?_SHT3X_CALCCRC?SHT3X

?PR?_I2CRDBYTE?SHT3X                             -----    -----
  +--> ?PR?_I2CDELAY?SHT3X

?PR?_SHT3X_CALCCRC?SHT3X                         0120H    0004H

?PR?WIFI_WORK_STATE_LED?MAIN                     -----    -----
  +--> ?PR?MCU_GET_WIFI_WORK_STATE?MCU_API
  +--> ?PR?_OLED_SHOWCHINESE?OLED
  +--> ?CO?MAIN
  +--> ?PR?_OLED_SHOWSTRING?OLED



UNRESOLVED EXTERNAL SYMBOLS:
   CY_H_TIME
   CY_T_TIME
   DATA
   DATA_LONG
   HUMIDITY
   JB_HUMIDITY
   JB_T
   LEAST_HUMIDITY
   LEAST_T
   MOST_HUMIDITY
   MOST_T
   SUN
   TEMPER



SYMBOL TABLE OF MODULE:  .\Objects\ÎÂ¶ÈÊª¶È¼ì²â (MAIN)

BL51 BANKED LINKER/LOCATER V6.22                                                      02/27/2021  10:59:51  PAGE 10


  VALUE           TYPE          NAME
  ----------------------------------

  -------         MODULE        MAIN
  C:0000H         SYMBOL        _ICE_DUMMY_
  D:0092H         PUBLIC        P1M0
  D:0093H         PUBLIC        P0M1
  D:0096H         PUBLIC        P2M0
  D:0091H         PUBLIC        P1M1
  D:0080H         PUBLIC        P0
  D:00B2H         PUBLIC        P3M0
  D:0095H         PUBLIC        P2M1
  D:0090H         PUBLIC        P1
  C:3A58H         PUBLIC        timer0_int
  D:00B4H         PUBLIC        P4M0
  D:00B1H         PUBLIC        P3M1
  D:00A0H         PUBLIC        P2
  D:00CAH         PUBLIC        P5M0
  D:00B3H         PUBLIC        P4M1
  D:00B0H         PUBLIC        P3
  D:00CCH         PUBLIC        P6M0
  D:00C9H         PUBLIC        P5M1
  D:00C0H         PUBLIC        P4
  D:00E2H         PUBLIC        P7M0
  D:00CBH         PUBLIC        P6M1
  D:00C8H         PUBLIC        P5
  B:00A8H.7       PUBLIC        EA
  D:00E1H         PUBLIC        P7M1
  D:00E8H         PUBLIC        P6
  D:00F8H         PUBLIC        P7
  D:00A8H         PUBLIC        IE
  D:00B8H         PUBLIC        IP
  C:1CCBH         SYMBOL        read_sensor
  D:00D8H         PUBLIC        CCON
  C:3583H         PUBLIC        main
  D:0098H         PUBLIC        SCON
  D:0088H         PUBLIC        TCON
  C:3C46H         PUBLIC        wifi_reset
  B:00C8H.5       PUBLIC        P55
  X:0000H         PUBLIC        Tim_test
  C:181DH         PUBLIC        STC_Init
  C:1E35H         PUBLIC        wifi_work_state_led
  C:3C01H         PUBLIC        key_set
  D:00D0H         PUBLIC        PSW
  D:0094H         PUBLIC        P0M0
  -------         PROC          WIFI_RESET
  C:3C46H         LINE#         10
  C:3C46H         LINE#         11
  C:3C46H         LINE#         13
  C:3C49H         LINE#         14
  C:3C50H         LINE#         15
  -------         ENDPROC       WIFI_RESET
  -------         PROC          WIFI_WORK_STATE_LED
  -------         DO            
  D:0006H         SYMBOL        wifi_state
  -------         ENDDO         
  C:1E35H         LINE#         28
BL51 BANKED LINKER/LOCATER V6.22                                                      02/27/2021  10:59:51  PAGE 11


  C:1E35H         LINE#         29
  C:1E35H         LINE#         30
  C:1E3AH         LINE#         31
  C:1E65H         LINE#         32
  C:1E65H         LINE#         33
  C:1E65H         LINE#         35
  C:1E6EH         LINE#         36
  C:1E77H         LINE#         37
  C:1E80H         LINE#         38
  C:1E92H         LINE#         39
  C:1E98H         LINE#         44
  C:1E9BH         LINE#         46
  C:1E9BH         LINE#         50
  C:1EADH         LINE#         51
  C:1EB6H         LINE#         52
  C:1EBFH         LINE#         53
  C:1EC5H         LINE#         55
  C:1EC8H         LINE#         57
  C:1EC8H         LINE#         61
  C:1ED0H         LINE#         62
  C:1ED9H         LINE#         63
  C:1EE2H         LINE#         64
  C:1EEBH         LINE#         65
  C:1EF4H         LINE#         66
  C:1EFAH         LINE#         69
  C:1EFDH         LINE#         71
  C:1EFDH         LINE#         74
  C:1F05H         LINE#         75
  C:1F0EH         LINE#         76
  C:1F17H         LINE#         77
  C:1F20H         LINE#         78
  C:1F29H         LINE#         79
  C:1F2FH         LINE#         82
  C:1F31H         LINE#         84
  C:1F31H         LINE#         87
  C:1F43H         LINE#         88
  C:1F43H         LINE#         90
  C:1F43H         LINE#         92
  C:1F4CH         LINE#         93
  C:1F55H         LINE#         94
  C:1F5EH         LINE#         95
  C:1F64H         LINE#         96
  C:1F66H         LINE#         98
  C:1F66H         LINE#         101
  C:1F66H         LINE#         103
  C:1F66H         LINE#         105
  C:1F6FH         LINE#         106
  C:1F78H         LINE#         107
  C:1F81H         LINE#         108
  C:1F8AH         LINE#         109
  C:1F93H         LINE#         110
  C:1F93H         LINE#         111
  C:1F93H         LINE#         121
  -------         ENDPROC       WIFI_WORK_STATE_LED
  -------         PROC          TIMER0_INT
  C:3A58H         LINE#         126
  C:3A61H         LINE#         128
BL51 BANKED LINKER/LOCATER V6.22                                                      02/27/2021  10:59:51  PAGE 12


  C:3A63H         LINE#         130
  C:3A6EH         LINE#         131
  C:3A70H         LINE#         132
  C:3A72H         LINE#         133
  -------         ENDPROC       TIMER0_INT
  -------         PROC          STC_INIT
  C:181DH         LINE#         137
  C:181DH         LINE#         140
  C:1822H         LINE#         141
  C:1826H         LINE#         142
  C:182AH         LINE#         143
  C:182EH         LINE#         144
  C:1832H         LINE#         145
  C:1836H         LINE#         146
  C:183AH         LINE#         147
  C:183EH         LINE#         151
  C:1841H         LINE#         152
  C:1844H         LINE#         154
  C:1855H         LINE#         155
  C:185CH         LINE#         156
  C:186EH         LINE#         157
  C:1875H         LINE#         158
  C:1887H         LINE#         159
  C:188EH         LINE#         160
  C:18A0H         LINE#         161
  C:18A7H         LINE#         162
  C:18B9H         LINE#         163
  C:18C0H         LINE#         164
  C:18D2H         LINE#         165
  C:18D9H         LINE#         173
  C:18DEH         LINE#         174
  C:18E0H         LINE#         176
  C:18F2H         LINE#         177
  C:18F9H         LINE#         178
  C:190BH         LINE#         179
  C:1912H         LINE#         180
  C:1924H         LINE#         181
  C:192BH         LINE#         182
  C:193DH         LINE#         183
  C:1944H         LINE#         184
  C:1956H         LINE#         185
  C:195DH         LINE#         186
  C:196FH         LINE#         187
  C:1976H         LINE#         190
  C:197FH         LINE#         192
  C:1986H         LINE#         193
  C:1989H         LINE#         195
  C:199BH         LINE#         196
  C:19A2H         LINE#         197
  C:19B4H         LINE#         198
  C:19BBH         LINE#         199
  C:19CDH         LINE#         200
  C:19D4H         LINE#         201
  C:19E6H         LINE#         202
  C:19EDH         LINE#         203
  C:19FFH         LINE#         204
  C:1A06H         LINE#         205
BL51 BANKED LINKER/LOCATER V6.22                                                      02/27/2021  10:59:51  PAGE 13


  C:1A18H         LINE#         206
  C:1A1FH         LINE#         208
  C:1A22H         LINE#         210
  C:1A34H         LINE#         211
  C:1A3BH         LINE#         212
  C:1A4DH         LINE#         213
  C:1A54H         LINE#         214
  C:1A66H         LINE#         215
  C:1A6DH         LINE#         216
  C:1A7FH         LINE#         217
  C:1A86H         LINE#         218
  C:1A98H         LINE#         219
  C:1A9FH         LINE#         220
  C:1AB1H         LINE#         221
  C:1AB8H         LINE#         224
  C:1ABBH         LINE#         226
  C:1ACDH         LINE#         227
  C:1AD4H         LINE#         228
  C:1AE6H         LINE#         229
  C:1AEDH         LINE#         230
  C:1AFFH         LINE#         231
  C:1B06H         LINE#         232
  C:1B18H         LINE#         233
  C:1B1FH         LINE#         234
  C:1B31H         LINE#         235
  C:1B38H         LINE#         236
  C:1B4AH         LINE#         237
  C:1B51H         LINE#         238
  -------         ENDPROC       STC_INIT
  -------         PROC          READ_SENSOR
  -------         DO            
  X:0103H         SYMBOL        temp
  X:0105H         SYMBOL        humi
  X:0107H         SYMBOL        temper
  X:0109H         SYMBOL        humidity
  -------         ENDDO         
  C:1CCBH         LINE#         248
  C:1CCBH         LINE#         249
  C:1CCBH         LINE#         252
  C:1CE1H         LINE#         253
  C:1CEEH         LINE#         254
  C:1CFBH         LINE#         257
  C:1D03H         LINE#         258
  C:1D0CH         LINE#         259
  C:1D1EH         LINE#         260
  C:1D40H         LINE#         261
  C:1D52H         LINE#         262
  C:1D74H         LINE#         264
  C:1D7DH         LINE#         265
  C:1D86H         LINE#         266
  C:1D98H         LINE#         267
  C:1DBAH         LINE#         268
  C:1DCCH         LINE#         269
  C:1DEEH         LINE#         270
  C:1E00H         LINE#         272
  C:1E17H         LINE#         273
  -------         ENDPROC       READ_SENSOR
BL51 BANKED LINKER/LOCATER V6.22                                                      02/27/2021  10:59:51  PAGE 14


  -------         PROC          KEY_SET
  C:3C01H         LINE#         277
  C:3C01H         LINE#         280
  C:3C08H         LINE#         281
  C:3C08H         LINE#         282
  C:3C08H         LINE#         284
  C:3C0BH         LINE#         286
  C:3C0EH         LINE#         287
  C:3C11H         LINE#         288
  C:3C14H         LINE#         290
  C:3C14H         LINE#         291
  C:3C14H         LINE#         295
  C:3C14H         LINE#         296
  C:3C14H         LINE#         300
  C:3C14H         LINE#         301
  C:3C14H         LINE#         305
  C:3C14H         LINE#         306
  C:3C14H         LINE#         310
  C:3C14H         LINE#         311
  C:3C14H         LINE#         315
  C:3C14H         LINE#         317
  C:3C14H         LINE#         318
  C:3C14H         LINE#         322
  -------         ENDPROC       KEY_SET
  -------         PROC          MAIN
  -------         DO            
  X:0101H         SYMBOL        count
  -------         ENDDO         
  C:3583H         LINE#         333
  C:3583H         LINE#         334
  C:3583H         LINE#         339
  C:3589H         LINE#         341
  C:358CH         LINE#         344
  C:358CH         LINE#         345
  C:358CH         LINE#         347
  C:358FH         LINE#         348
  C:3592H         LINE#         350
  C:35AEH         LINE#         354
  C:35B1H         LINE#         355
  C:35B4H         LINE#         356
  C:35B7H         LINE#         361
  C:35BAH         LINE#         362
  C:35BDH         LINE#         363
  C:35C3H         LINE#         364
  C:35C3H         LINE#         366
  -------         ENDPROC       MAIN
  -------         ENDMOD        MAIN

  -------         MODULE        UART_INTERRUPT
  C:0000H         SYMBOL        _ICE_DUMMY_
  D:0080H         PUBLIC        P0
  D:0090H         PUBLIC        P1
  D:00A0H         PUBLIC        P2
  D:00B0H         PUBLIC        P3
  D:00C0H         PUBLIC        P4
  D:00C8H         PUBLIC        P5
  D:00A8H         PUBLIC        IE
BL51 BANKED LINKER/LOCATER V6.22                                                      02/27/2021  10:59:51  PAGE 15


  D:00B8H         PUBLIC        IP
  C:0042H         PUBLIC        UART1_int
  C:3423H         PUBLIC        UART2_int
  D:00D8H         PUBLIC        CCON
  D:0098H         PUBLIC        SCON
  D:0088H         PUBLIC        TCON
  D:00F0H         PUBLIC        B
  D:00E0H         PUBLIC        ACC
  D:009BH         PUBLIC        S2BUF
  D:009AH         PUBLIC        S2CON
  D:00D0H         PUBLIC        PSW
  -------         PROC          UART1_INT
  C:0042H         LINE#         25
  C:0042H         LINE#         49
  -------         ENDPROC       UART1_INT
  -------         PROC          UART2_INT
  C:3423H         LINE#         60
  C:3440H         LINE#         64
  C:3445H         LINE#         65
  C:3445H         LINE#         66
  C:3448H         LINE#         71
  C:344DH         LINE#         72
  C:344DH         LINE#         74
  C:3452H         LINE#         75
  C:3452H         LINE#         76
  C:3455H         LINE#         77
  C:3457H         LINE#         78
  C:3457H         LINE#         85
  -------         ENDPROC       UART2_INT
  -------         ENDMOD        UART_INTERRUPT

  -------         MODULE        UART
  C:0000H         SYMBOL        _ICE_DUMMY_
  D:0080H         PUBLIC        P0
  D:0090H         PUBLIC        P1
  D:00A0H         PUBLIC        P2
  D:00B0H         PUBLIC        P3
  D:00C0H         PUBLIC        P4
  D:00C8H         PUBLIC        P5
  B:0020H.0       PUBLIC        B_TX1_Busy
  C:37C3H         PUBLIC        _PrintD1
  B:0020H.1       PUBLIC        B_TX2_Busy
  D:00A2H         PUBLIC        P_SW1
  D:00BAH         PUBLIC        P_SW2
  D:00A8H         PUBLIC        IE
  C:143FH         PUBLIC        _PrintN1
  C:3AB8H         PUBLIC        _SetTimer2Baudraye
  B:00A8H.4       PUBLIC        ES
  D:00B8H         PUBLIC        IP
  I:0021H         PUBLIC        RX1_Buffer
  I:0041H         PUBLIC        RX2_Buffer
  D:00D8H         PUBLIC        CCON
  D:0099H         PUBLIC        SBUF
  D:0098H         PUBLIC        SCON
  D:0089H         PUBLIC        TMOD
  D:0088H         PUBLIC        TCON
  C:3BA9H         PUBLIC        _PrintString1
BL51 BANKED LINKER/LOCATER V6.22                                                      02/27/2021  10:59:51  PAGE 16


  C:3BBFH         PUBLIC        _PrintString2
  D:00AFH         PUBLIC        IE2
  D:00F0H         PUBLIC        B
  D:008EH         PUBLIC        AUXR
  D:00E0H         PUBLIC        ACC
  C:34FCH         PUBLIC        _UART1_config
  C:3A14H         PUBLIC        _UART2_config
  B:00A8H.3       PUBLIC        ET1
  D:008DH         PUBLIC        TH1
  D:00D6H         PUBLIC        T2H
  D:008BH         PUBLIC        TL1
  D:00D7H         PUBLIC        T2L
  B:0088H.6       PUBLIC        TR1
  X:0007H         PUBLIC        RX1_Cnt
  C:35FEH         PUBLIC        _Printchar1
  X:0008H         PUBLIC        RX2_Cnt
  C:0003H         PUBLIC        _Printchar2
  D:009BH         PUBLIC        S2BUF
  X:0009H         PUBLIC        TX1_Cnt
  X:000AH         PUBLIC        TX2_Cnt
  B:0098H.4       PUBLIC        REN
  D:009AH         PUBLIC        S2CON
  D:008FH         PUBLIC        INT_CLKO
  D:00D0H         PUBLIC        PSW
  -------         PROC          _PRINTSTRING1
  D:0001H         SYMBOL        puts
  C:3BA9H         LINE#         52
  C:3BA9H         LINE#         53
  C:3BA9H         LINE#         54
  C:3BAEH         LINE#         55
  C:3BAEH         LINE#         56
  C:3BB0H         LINE#         57
  C:3BB2H         LINE#         58
  C:3BB5H         LINE#         59
  C:3BBEH         LINE#         60
  -------         ENDPROC       _PRINTSTRING1
  -------         PROC          _PRINTD1
  D:0001H         SYMBOL        str
  -------         DO            
  X:0002H         SYMBOL        s
  -------         ENDDO         
  C:37C3H         LINE#         69
  C:37C3H         LINE#         70
  C:37C3H         LINE#         73
  C:37DDH         LINE#         74
  C:37DDH         LINE#         75
  C:37E0H         LINE#         76
  C:37EDH         LINE#         78
  -------         ENDPROC       _PRINTD1
  -------         PROC          _PRINTN1
  X:0005H         SYMBOL        num
  C:143FH         LINE#         85
  C:1446H         LINE#         86
  C:1446H         LINE#         88
  C:1451H         LINE#         89
  C:146EH         LINE#         90
  C:146EH         LINE#         91
BL51 BANKED LINKER/LOCATER V6.22                                                      02/27/2021  10:59:51  PAGE 17


  C:147EH         LINE#         92
  C:147EH         LINE#         93
  C:1481H         LINE#         94
  C:1481H         LINE#         95
  C:149CH         LINE#         96
  C:149CH         LINE#         97
  C:14A3H         LINE#         98
  C:14B1H         LINE#         99
  C:14B1H         LINE#         100
  C:14CCH         LINE#         101
  C:14CCH         LINE#         102
  C:14D3H         LINE#         103
  C:14E1H         LINE#         104
  C:1503H         LINE#         105
  C:1503H         LINE#         106
  C:151EH         LINE#         107
  C:151EH         LINE#         108
  C:1525H         LINE#         109
  C:1538H         LINE#         110
  C:1546H         LINE#         111
  C:1575H         LINE#         112
  C:1575H         LINE#         113
  C:15A0H         LINE#         114
  C:15A0H         LINE#         115
  C:15AEH         LINE#         116
  C:15C3H         LINE#         117
  C:15E5H         LINE#         118
  C:15E8H         LINE#         119
  C:1624H         LINE#         121
  C:1624H         LINE#         123
  C:1624H         LINE#         125
  C:1624H         LINE#         127
  C:1636H         LINE#         128
  C:1641H         LINE#         130
  C:1646H         LINE#         132
  C:1664H         LINE#         133
  C:1664H         LINE#         134
  C:1674H         LINE#         135
  C:1674H         LINE#         136
  C:1677H         LINE#         137
  C:1677H         LINE#         138
  C:1692H         LINE#         139
  C:1692H         LINE#         140
  C:1699H         LINE#         141
  C:16A7H         LINE#         142
  C:16A7H         LINE#         143
  C:16C2H         LINE#         144
  C:16C2H         LINE#         145
  C:16C9H         LINE#         146
  C:16D7H         LINE#         147
  C:16F9H         LINE#         148
  C:16F9H         LINE#         149
  C:1714H         LINE#         150
  C:1714H         LINE#         151
  C:171BH         LINE#         152
  C:1730H         LINE#         153
  C:173EH         LINE#         154
BL51 BANKED LINKER/LOCATER V6.22                                                      02/27/2021  10:59:51  PAGE 18


  C:176DH         LINE#         155
  C:176DH         LINE#         156
  C:1798H         LINE#         157
  C:1798H         LINE#         158
  C:17A6H         LINE#         159
  C:17BBH         LINE#         160
  C:17DDH         LINE#         161
  C:17E0H         LINE#         162
  C:181CH         LINE#         164
  C:181CH         LINE#         166
  C:181CH         LINE#         167
  C:181CH         LINE#         169
  -------         ENDPROC       _PRINTN1
  C:35DDH         SYMBOL        L?0045
  C:35EAH         SYMBOL        L?0046
  C:35EFH         SYMBOL        L?0047
  C:35F1H         SYMBOL        L?0048
  C:35F7H         SYMBOL        L?0049
  C:35FAH         SYMBOL        L?0050
  -------         PROC          L?0044
  -------         ENDPROC       L?0044
  C:35DDH         SYMBOL        L?0045
  C:35EAH         SYMBOL        L?0046
  C:35EFH         SYMBOL        L?0047
  C:35F1H         SYMBOL        L?0048
  C:35F7H         SYMBOL        L?0049
  C:35FAH         SYMBOL        L?0050
  -------         PROC          _PRINTCHAR1
  D:0007H         SYMBOL        Data
  C:35FEH         LINE#         178
  C:35FEH         LINE#         179
  C:35FEH         LINE#         181
  C:3600H         LINE#         182
  C:3602H         LINE#         183
  C:3605H         LINE#         185
  -------         ENDPROC       _PRINTCHAR1
  -------         PROC          _PRINTCHAR2
  D:0007H         SYMBOL        Data
  C:0003H         LINE#         195
  C:0003H         LINE#         196
  C:0003H         LINE#         198
  C:0005H         LINE#         199
  C:0007H         LINE#         200
  C:000AH         LINE#         202
  -------         ENDPROC       _PRINTCHAR2
  -------         PROC          _PRINTSTRING2
  D:0001H         SYMBOL        puts
  C:3BBFH         LINE#         209
  C:3BBFH         LINE#         210
  C:3BBFH         LINE#         211
  C:3BC4H         LINE#         212
  C:3BC4H         LINE#         213
  C:3BC6H         LINE#         214
  C:3BC8H         LINE#         215
  C:3BCBH         LINE#         216
  C:3BD4H         LINE#         217
  -------         ENDPROC       _PRINTSTRING2
BL51 BANKED LINKER/LOCATER V6.22                                                      02/27/2021  10:59:51  PAGE 19


  -------         PROC          _SETTIMER2BAUDRAYE
  D:0004H         SYMBOL        dat
  C:3AB8H         LINE#         225
  C:3ABCH         LINE#         226
  C:3ABCH         LINE#         227
  C:3ABFH         LINE#         228
  C:3AC2H         LINE#         229
  C:3AC5H         LINE#         230
  C:3AC8H         LINE#         231
  C:3ACCH         LINE#         232
  C:3ACFH         LINE#         233
  C:3AD2H         LINE#         234
  -------         ENDPROC       _SETTIMER2BAUDRAYE
  -------         PROC          _UART1_CONFIG
  D:0007H         SYMBOL        brt
  C:34FCH         LINE#         242
  C:34FCH         LINE#         243
  C:34FCH         LINE#         245
  C:3500H         LINE#         246
  C:3500H         LINE#         247
  C:3503H         LINE#         248
  C:350AH         LINE#         249
  C:350CH         LINE#         253
  C:350CH         LINE#         254
  C:350EH         LINE#         255
  C:3511H         LINE#         256
  C:3514H         LINE#         257
  C:3517H         LINE#         258
  C:351AH         LINE#         259
  C:351DH         LINE#         260
  C:3520H         LINE#         261
  C:3522H         LINE#         262
  C:3525H         LINE#         263
  C:3527H         LINE#         264
  C:3527H         LINE#         267
  C:352FH         LINE#         269
  C:3531H         LINE#         271
  C:3533H         LINE#         272
  C:3536H         LINE#         273
  C:3536H         LINE#         276
  C:3538H         LINE#         277
  C:353CH         LINE#         278
  C:353FH         LINE#         279
  -------         ENDPROC       _UART1_CONFIG
  -------         PROC          _UART2_CONFIG
  D:0007H         SYMBOL        brt
  C:3A14H         LINE#         288
  C:3A14H         LINE#         289
  C:3A14H         LINE#         290
  C:3A19H         LINE#         291
  C:3A19H         LINE#         292
  C:3A20H         LINE#         294
  C:3A23H         LINE#         295
  C:3A26H         LINE#         296
  C:3A29H         LINE#         297
  C:3A2CH         LINE#         298
  C:3A2CH         LINE#         300
BL51 BANKED LINKER/LOCATER V6.22                                                      02/27/2021  10:59:51  PAGE 20


  C:3A2EH         LINE#         301
  C:3A32H         LINE#         302
  C:3A35H         LINE#         303
  C:3A35H         LINE#         304
  -------         ENDPROC       _UART2_CONFIG
  -------         ENDMOD        UART

  -------         MODULE        DELAY
  C:0000H         SYMBOL        _ICE_DUMMY_
  C:3B36H         PUBLIC        _delay_ms
  C:3B4DH         PUBLIC        _delay_us
  -------         PROC          _DELAY_MS
  D:0006H         SYMBOL        ms
  -------         DO            
  D:0004H         SYMBOL        i
  -------         ENDDO         
  C:3B36H         LINE#         33
  C:3B36H         LINE#         34
  C:3B36H         LINE#         36
  C:3B36H         LINE#         37
  C:3B3AH         LINE#         38
  C:3B43H         LINE#         39
  C:3B4CH         LINE#         40
  -------         ENDPROC       _DELAY_MS
  -------         PROC          _DELAY_US
  D:0006H         SYMBOL        us
  -------         DO            
  D:0004H         SYMBOL        i
  -------         ENDDO         
  C:3B4DH         LINE#         43
  C:3B4DH         LINE#         44
  C:3B4DH         LINE#         46
  C:3B4DH         LINE#         47
  C:3B51H         LINE#         48
  C:3B5AH         LINE#         49
  C:3B63H         LINE#         50
  -------         ENDPROC       _DELAY_US
  -------         ENDMOD        DELAY

  -------         MODULE        TIME_INTERRUPT
  C:0000H         SYMBOL        _ICE_DUMMY_
  -------         ENDMOD        TIME_INTERRUPT

  -------         MODULE        TIMER
  C:0000H         SYMBOL        _ICE_DUMMY_
  D:0080H         PUBLIC        P0
  D:0090H         PUBLIC        P1
  D:00A0H         PUBLIC        P2
  D:00B0H         PUBLIC        P3
  D:00C0H         PUBLIC        P4
  D:00C8H         PUBLIC        P5
  D:00E8H         PUBLIC        P6
  D:00F8H         PUBLIC        P7
  D:00A8H         PUBLIC        IE
  D:00B8H         PUBLIC        IP
  D:00D8H         PUBLIC        CCON
  D:0098H         PUBLIC        SCON
BL51 BANKED LINKER/LOCATER V6.22                                                      02/27/2021  10:59:51  PAGE 21


  D:0089H         PUBLIC        TMOD
  D:0088H         PUBLIC        TCON
  D:008EH         PUBLIC        AUXR
  B:00A8H.1       PUBLIC        ET0
  B:00A8H.3       PUBLIC        ET1
  C:3AD3H         PUBLIC        Timer0_init
  C:3AECH         PUBLIC        Timer1_init
  D:008CH         PUBLIC        TH0
  D:008DH         PUBLIC        TH1
  D:008AH         PUBLIC        TL0
  D:008BH         PUBLIC        TL1
  B:0088H.4       PUBLIC        TR0
  B:0088H.6       PUBLIC        TR1
  D:008FH         PUBLIC        INT_CLKO
  D:00D0H         PUBLIC        PSW
  -------         PROC          TIMER0_INIT
  C:3AD3H         LINE#         29
  C:3AD3H         LINE#         30
  C:3AD3H         LINE#         31
  C:3AD5H         LINE#         34
  C:3AD7H         LINE#         36
  C:3ADAH         LINE#         37
  C:3ADAH         LINE#         39
  C:3ADDH         LINE#         41
  C:3AE0H         LINE#         43
  C:3AE3H         LINE#         44
  C:3AE6H         LINE#         45
  C:3AE9H         LINE#         46
  C:3AEBH         LINE#         47
  -------         ENDPROC       TIMER0_INIT
  -------         PROC          TIMER1_INIT
  C:3AECH         LINE#         56
  C:3AECH         LINE#         57
  C:3AECH         LINE#         58
  C:3AEEH         LINE#         64
  C:3AF0H         LINE#         66
  C:3AF3H         LINE#         67
  C:3AF3H         LINE#         69
  C:3AF6H         LINE#         71
  C:3AF9H         LINE#         74
  C:3AFCH         LINE#         75
  C:3AFFH         LINE#         76
  C:3B02H         LINE#         83
  C:3B04H         LINE#         88
  -------         ENDPROC       TIMER1_INIT
  -------         ENDMOD        TIMER

  -------         MODULE        REDA_DATA
  C:0000H         SYMBOL        _ICE_DUMMY_
  D:0080H         PUBLIC        P0
  D:0090H         PUBLIC        P1
  D:00A0H         PUBLIC        P2
  D:00B0H         PUBLIC        P3
  D:00C0H         PUBLIC        P4
  D:00C8H         PUBLIC        P5
  D:00E8H         PUBLIC        P6
  D:00F8H         PUBLIC        P7
BL51 BANKED LINKER/LOCATER V6.22                                                      02/27/2021  10:59:51  PAGE 22


  D:00A8H         PUBLIC        IE
  D:00B8H         PUBLIC        IP
  D:00D8H         PUBLIC        CCON
  D:0098H         PUBLIC        SCON
  D:0088H         PUBLIC        TCON
  D:00D0H         PUBLIC        PSW
  -------         ENDMOD        REDA_DATA

  -------         MODULE        KEY
  C:0000H         SYMBOL        _ICE_DUMMY_
  D:0080H         PUBLIC        P0
  D:0090H         PUBLIC        P1
  D:00A0H         PUBLIC        P2
  D:00B0H         PUBLIC        P3
  D:00C0H         PUBLIC        P4
  D:00C8H         PUBLIC        P5
  D:00E8H         PUBLIC        P6
  D:00F8H         PUBLIC        P7
  D:00A8H         PUBLIC        IE
  D:00B8H         PUBLIC        IP
  B:00C0H.7       PUBLIC        OK
  D:00D8H         PUBLIC        CCON
  D:0098H         PUBLIC        SCON
  D:0088H         PUBLIC        TCON
  B:0090H.5       PUBLIC        D
  B:0090H.3       PUBLIC        E
  B:0090H.4       PUBLIC        S
  C:33D3H         PUBLIC        key_scan
  B:0090H.2       PUBLIC        W
  B:00C8H.4       PUBLIC        RET
  D:00D0H         PUBLIC        PSW
  -------         PROC          KEY_SCAN
  -------         DO            
  X:0103H         SYMBOL        ke
  -------         ENDDO         
  C:33D3H         LINE#         12
  C:33D3H         LINE#         13
  C:33D3H         LINE#         14
  C:33D7H         LINE#         15
  C:33D9H         LINE#         16
  C:33DBH         LINE#         17
  C:33DDH         LINE#         18
  C:33DFH         LINE#         19
  C:33E1H         LINE#         20
  C:33E3H         LINE#         22
  C:33E9H         LINE#         24
  C:33ECH         LINE#         25
  C:33F1H         LINE#         26
  C:33F1H         LINE#         27
  C:33F4H         LINE#         28
  C:33FAH         LINE#         29
  C:33FAH         LINE#         30
  C:33FDH         LINE#         31
  C:3403H         LINE#         32
  C:3403H         LINE#         33
  C:3406H         LINE#         34
  C:340CH         LINE#         35
BL51 BANKED LINKER/LOCATER V6.22                                                      02/27/2021  10:59:51  PAGE 23


  C:340CH         LINE#         36
  C:340FH         LINE#         37
  C:3415H         LINE#         38
  C:3415H         LINE#         39
  C:3418H         LINE#         40
  C:341EH         LINE#         41
  C:341EH         LINE#         43
  C:3422H         LINE#         45
  -------         ENDPROC       KEY_SCAN
  -------         ENDMOD        KEY

  -------         MODULE        MCU_API
  C:0000H         SYMBOL        _ICE_DUMMY_
  C:3CD4H         PUBLIC        mcu_get_reset_wifi_flag
  C:3BD5H         PUBLIC        _mcu_set_wifi_mode
  C:32D9H         PUBLIC        _mcu_dp_raw_update
  C:2EA1H         PUBLIC        _hex_to_bcd
  C:2BE6H         PUBLIC        _uart_receive_input
  C:3CD9H         PUBLIC        mcu_get_wifimode_flag
  C:39A8H         PUBLIC        wifi_protocol_init
  C:36FBH         PUBLIC        _uart_receive_buff_input
  C:3CDEH         PUBLIC        mcu_get_wifi_work_state
  C:1B54H         PUBLIC        wifi_uart_service
  C:2208H         PUBLIC        _byte_to_int
  C:311EH         PUBLIC        _int_to_byte
  C:3CA1H         PUBLIC        mcu_start_wifitest
  C:1F94H         PUBLIC        _my_memcpy
  C:3179H         PUBLIC        _my_memset
  C:3C96H         PUBLIC        _mcu_get_dp_download_value
  C:3C71H         PUBLIC        mcu_reset_wifi
  C:332DH         PUBLIC        _mcu_dp_string_update
  C:2331H         PUBLIC        _mcu_dp_fault_update
  C:2F12H         PUBLIC        _my_strlen
  C:2B45H         PUBLIC        _mcu_dp_value_update
  C:2FF2H         PUBLIC        _my_strcmp
  C:3C7EH         PUBLIC        _mcu_get_dp_download_bool
  C:2D10H         PUBLIC        _my_strcpy
  C:3606H         PUBLIC        _mcu_dp_bool_update
  C:3C8AH         PUBLIC        _mcu_get_dp_download_enum
  C:36C1H         PUBLIC        _mcu_dp_enum_update
  -------         PROC          _HEX_TO_BCD
  D:0007H         SYMBOL        Value_H
  D:0005H         SYMBOL        Value_L
  -------         DO            
  D:0007H         SYMBOL        bcd_value
  -------         ENDDO         
  C:2EA1H         LINE#         30
  C:2EA1H         LINE#         31
  C:2EA1H         LINE#         34
  C:2EADH         LINE#         35
  C:2EB3H         LINE#         36
  C:2EBFH         LINE#         37
  C:2EC5H         LINE#         38
  C:2ED1H         LINE#         39
  C:2ED5H         LINE#         41
  C:2ED8H         LINE#         43
  C:2EDCH         LINE#         44
BL51 BANKED LINKER/LOCATER V6.22                                                      02/27/2021  10:59:51  PAGE 24


  C:2EE8H         LINE#         45
  C:2EEEH         LINE#         46
  C:2EFAH         LINE#         47
  C:2EFCH         LINE#         48
  C:2F08H         LINE#         49
  C:2F0CH         LINE#         51
  C:2F11H         LINE#         53
  C:2F11H         LINE#         54
  -------         ENDPROC       _HEX_TO_BCD
  -------         PROC          _MY_STRLEN
  X:011BH         SYMBOL        str
  -------         DO            
  X:011EH         SYMBOL        len
  -------         ENDDO         
  C:2F12H         LINE#         61
  C:2F1CH         LINE#         62
  C:2F1CH         LINE#         63
  C:2F24H         LINE#         64
  C:2F31H         LINE#         65
  C:2F36H         LINE#         66
  C:2F36H         LINE#         68
  C:2F55H         LINE#         69
  C:2F72H         LINE#         70
  C:2F74H         LINE#         72
  C:2F81H         LINE#         73
  -------         ENDPROC       _MY_STRLEN
  -------         PROC          _MY_MEMSET
  X:000BH         SYMBOL        src
  D:0005H         SYMBOL        ch
  X:000FH         SYMBOL        count
  -------         DO            
  X:0011H         SYMBOL        tmp
  -------         ENDDO         
  C:3179H         LINE#         82
  C:3183H         LINE#         83
  C:3183H         LINE#         84
  C:318DH         LINE#         86
  C:319AH         LINE#         87
  C:319EH         LINE#         88
  C:319EH         LINE#         90
  C:31B0H         LINE#         91
  C:31C5H         LINE#         92
  C:31C7H         LINE#         94
  C:31D1H         LINE#         95
  -------         ENDPROC       _MY_MEMSET
  -------         PROC          _MY_MEMCPY
  X:012BH         SYMBOL        dest
  X:012EH         SYMBOL        src
  X:0131H         SYMBOL        count
  -------         DO            
  X:0133H         SYMBOL        pdest
  X:0136H         SYMBOL        psrc
  X:0139H         SYMBOL        i
  -------         ENDDO         
  C:1F94H         LINE#         104
  C:1F9EH         LINE#         105
  C:1F9EH         LINE#         106
BL51 BANKED LINKER/LOCATER V6.22                                                      02/27/2021  10:59:51  PAGE 25


  C:1FA8H         LINE#         107
  C:1FBBH         LINE#         110
  C:1FD4H         LINE#         111
  C:1FDBH         LINE#         112
  C:1FDBH         LINE#         114
  C:202CH         LINE#         115
  C:2049H         LINE#         116
  C:206DH         LINE#         117
  C:207AH         LINE#         118
  C:207AH         LINE#         119
  C:2096H         LINE#         120
  C:20C2H         LINE#         121
  C:20CFH         LINE#         122
  C:20CFH         LINE#         124
  C:20D9H         LINE#         125
  -------         ENDPROC       _MY_MEMCPY
  -------         PROC          _MY_STRCPY
  X:0014H         SYMBOL        dest
  X:0017H         SYMBOL        src
  -------         DO            
  X:001AH         SYMBOL        p
  -------         ENDDO         
  C:2D10H         LINE#         133
  C:2D1AH         LINE#         134
  C:2D1AH         LINE#         135
  C:2D24H         LINE#         137
  C:2D3DH         LINE#         138
  C:2D44H         LINE#         139
  C:2D44H         LINE#         142
  C:2D53H         LINE#         143
  C:2D7DH         LINE#         144
  C:2D7FH         LINE#         145
  C:2D8DH         LINE#         146
  C:2D97H         LINE#         147
  -------         ENDPROC       _MY_STRCPY
  -------         PROC          _MY_STRCMP
  X:001DH         SYMBOL        s1
  X:0020H         SYMBOL        s2
  C:2FF2H         LINE#         158
  C:2FFCH         LINE#         159
  C:2FFCH         LINE#         160
  C:301DH         LINE#         161
  C:3028H         LINE#         162
  C:3033H         LINE#         163
  C:3035H         LINE#         164
  C:3060H         LINE#         165
  -------         ENDPROC       _MY_STRCMP
  -------         PROC          _INT_TO_BYTE
  X:0023H         SYMBOL        number
  D:0001H         SYMBOL        value
  C:311EH         LINE#         173
  C:3123H         LINE#         174
  C:3123H         LINE#         175
  C:3139H         LINE#         176
  C:3152H         LINE#         177
  C:316BH         LINE#         178
  -------         ENDPROC       _INT_TO_BYTE
BL51 BANKED LINKER/LOCATER V6.22                                                      02/27/2021  10:59:51  PAGE 26


  -------         PROC          _BYTE_TO_INT
  X:0124H         SYMBOL        value
  -------         DO            
  X:0127H         SYMBOL        nubmer
  -------         ENDDO         
  C:2208H         LINE#         186
  C:2212H         LINE#         187
  C:2212H         LINE#         188
  C:221AH         LINE#         190
  C:2227H         LINE#         191
  C:223EH         LINE#         192
  C:227BH         LINE#         193
  C:2292H         LINE#         194
  C:22CFH         LINE#         195
  C:22E6H         LINE#         196
  C:2323H         LINE#         198
  C:2330H         LINE#         199
  -------         ENDPROC       _BYTE_TO_INT
  -------         PROC          _MCU_DP_RAW_UPDATE
  D:0005H         SYMBOL        dpid
  X:0028H         SYMBOL        value
  X:002BH         SYMBOL        len
  -------         DO            
  D:0006H         SYMBOL        send_len
  -------         ENDDO         
  C:32D9H         LINE#         209
  C:32E5H         LINE#         210
  C:32E5H         LINE#         211
  C:32E8H         LINE#         213
  C:32EEH         LINE#         214
  C:32F0H         LINE#         216
  C:32F3H         LINE#         217
  C:32F8H         LINE#         219
  C:32FFH         LINE#         220
  C:3306H         LINE#         222
  C:331FH         LINE#         224
  C:332AH         LINE#         226
  C:332CH         LINE#         227
  -------         ENDPROC       _MCU_DP_RAW_UPDATE
  -------         PROC          _MCU_DP_BOOL_UPDATE
  D:0004H         SYMBOL        dpid
  X:002DH         SYMBOL        value
  -------         DO            
  D:0006H         SYMBOL        send_len
  -------         ENDDO         
  C:3606H         LINE#         236
  C:360CH         LINE#         237
  C:360CH         LINE#         238
  C:360FH         LINE#         240
  C:3615H         LINE#         241
  C:3617H         LINE#         243
  C:361CH         LINE#         244
  C:3621H         LINE#         246
  C:3626H         LINE#         247
  C:362BH         LINE#         249
  C:3630H         LINE#         250
  C:3631H         LINE#         251
BL51 BANKED LINKER/LOCATER V6.22                                                      02/27/2021  10:59:51  PAGE 27


  C:3633H         LINE#         252
  C:3638H         LINE#         253
  C:3638H         LINE#         255
  C:3643H         LINE#         257
  C:3645H         LINE#         258
  -------         ENDPROC       _MCU_DP_BOOL_UPDATE
  -------         PROC          _MCU_DP_VALUE_UPDATE
  D:0005H         SYMBOL        dpid
  X:0123H         SYMBOL        value
  -------         DO            
  D:0006H         SYMBOL        send_len
  -------         ENDDO         
  C:2B45H         LINE#         267
  C:2B47H         LINE#         268
  C:2B47H         LINE#         269
  C:2B4AH         LINE#         271
  C:2B50H         LINE#         272
  C:2B52H         LINE#         274
  C:2B55H         LINE#         275
  C:2B5AH         LINE#         277
  C:2B5FH         LINE#         278
  C:2B64H         LINE#         280
  C:2B83H         LINE#         281
  C:2BA2H         LINE#         282
  C:2BC1H         LINE#         283
  C:2BD8H         LINE#         285
  C:2BE3H         LINE#         287
  C:2BE5H         LINE#         288
  -------         ENDPROC       _MCU_DP_VALUE_UPDATE
  -------         PROC          _MCU_DP_STRING_UPDATE
  D:0005H         SYMBOL        dpid
  X:011FH         SYMBOL        value
  X:0122H         SYMBOL        len
  -------         DO            
  D:0006H         SYMBOL        send_len
  -------         ENDDO         
  C:332DH         LINE#         298
  C:3339H         LINE#         299
  C:3339H         LINE#         300
  C:333CH         LINE#         302
  C:3342H         LINE#         303
  C:3344H         LINE#         305
  C:3347H         LINE#         306
  C:334CH         LINE#         308
  C:3353H         LINE#         309
  C:335AH         LINE#         311
  C:3373H         LINE#         313
  C:337EH         LINE#         315
  C:3380H         LINE#         316
  -------         ENDPROC       _MCU_DP_STRING_UPDATE
  -------         PROC          _MCU_DP_ENUM_UPDATE
  D:0004H         SYMBOL        dpid
  X:0110H         SYMBOL        value
  -------         DO            
  D:0006H         SYMBOL        send_len
  -------         ENDDO         
  C:36C1H         LINE#         325
BL51 BANKED LINKER/LOCATER V6.22                                                      02/27/2021  10:59:51  PAGE 28


  C:36C7H         LINE#         326
  C:36C7H         LINE#         327
  C:36CAH         LINE#         329
  C:36D0H         LINE#         330
  C:36D2H         LINE#         332
  C:36D7H         LINE#         333
  C:36DCH         LINE#         335
  C:36E1H         LINE#         336
  C:36E6H         LINE#         338
  C:36EDH         LINE#         340
  C:36F8H         LINE#         342
  C:36FAH         LINE#         343
  -------         ENDPROC       _MCU_DP_ENUM_UPDATE
  -------         PROC          _MCU_DP_FAULT_UPDATE
  D:0005H         SYMBOL        dpid
  X:002FH         SYMBOL        value
  -------         DO            
  D:0082H         SYMBOL        send_len
  -------         ENDDO         
  C:2331H         LINE#         352
  C:2333H         LINE#         353
  C:2333H         LINE#         354
  C:2336H         LINE#         356
  C:233CH         LINE#         357
  C:233FH         LINE#         359
  C:234AH         LINE#         360
  C:2353H         LINE#         362
  C:235CH         LINE#         364
  C:2375H         LINE#         365
  C:2382H         LINE#         366
  C:2389H         LINE#         367
  C:23A8H         LINE#         368
  C:23AAH         LINE#         369
  C:23AAH         LINE#         370
  C:23AAH         LINE#         371
  C:23ACH         LINE#         372
  C:23B5H         LINE#         373
  C:23D8H         LINE#         374
  C:23FBH         LINE#         375
  C:241EH         LINE#         376
  C:2439H         LINE#         377
  C:2439H         LINE#         379
  C:2448H         LINE#         381
  C:244AH         LINE#         382
  -------         ENDPROC       _MCU_DP_FAULT_UPDATE
  -------         PROC          _MCU_GET_DP_DOWNLOAD_BOOL
  D:0001H         SYMBOL        value
  X:0033H         SYMBOL        len
  C:3C7EH         LINE#         576
  C:3C85H         LINE#         577
  C:3C85H         LINE#         578
  C:3C89H         LINE#         579
  -------         ENDPROC       _MCU_GET_DP_DOWNLOAD_BOOL
  -------         PROC          _MCU_GET_DP_DOWNLOAD_ENUM
  D:0001H         SYMBOL        value
  X:0035H         SYMBOL        len
  C:3C8AH         LINE#         588
BL51 BANKED LINKER/LOCATER V6.22                                                      02/27/2021  10:59:51  PAGE 29


  C:3C91H         LINE#         589
  C:3C91H         LINE#         590
  C:3C95H         LINE#         591
  -------         ENDPROC       _MCU_GET_DP_DOWNLOAD_ENUM
  -------         PROC          _MCU_GET_DP_DOWNLOAD_VALUE
  D:0001H         SYMBOL        value
  X:0122H         SYMBOL        len
  C:3C96H         LINE#         600
  C:3C9DH         LINE#         601
  C:3C9DH         LINE#         602
  C:3CA0H         LINE#         603
  -------         ENDPROC       _MCU_GET_DP_DOWNLOAD_VALUE
  -------         PROC          _UART_RECEIVE_INPUT
  X:0100H         SYMBOL        value
  C:2BE6H         LINE#         611
  C:2BEAH         LINE#         612
  C:2BEAH         LINE#         615
  C:2C07H         LINE#         617
  C:2C4BH         LINE#         619
  C:2C4BH         LINE#         621
  C:2C5DH         LINE#         622
  C:2C6AH         LINE#         623
  C:2C6AH         LINE#         625
  C:2C83H         LINE#         626
  C:2C83H         LINE#         627
  -------         ENDPROC       _UART_RECEIVE_INPUT
  -------         PROC          _UART_RECEIVE_BUFF_INPUT
  X:0037H         SYMBOL        value
  X:003AH         SYMBOL        data_len
  -------         DO            
  D:0004H         SYMBOL        i
  -------         ENDDO         
  C:36FBH         LINE#         636
  C:370BH         LINE#         637
  C:370BH         LINE#         640
  C:370EH         LINE#         641
  C:3718H         LINE#         642
  C:372DH         LINE#         643
  C:3734H         LINE#         644
  -------         ENDPROC       _UART_RECEIVE_BUFF_INPUT
  -------         PROC          WIFI_UART_SERVICE
  -------         DO            
  X:003CH         SYMBOL        rx_in
  X:0103H         SYMBOL        offset
  X:0105H         SYMBOL        rx_value_len
  -------         ENDDO         
  C:1B54H         LINE#         652
  C:1B54H         LINE#         653
  C:1B54H         LINE#         656
  C:1B5AH         LINE#         657
  C:1B5EH         LINE#         659
  C:1B73H         LINE#         660
  C:1B89H         LINE#         661
  C:1B8BH         LINE#         663
  C:1B9AH         LINE#         666
  C:1BB7H         LINE#         667
  C:1BC0H         LINE#         668
BL51 BANKED LINKER/LOCATER V6.22                                                      02/27/2021  10:59:51  PAGE 30


  C:1BC0H         LINE#         669
  C:1BC2H         LINE#         670
  C:1BC2H         LINE#         672
  C:1BCBH         LINE#         673
  C:1BD0H         LINE#         674
  C:1BD3H         LINE#         675
  C:1BD3H         LINE#         677
  C:1BDEH         LINE#         678
  C:1BE3H         LINE#         679
  C:1BE6H         LINE#         680
  C:1BE6H         LINE#         682
  C:1BF5H         LINE#         683
  C:1C09H         LINE#         684
  C:1C16H         LINE#         685
  C:1C1BH         LINE#         686
  C:1C1DH         LINE#         687
  C:1C1DH         LINE#         689
  C:1C35H         LINE#         690
  C:1C35H         LINE#         691
  C:1C35H         LINE#         694
  C:1C64H         LINE#         697
  C:1C6FH         LINE#         698
  C:1C72H         LINE#         699
  C:1C72H         LINE#         701
  C:1C75H         LINE#         702
  C:1C85H         LINE#         703
  C:1C88H         LINE#         705
  C:1C9DH         LINE#         706
  C:1CA5H         LINE#         707
  C:1CCAH         LINE#         708
  C:1CCAH         LINE#         709
  -------         ENDPROC       WIFI_UART_SERVICE
  -------         PROC          WIFI_PROTOCOL_INIT
  C:39A8H         LINE#         717
  C:39A8H         LINE#         718
  C:39A8H         LINE#         720
  C:39B5H         LINE#         721
  C:39C2H         LINE#         723
  C:39C6H         LINE#         726
  C:39CBH         LINE#         728
  -------         ENDPROC       WIFI_PROTOCOL_INIT
  -------         PROC          MCU_GET_RESET_WIFI_FLAG
  C:3CD4H         LINE#         742
  C:3CD4H         LINE#         743
  C:3CD4H         LINE#         744
  C:3CD8H         LINE#         745
  -------         ENDPROC       MCU_GET_RESET_WIFI_FLAG
  -------         PROC          MCU_RESET_WIFI
  C:3C71H         LINE#         754
  C:3C71H         LINE#         755
  C:3C71H         LINE#         756
  C:3C75H         LINE#         758
  -------         ENDPROC       MCU_RESET_WIFI
  -------         PROC          MCU_GET_WIFIMODE_FLAG
  C:3CD9H         LINE#         770
  C:3CD9H         LINE#         771
  C:3CD9H         LINE#         772
BL51 BANKED LINKER/LOCATER V6.22                                                      02/27/2021  10:59:51  PAGE 31


  C:3CDDH         LINE#         773
  -------         ENDPROC       MCU_GET_WIFIMODE_FLAG
  -------         PROC          _MCU_SET_WIFI_MODE
  D:0005H         SYMBOL        mode
  -------         DO            
  D:0007H         SYMBOL        length
  -------         ENDDO         
  C:3BD5H         LINE#         785
  C:3BD7H         LINE#         786
  C:3BD7H         LINE#         787
  C:3BD9H         LINE#         789
  C:3BDCH         LINE#         791
  C:3BE0H         LINE#         793
  -------         ENDPROC       _MCU_SET_WIFI_MODE
  -------         PROC          MCU_GET_WIFI_WORK_STATE
  C:3CDEH         LINE#         809
  C:3CDEH         LINE#         810
  C:3CDEH         LINE#         811
  C:3CE2H         LINE#         812
  -------         ENDPROC       MCU_GET_WIFI_WORK_STATE
  -------         PROC          MCU_START_WIFITEST
  C:3CA1H         LINE#         848
  C:3CA1H         LINE#         849
  C:3CA1H         LINE#         850
  -------         ENDPROC       MCU_START_WIFITEST
  -------         ENDMOD        MCU_API

  -------         MODULE        PROTOCOL
  C:0000H         SYMBOL        _ICE_DUMMY_
  D:0080H         PUBLIC        P0
  D:0090H         PUBLIC        P1
  D:00A0H         PUBLIC        P2
  D:00B0H         PUBLIC        P3
  D:00C0H         PUBLIC        P4
  D:00C8H         PUBLIC        P5
  D:00E8H         PUBLIC        P6
  C:38BCH         SYMBOL        _dp_download_maxhum_set_handle
  D:00F8H         PUBLIC        P7
  D:00A8H         PUBLIC        IE
  D:00B8H         PUBLIC        IP
  C:3B1EH         SYMBOL        _dp_download_data_is_handle
  C:3CEBH         PUBLIC        get_download_cmd_total
  C:2640H         PUBLIC        all_data_update
  D:00D8H         PUBLIC        CCON
  C:3CE8H         PUBLIC        _uart_transmit_output
  D:0098H         PUBLIC        SCON
  D:0088H         PUBLIC        TCON
  C:3818H         SYMBOL        _dp_download_temp_sampling_handle
  C:390EH         SYMBOL        _dp_download_bright_value_handle
  C:272FH         PUBLIC        _wifi_test_result
  C:3893H         SYMBOL        _dp_download_minitemp_set_handle
  C:2815H         PUBLIC        _dp_download_handle
  C:38E5H         SYMBOL        _dp_download_minihum_set_handle
  C:386AH         SYMBOL        _dp_download_maxtemp_set_handle
  X:003EH         PUBLIC        download_cmd
  C:3841H         SYMBOL        _dp_download_humidity_sampling_handle
  D:00D0H         PUBLIC        PSW
BL51 BANKED LINKER/LOCATER V6.22                                                      02/27/2021  10:59:51  PAGE 32


  -------         PROC          _UART_TRANSMIT_OUTPUT
  D:0007H         SYMBOL        value
  C:3CE8H         LINE#         109
  C:3CE8H         LINE#         110
  C:3CE8H         LINE#         112
  -------         ENDPROC       _UART_TRANSMIT_OUTPUT
  -------         PROC          ALL_DATA_UPDATE
  C:2640H         LINE#         152
  C:2640H         LINE#         153
  C:2640H         LINE#         156
  C:2657H         LINE#         157
  C:266EH         LINE#         158
  C:2680H         LINE#         159
  C:2692H         LINE#         160
  C:26A9H         LINE#         161
  C:26C0H         LINE#         162
  C:26D7H         LINE#         163
  C:26EEH         LINE#         164
  C:26F8H         LINE#         165
  C:2702H         LINE#         166
  C:2719H         LINE#         167
  -------         ENDPROC       ALL_DATA_UPDATE
  -------         PROC          _DP_DOWNLOAD_TEMP_SAMPLING_HANDLE
  D:0001H         SYMBOL        value
  D:0004H         SYMBOL        length
  -------         DO            
  D:0007H         SYMBOL        ret
  X:011EH         SYMBOL        temp_sampling
  -------         ENDDO         
  C:3818H         LINE#         202
  C:3818H         LINE#         203
  C:3818H         LINE#         208
  C:3820H         LINE#         215
  C:3837H         LINE#         216
  C:383BH         LINE#         217
  C:383EH         LINE#         219
  C:3840H         LINE#         220
  -------         ENDPROC       _DP_DOWNLOAD_TEMP_SAMPLING_HANDLE
  -------         PROC          _DP_DOWNLOAD_HUMIDITY_SAMPLING_HANDLE
  D:0001H         SYMBOL        value
  D:0004H         SYMBOL        length
  -------         DO            
  D:0007H         SYMBOL        ret
  X:011EH         SYMBOL        humidity_sampling
  -------         ENDDO         
  C:3841H         LINE#         229
  C:3841H         LINE#         230
  C:3841H         LINE#         235
  C:3849H         LINE#         242
  C:3860H         LINE#         243
  C:3864H         LINE#         244
  C:3867H         LINE#         246
  C:3869H         LINE#         247
  -------         ENDPROC       _DP_DOWNLOAD_HUMIDITY_SAMPLING_HANDLE
  -------         PROC          _DP_DOWNLOAD_MAXTEMP_SET_HANDLE
  D:0001H         SYMBOL        value
  D:0004H         SYMBOL        length
BL51 BANKED LINKER/LOCATER V6.22                                                      02/27/2021  10:59:51  PAGE 33


  -------         DO            
  D:0007H         SYMBOL        ret
  X:011EH         SYMBOL        maxtemp_set
  -------         ENDDO         
  C:386AH         LINE#         256
  C:386AH         LINE#         257
  C:386AH         LINE#         262
  C:3872H         LINE#         269
  C:3889H         LINE#         270
  C:388DH         LINE#         271
  C:3890H         LINE#         273
  C:3892H         LINE#         274
  -------         ENDPROC       _DP_DOWNLOAD_MAXTEMP_SET_HANDLE
  -------         PROC          _DP_DOWNLOAD_MINITEMP_SET_HANDLE
  D:0001H         SYMBOL        value
  D:0004H         SYMBOL        length
  -------         DO            
  D:0007H         SYMBOL        ret
  X:011EH         SYMBOL        minitemp_set
  -------         ENDDO         
  C:3893H         LINE#         283
  C:3893H         LINE#         284
  C:3893H         LINE#         289
  C:389BH         LINE#         296
  C:38B2H         LINE#         297
  C:38B6H         LINE#         298
  C:38B9H         LINE#         300
  C:38BBH         LINE#         301
  -------         ENDPROC       _DP_DOWNLOAD_MINITEMP_SET_HANDLE
  -------         PROC          _DP_DOWNLOAD_MAXHUM_SET_HANDLE
  D:0001H         SYMBOL        value
  D:0004H         SYMBOL        length
  -------         DO            
  D:0007H         SYMBOL        ret
  X:011EH         SYMBOL        maxhum_set
  -------         ENDDO         
  C:38BCH         LINE#         310
  C:38BCH         LINE#         311
  C:38BCH         LINE#         316
  C:38C4H         LINE#         323
  C:38DBH         LINE#         324
[...]
  C:28FFH         LINE#         335
  C:28FFH         LINE#         336
  C:2902H         LINE#         337
  C:290BH         LINE#         338
  C:2914H         LINE#         339
  C:291DH         LINE#         340
  C:2926H         LINE#         341
  C:292FH         LINE#         342
  C:2938H         LINE#         343
  C:2941H         LINE#         344
  C:294AH         LINE#         345
  C:2953H         LINE#         346
  C:295CH         LINE#         347
  C:2964H         LINE#         349
  C:296DH         LINE#         350
  C:2976H         LINE#         352
  C:297FH         LINE#         353
  C:2988H         LINE#         355
BL51 BANKED LINKER/LOCATER V6.22                                                      02/27/2021  10:59:51  PAGE 48


  C:2991H         LINE#         356
  C:299AH         LINE#         358
  C:29A3H         LINE#         359
  C:29ACH         LINE#         361
  C:29B5H         LINE#         362
  C:29BEH         LINE#         364
  C:29C7H         LINE#         365
  C:29D0H         LINE#         367
  -------         ENDPROC       OLED_INIT
  -------         ENDMOD        OLED

  -------         MODULE        SHT3X
  C:0000H         SYMBOL        _ICE_DUMMY_
  C:3540H         PUBLIC        _I2CWRByte
  D:0080H         PUBLIC        P0
  D:0090H         PUBLIC        P1
  D:00A0H         PUBLIC        P2
  D:00B0H         PUBLIC        P3
  D:00C0H         PUBLIC        P4
  D:00C8H         PUBLIC        P5
  D:00E8H         PUBLIC        P6
  D:00F8H         PUBLIC        P7
  D:00A8H         PUBLIC        IE
  C:000EH         PUBLIC        SHT3XInit
  D:00B8H         PUBLIC        IP
  D:00D8H         PUBLIC        CCON
  C:3B05H         PUBLIC        _SHT3X_WriteCommand
  C:3C3FH         PUBLIC        _I2CDelay
  D:0098H         PUBLIC        SCON
  D:0088H         PUBLIC        TCON
  C:3CCEH         SYMBOL        _?ix1000
  C:3B7BH         PUBLIC        I2CStart
  C:3CE3H         PUBLIC        I2CInit
  B:0090H.5       PUBLIC        SDA
  B:0090H.4       PUBLIC        SCL
  C:20DAH         PUBLIC        _SHT3X_XHGetTempAndHumi
  C:3B92H         PUBLIC        I2CStop
  C:34B7H         PUBLIC        _SHT3X_CalcCrc
  C:3646H         PUBLIC        _I2CRDByte
  D:00D0H         PUBLIC        PSW
  -------         PROC          _SHT3X_CALCCRC
  X:0120H         SYMBOL        crcdata
  X:0123H         SYMBOL        nbrOfBytes
  -------         DO            
  D:0005H         SYMBOL        Bit
  D:0007H         SYMBOL        crc
  D:0006H         SYMBOL        byteCtr
  -------         ENDDO         
  C:34B7H         LINE#         19
  C:34C4H         LINE#         22
  C:34C6H         LINE#         26
  C:34D1H         LINE#         27
  C:34D1H         LINE#         28
  C:34E5H         LINE#         29
  C:34E7H         LINE#         30
  C:34E7H         LINE#         31
  C:34F2H         LINE#         32
BL51 BANKED LINKER/LOCATER V6.22                                                      02/27/2021  10:59:51  PAGE 49


  C:34F6H         LINE#         33
  C:34F8H         LINE#         34
  C:34FBH         LINE#         35
  C:34FBH         LINE#         36
  -------         ENDPROC       _SHT3X_CALCCRC
  -------         PROC          L?0042
  -------         ENDPROC       L?0042
  -------         PROC          _I2CDELAY
  D:0007H         SYMBOL        t
  C:3C3FH         LINE#         72
  C:3C3FH         LINE#         73
  C:3C3FH         LINE#         74
  C:3C45H         LINE#         75
  -------         ENDPROC       _I2CDELAY
  -------         PROC          I2CINIT
  C:3CE3H         LINE#         83
  C:3CE3H         LINE#         84
  C:3CE3H         LINE#         85
  C:3CE5H         LINE#         86
  C:3CE7H         LINE#         87
  -------         ENDPROC       I2CINIT
  -------         PROC          I2CSTART
  C:3B7BH         LINE#         95
  C:3B7BH         LINE#         96
  C:3B7BH         LINE#         97
  C:3B7DH         LINE#         98
  C:3B7FH         LINE#         99
  C:3B84H         LINE#         100
  C:3B86H         LINE#         101
  C:3B8BH         LINE#         102
  C:3B8DH         LINE#         103
  -------         ENDPROC       I2CSTART
  -------         PROC          I2CSTOP
  C:3B92H         LINE#         112
  C:3B92H         LINE#         113
  C:3B92H         LINE#         114
  C:3B94H         LINE#         115
  C:3B96H         LINE#         116
  C:3B9BH         LINE#         117
  C:3B9DH         LINE#         118
  C:3BA2H         LINE#         119
  C:3BA4H         LINE#         120
  -------         ENDPROC       I2CSTOP
  -------         PROC          _I2CWRBYTE
  D:0005H         SYMBOL        WRByte
  -------         DO            
  D:0004H         SYMBOL        i
  -------         ENDDO         
  C:3540H         LINE#         129
  C:3542H         LINE#         130
  C:3542H         LINE#         132
  C:3544H         LINE#         133
  C:3546H         LINE#         134
  C:3546H         LINE#         135
  C:354AH         LINE#         136
  C:354AH         LINE#         137
  C:354CH         LINE#         138
BL51 BANKED LINKER/LOCATER V6.22                                                      02/27/2021  10:59:51  PAGE 50


  C:354EH         LINE#         140
  C:354EH         LINE#         141
  C:3550H         LINE#         142
  C:3550H         LINE#         143
  C:3550H         LINE#         144
  C:3550H         LINE#         145
  C:3553H         LINE#         146
  C:3555H         LINE#         147
  C:355AH         LINE#         148
  C:355EH         LINE#         149
  C:3563H         LINE#         150
  C:3565H         LINE#         151
  C:3567H         LINE#         152
  C:356CH         LINE#         153
  C:356FH         LINE#         154
  C:356FH         LINE#         155
  C:3571H         LINE#         156
  C:3576H         LINE#         157
  C:3579H         LINE#         158
  C:3579H         LINE#         160
  C:3579H         LINE#         161
  C:357BH         LINE#         162
  C:3580H         LINE#         163
  C:3582H         LINE#         164
  C:3582H         LINE#         165
  -------         ENDPROC       _I2CWRBYTE
  -------         PROC          _I2CRDBYTE
  D:0005H         SYMBOL        AckValue
  -------         DO            
  D:0004H         SYMBOL        i
  D:0003H         SYMBOL        RDByte
  -------         ENDDO         
  C:3646H         LINE#         173
  C:3648H         LINE#         174
  C:3648H         LINE#         175
  C:364AH         LINE#         176
  C:364CH         LINE#         177
  C:364EH         LINE#         178
  C:364FH         LINE#         179
  C:364FH         LINE#         180
  C:3653H         LINE#         181
  C:3655H         LINE#         182
  C:365AH         LINE#         183
  C:365EH         LINE#         184
  C:365EH         LINE#         185
  C:3661H         LINE#         186
  C:3663H         LINE#         188
  C:3663H         LINE#         189
  C:3666H         LINE#         190
  C:3666H         LINE#         191
  C:3668H         LINE#         192
  C:366DH         LINE#         193
  C:3672H         LINE#         194
  C:3677H         LINE#         195
  C:3677H         LINE#         196
  C:3677H         LINE#         197
  C:367AH         LINE#         198
BL51 BANKED LINKER/LOCATER V6.22                                                      02/27/2021  10:59:51  PAGE 51


  C:367CH         LINE#         199
  C:367EH         LINE#         200
  C:3683H         LINE#         201
  C:3685H         LINE#         202
  -------         ENDPROC       _I2CRDBYTE
  -------         PROC          _SHT3X_WRITECOMMAND
  X:0120H         SYMBOL        cmd
  -------         DO            
  D:0003H         SYMBOL        error
  -------         ENDDO         
  C:3B05H         LINE#         203
  C:3B0CH         LINE#         207
  C:3B14H         LINE#         209
  C:3B1CH         LINE#         211
  C:3B1DH         LINE#         212
  -------         ENDPROC       _SHT3X_WRITECOMMAND
  -------         PROC          SHT3XINIT
  C:000EH         LINE#         220
  C:000EH         LINE#         221
  C:000EH         LINE#         223
  C:0011H         LINE#         230
  C:0014H         LINE#         231
  C:0019H         LINE#         232
  C:0020H         LINE#         233
  -------         ENDPROC       SHT3XINIT
  -------         PROC          _SHT3X_XHGETTEMPANDHUMI
  X:010BH         SYMBOL        temp
  X:010EH         SYMBOL        humi
  -------         DO            
  X:0111H         SYMBOL        error
  X:0112H         SYMBOL        rawValueTemp
  X:0116H         SYMBOL        rawValueHumi
  X:011AH         SYMBOL        Rdata
  D:0002H         SYMBOL        i
  -------         ENDDO         
  C:20DAH         LINE#         242
  C:20E4H         LINE#         243
  C:20E4H         LINE#         248
  C:20F7H         LINE#         250
  C:20FAH         LINE#         251
  C:2103H         LINE#         253
  C:2105H         LINE#         254
  C:2105H         LINE#         257
  C:210FH         LINE#         258
  C:210FH         LINE#         260
  C:2114H         LINE#         261
  C:2114H         LINE#         262
  C:2117H         LINE#         263
  C:211EH         LINE#         265
  C:211EH         LINE#         267
  C:2123H         LINE#         268
  C:2123H         LINE#         269
  C:2124H         LINE#         270
  C:2124H         LINE#         271
  C:212FH         LINE#         272
  C:2134H         LINE#         273
  C:213FH         LINE#         274
BL51 BANKED LINKER/LOCATER V6.22                                                      02/27/2021  10:59:51  PAGE 52


  C:2142H         LINE#         275
  C:2158H         LINE#         276
  C:216EH         LINE#         277
  C:216EH         LINE#         279
  C:2176H         LINE#         280
  C:2176H         LINE#         281
  C:2187H         LINE#         282
  C:2198H         LINE#         283
  C:21D1H         LINE#         284
  C:2203H         LINE#         285
  C:2203H         LINE#         286
  C:2207H         LINE#         287
  -------         ENDPROC       _SHT3X_XHGETTEMPANDHUMI
  -------         ENDMOD        SHT3X

  -------         MODULE        ?C?COPY
  C:112EH         PUBLIC        ?C?COPY
  -------         ENDMOD        ?C?COPY

  -------         MODULE        ?C?CLDPTR
  C:1154H         PUBLIC        ?C?CLDPTR
  -------         ENDMOD        ?C?CLDPTR

  -------         MODULE        ?C?CLDOPTR
  C:116DH         PUBLIC        ?C?CLDOPTR
  -------         ENDMOD        ?C?CLDOPTR

  -------         MODULE        ?C?CSTPTR
  C:119AH         PUBLIC        ?C?CSTPTR
  -------         ENDMOD        ?C?CSTPTR

  -------         MODULE        ?C?CSTOPTR
  C:11ACH         PUBLIC        ?C?CSTOPTR
  -------         ENDMOD        ?C?CSTOPTR

  -------         MODULE        ?C?IMUL
  C:11CEH         PUBLIC        ?C?IMUL
  -------         ENDMOD        ?C?IMUL

  -------         MODULE        ?C?UIDIV
  C:11E0H         PUBLIC        ?C?UIDIV
  -------         ENDMOD        ?C?UIDIV

  -------         MODULE        ?C?SIDIV
  C:1235H         PUBLIC        ?C?SIDIV
  -------         ENDMOD        ?C?SIDIV

  -------         MODULE        ?C?ISTPTR
  C:126BH         PUBLIC        ?C?ISTPTR
  -------         ENDMOD        ?C?ISTPTR

  -------         MODULE        ?C?LMUL
  C:128AH         PUBLIC        ?C?LMUL
  -------         ENDMOD        ?C?LMUL

  -------         MODULE        ?C?ULDIV
  C:1315H         PUBLIC        ?C?ULDIV
BL51 BANKED LINKER/LOCATER V6.22                                                      02/27/2021  10:59:51  PAGE 53


  -------         ENDMOD        ?C?ULDIV

  -------         MODULE        ?C?SLCMP
  C:13A7H         PUBLIC        ?C?SLCMP
  -------         ENDMOD        ?C?SLCMP

  -------         MODULE        ?C?ULCMP
  C:13BDH         PUBLIC        ?C?ULCMP
  -------         ENDMOD        ?C?ULCMP

  -------         MODULE        ?C?ULSHR
  C:13CEH         PUBLIC        ?C?ULSHR
  -------         ENDMOD        ?C?ULSHR

  -------         MODULE        ?C?LSHL
  C:13E1H         PUBLIC        ?C?LSHL
  -------         ENDMOD        ?C?LSHL

  -------         MODULE        ?C?LSTPDATA
  C:13F4H         PUBLIC        ?C?LSTPDATA
  -------         ENDMOD        ?C?LSTPDATA

  -------         MODULE        ?C?LSTKPDATA
  C:1400H         PUBLIC        ?C?LSTKPDATA
  -------         ENDMOD        ?C?LSTKPDATA

  -------         MODULE        ?C?CCASE
  C:1419H         PUBLIC        ?C?CCASE
  -------         ENDMOD        ?C?CCASE

*** WARNING L16: UNCALLED SEGMENT, IGNORED FOR OVERLAY PROCESS
    SEGMENT: ?PR?_PRINTSTRING1?UART

*** WARNING L16: UNCALLED SEGMENT, IGNORED FOR OVERLAY PROCESS
    SEGMENT: ?PR?_PRINTD1?UART

*** WARNING L16: UNCALLED SEGMENT, IGNORED FOR OVERLAY PROCESS
    SEGMENT: ?PR?_PRINTN1?UART

*** WARNING L16: UNCALLED SEGMENT, IGNORED FOR OVERLAY PROCESS
    SEGMENT: ?PR?_UART1_CONFIG?UART

*** WARNING L16: UNCALLED SEGMENT, IGNORED FOR OVERLAY PROCESS
    SEGMENT: ?PR?TIMER1_INIT?TIMER

*** WARNING L16: UNCALLED SEGMENT, IGNORED FOR OVERLAY PROCESS
    SEGMENT: ?PR?_HEX_TO_BCD?MCU_API

*** WARNING L16: UNCALLED SEGMENT, IGNORED FOR OVERLAY PROCESS
    SEGMENT: ?PR?_MY_MEMSET?MCU_API

*** WARNING L16: UNCALLED SEGMENT, IGNORED FOR OVERLAY PROCESS
    SEGMENT: ?PR?_MY_STRCPY?MCU_API

*** WARNING L16: UNCALLED SEGMENT, IGNORED FOR OVERLAY PROCESS
    SEGMENT: ?PR?_MY_STRCMP?MCU_API

BL51 BANKED LINKER/LOCATER V6.22                                                      02/27/2021  10:59:51  PAGE 54


*** WARNING L16: UNCALLED SEGMENT, IGNORED FOR OVERLAY PROCESS
    SEGMENT: ?PR?_INT_TO_BYTE?MCU_API

*** WARNING L16: UNCALLED SEGMENT, IGNORED FOR OVERLAY PROCESS
    SEGMENT: ?PR?_MCU_DP_RAW_UPDATE?MCU_API

*** WARNING L16: UNCALLED SEGMENT, IGNORED FOR OVERLAY PROCESS
    SEGMENT: ?PR?_MCU_DP_BOOL_UPDATE?MCU_API

*** WARNING L16: UNCALLED SEGMENT, IGNORED FOR OVERLAY PROCESS
    SEGMENT: ?PR?_MCU_DP_FAULT_UPDATE?MCU_API

*** WARNING L16: UNCALLED SEGMENT, IGNORED FOR OVERLAY PROCESS
    SEGMENT: ?PR?_MCU_GET_DP_DOWNLOAD_BOOL?MCU_API

*** WARNING L16: UNCALLED SEGMENT, IGNORED FOR OVERLAY PROCESS
    SEGMENT: ?PR?_MCU_GET_DP_DOWNLOAD_ENUM?MCU_API

*** WARNING L16: UNCALLED SEGMENT, IGNORED FOR OVERLAY PROCESS
    SEGMENT: ?PR?_UART_RECEIVE_BUFF_INPUT?MCU_API

*** WARNING L16: UNCALLED SEGMENT, IGNORED FOR OVERLAY PROCESS
    SEGMENT: ?PR?MCU_GET_RESET_WIFI_FLAG?MCU_API

*** WARNING L16: UNCALLED SEGMENT, IGNORED FOR OVERLAY PROCESS
    SEGMENT: ?PR?MCU_GET_WIFIMODE_FLAG?MCU_API

*** WARNING L16: UNCALLED SEGMENT, IGNORED FOR OVERLAY PROCESS
    SEGMENT: ?PR?MCU_START_WIFITEST?MCU_API

*** WARNING L16: UNCALLED SEGMENT, IGNORED FOR OVERLAY PROCESS
    SEGMENT: ?PR?_FILL_PICTURE?OLED

*** WARNING L16: UNCALLED SEGMENT, IGNORED FOR OVERLAY PROCESS
    SEGMENT: ?PR?_DELAY_50MS?OLED

*** WARNING L16: UNCALLED SEGMENT, IGNORED FOR OVERLAY PROCESS
    SEGMENT: ?PR?_DELAY_1MS?OLED

*** WARNING L16: UNCALLED SEGMENT, IGNORED FOR OVERLAY PROCESS
    SEGMENT: ?PR?OLED_DISPLAY_ON?OLED

*** WARNING L16: UNCALLED SEGMENT, IGNORED FOR OVERLAY PROCESS
    SEGMENT: ?PR?OLED_DISPLAY_OFF?OLED

*** WARNING L16: UNCALLED SEGMENT, IGNORED FOR OVERLAY PROCESS
    SEGMENT: ?PR?OLED_ON?OLED

*** WARNING L16: UNCALLED SEGMENT, IGNORED FOR OVERLAY PROCESS
    SEGMENT: ?PR?_OLED_DRAWBMP?OLED

*** WARNING L18: SEGMENT DOES NOT FIT IN PDATA PAGE
    SPACE:   XDATA   
    SEGMENT: _PDATA_GROUP_
    LENGTH:  003BH

*** WARNING L1: UNRESOLVED EXTERNAL SYMBOL
BL51 BANKED LINKER/LOCATER V6.22                                                      02/27/2021  10:59:51  PAGE 55


    SYMBOL:  TEMPER
    MODULE:  .\Objects\protocol.obj (PROTOCOL)

*** WARNING L1: UNRESOLVED EXTERNAL SYMBOL
    SYMBOL:  MOST_HUMIDITY
    MODULE:  .\Objects\protocol.obj (PROTOCOL)

*** WARNING L1: UNRESOLVED EXTERNAL SYMBOL
    SYMBOL:  DATA
    MODULE:  .\Objects\protocol.obj (PROTOCOL)

*** WARNING L1: UNRESOLVED EXTERNAL SYMBOL
    SYMBOL:  DATA_LONG
    MODULE:  .\Objects\protocol.obj (PROTOCOL)

*** WARNING L1: UNRESOLVED EXTERNAL SYMBOL
    SYMBOL:  JB_T
    MODULE:  .\Objects\protocol.obj (PROTOCOL)

*** WARNING L1: UNRESOLVED EXTERNAL SYMBOL
    SYMBOL:  LEAST_T
    MODULE:  .\Objects\protocol.obj (PROTOCOL)

*** WARNING L1: UNRESOLVED EXTERNAL SYMBOL
    SYMBOL:  CY_H_TIME
    MODULE:  .\Objects\protocol.obj (PROTOCOL)

*** WARNING L1: UNRESOLVED EXTERNAL SYMBOL
    SYMBOL:  SUN
    MODULE:  .\Objects\protocol.obj (PROTOCOL)

*** WARNING L1: UNRESOLVED EXTERNAL SYMBOL
    SYMBOL:  JB_HUMIDITY
    MODULE:  .\Objects\protocol.obj (PROTOCOL)

*** WARNING L1: UNRESOLVED EXTERNAL SYMBOL
    SYMBOL:  CY_T_TIME
    MODULE:  .\Objects\protocol.obj (PROTOCOL)

*** WARNING L1: UNRESOLVED EXTERNAL SYMBOL
    SYMBOL:  LEAST_HUMIDITY
    MODULE:  .\Objects\protocol.obj (PROTOCOL)

*** WARNING L1: UNRESOLVED EXTERNAL SYMBOL
    SYMBOL:  HUMIDITY
    MODULE:  .\Objects\protocol.obj (PROTOCOL)

*** WARNING L1: UNRESOLVED EXTERNAL SYMBOL
    SYMBOL:  MOST_T
    MODULE:  .\Objects\protocol.obj (PROTOCOL)

*** WARNING L2: REFERENCE MADE TO UNRESOLVED EXTERNAL
    SYMBOL:  TEMPER
    MODULE:  .\Objects\protocol.obj (PROTOCOL)
    ADDRESS: 2641H

*** WARNING L2: REFERENCE MADE TO UNRESOLVED EXTERNAL
BL51 BANKED LINKER/LOCATER V6.22                                                      02/27/2021  10:59:51  PAGE 56


    SYMBOL:  HUMIDITY
    MODULE:  .\Objects\protocol.obj (PROTOCOL)
    ADDRESS: 2658H

*** WARNING L2: REFERENCE MADE TO UNRESOLVED EXTERNAL
    SYMBOL:  CY_T_TIME
    MODULE:  .\Objects\protocol.obj (PROTOCOL)
    ADDRESS: 266FH

*** WARNING L2: REFERENCE MADE TO UNRESOLVED EXTERNAL
    SYMBOL:  CY_H_TIME
    MODULE:  .\Objects\protocol.obj (PROTOCOL)
    ADDRESS: 2681H

*** WARNING L2: REFERENCE MADE TO UNRESOLVED EXTERNAL
    SYMBOL:  MOST_T
    MODULE:  .\Objects\protocol.obj (PROTOCOL)
    ADDRESS: 2693H

*** WARNING L2: REFERENCE MADE TO UNRESOLVED EXTERNAL
    SYMBOL:  LEAST_T
    MODULE:  .\Objects\protocol.obj (PROTOCOL)
    ADDRESS: 26AAH

*** WARNING L2: REFERENCE MADE TO UNRESOLVED EXTERNAL
    SYMBOL:  MOST_HUMIDITY
    MODULE:  .\Objects\protocol.obj (PROTOCOL)
    ADDRESS: 26C1H

*** WARNING L2: REFERENCE MADE TO UNRESOLVED EXTERNAL
    SYMBOL:  LEAST_HUMIDITY
    MODULE:  .\Objects\protocol.obj (PROTOCOL)
    ADDRESS: 26D8H

*** WARNING L2: REFERENCE MADE TO UNRESOLVED EXTERNAL
    SYMBOL:  JB_T
    MODULE:  .\Objects\protocol.obj (PROTOCOL)
    ADDRESS: 26EFH

*** WARNING L2: REFERENCE MADE TO UNRESOLVED EXTERNAL
    SYMBOL:  JB_HUMIDITY
    MODULE:  .\Objects\protocol.obj (PROTOCOL)
    ADDRESS: 26F9H

*** WARNING L2: REFERENCE MADE TO UNRESOLVED EXTERNAL
    SYMBOL:  SUN
    MODULE:  .\Objects\protocol.obj (PROTOCOL)
    ADDRESS: 2703H

*** WARNING L2: REFERENCE MADE TO UNRESOLVED EXTERNAL
    SYMBOL:  DATA
    MODULE:  .\Objects\protocol.obj (PROTOCOL)
    ADDRESS: 271CH

*** WARNING L2: REFERENCE MADE TO UNRESOLVED EXTERNAL
    SYMBOL:  DATA
    MODULE:  .\Objects\protocol.obj (PROTOCOL)
BL51 BANKED LINKER/LOCATER V6.22                                                      02/27/2021  10:59:51  PAGE 57


    ADDRESS: 271EH

*** WARNING L2: REFERENCE MADE TO UNRESOLVED EXTERNAL
    SYMBOL:  DATA_LONG
    MODULE:  .\Objects\protocol.obj (PROTOCOL)
    ADDRESS: 2720H

Program Size: data=73.2 xdata=279 code=15598
LINK/LOCATE RUN COMPLETE.  54 WARNING(S),  0 ERROR(S)
